<html>
<body>
<pre>
<h1>µVision Build Log</h1>
<h2>Project:</h2>
C:\Users\iONiZE\Interface\Project\assignment\RVMDK\Project.uvproj
Project File Date:  02/28/2014

<h2>Output:</h2>
Build target 'CE51-Com-Interface-Assignment'
compiling main.c...
..\main.c(99): warning:  #177-D: variable "i" was declared but never referenced
        int i =0;
..\main.c(472): warning:  #68-D: integer conversion resulted in a change of sign
        NVIC_InitStructure.NVIC_IRQChannel = SysTick_IRQn; // systick
..\main.c: 2 warnings, 0 errors
linking...
Program Size: Code=6528 RO-data=5076 RW-data=116 ZI-data=4100  
FromELF: creating hex file...
".\Obj\CE51-Com-Interface-Assignment.axf" - 0 Error(s), 2 Warning(s).
ng(s).
ing hex file...
".\Obj\CE51-Com-Interface-Assignment.axf" - 0 Error(s), 3 Warning(s).
n resulted in a change of sign
        NVIC_InitStructure.NVIC_IRQChannel = SysTick_IRQn; // systick
..\main.c: 3 warnings, 2 errors
".\Obj\CE51-Com-Interface-Assignment.axf" - 2 Error(s), 3 Warning(s).
Target not created
ay not appear after executable statement in block
        unsigned int ss = 0;
..\main.c: 2 warnings, 5 errors
".\Obj\CE51-Com-Interface-Assignment.axf" - 5 Error(s), 2 Warning(s).
Target not created
