<html>
<body>
<pre>
<h1>µVision Build Log</h1>
<h2>Project:</h2>
C:\Users\iONiZE\Interface\Project\assignment\RVMDK\Project.uvproj
Project File Date:  02/28/2014

<h2>Output:</h2>
Build target 'CE51-Com-Interface-Assignment'
compiling main.c...
linking...
Program Size: Code=5340 RO-data=5076 RW-data=96 ZI-data=4096  
FromELF: creating hex file...
".\Obj\CE51-Com-Interface-Assignment.axf" - 0 Error(s), 0 Warning(s).
ta=96 ZI-data=4096  
FromELF: creating hex file...
".\Obj\CE51-Com-Interface-Assignment.axf" - 0 Error(s), 1 Warning(s).
t
        uint16_t test;
..\main.c: 3 warnings, 0 errors
linking...
Program Size: Code=5336 RO-data=5076 RW-data=96 ZI-data=4096  
FromELF: creating hex file...
".\Obj\CE51-Com-Interface-Assignment.axf" - 0 Error(s), 3 Warning(s).
ing set
        uint16_t test;
..\main.c: 5 warnings, 0 errors
linking...
Program Size: Code=5328 RO-data=5076 RW-data=96 ZI-data=4096  
FromELF: creating hex file...
".\Obj\CE51-Com-Interface-Assignment.axf" - 0 Error(s), 5 Warning(s).
