<html>
<body>
<pre>
<h1>µVision Build Log</h1>
<h2>Project:</h2>
C:\Users\iONiZE\Interface\Project\assignment\RVMDK\Project.uvproj
Project File Date:  02/28/2014

<h2>Output:</h2>
Build target 'CE51-Com-Interface-Assignment'
compiling main.c...
linking...
Program Size: Code=6836 RO-data=5220 RW-data=148 ZI-data=4220  
FromELF: creating hex file...
".\Obj\CE51-Com-Interface-Assignment.axf" - 0 Error(s), 0 Warning(s).
=4220  
FromELF: creating hex file...
".\Obj\CE51-Com-Interface-Assignment.axf" - 0 Error(s), 1 Warning(s).
8E: Undefined symbol TIM_ITConfig (referred from main.o).
.\Obj\CE51-Com-Interface-Assignment.axf: Error: L6218E: Undefined symbol TIM_TimeBaseInit (referred from main.o).
Not enough information to list image symbols.
Finished: 1 information, 0 warning and 4 error messages.
".\Obj\CE51-Com-Interface-Assignment.axf" - 4 Error(s), 0 Warning(s).
Target not created
