ARM Linker, 5.03 [Build 76] [MDK-ARM Lite]

==============================================================================

Section Cross References

    main.o(i.ADC_setup) refers to stm32f10x_rcc.o(i.RCC_APB2PeriphClockCmd) for RCC_APB2PeriphClockCmd
    main.o(i.ADC_setup) refers to stm32f10x_gpio.o(i.GPIO_Init) for GPIO_Init
    main.o(i.ADC_setup) refers to stm32f10x_adc.o(i.ADC_Init) for ADC_Init
    main.o(i.ADC_setup) refers to stm32f10x_adc.o(i.ADC_RegularChannelConfig) for ADC_RegularChannelConfig
    main.o(i.ADC_setup) refers to stm32f10x_adc.o(i.ADC_Cmd) for ADC_Cmd
    main.o(i.ADC_setup) refers to stm32f10x_adc.o(i.ADC_ResetCalibration) for ADC_ResetCalibration
    main.o(i.ADC_setup) refers to stm32f10x_adc.o(i.ADC_GetResetCalibrationStatus) for ADC_GetResetCalibrationStatus
    main.o(i.ADC_setup) refers to stm32f10x_adc.o(i.ADC_StartCalibration) for ADC_StartCalibration
    main.o(i.ADC_setup) refers to stm32f10x_adc.o(i.ADC_SoftwareStartConvCmd) for ADC_SoftwareStartConvCmd
    main.o(i.EXTI0_IRQHandler) refers to stm32f10x_exti.o(i.EXTI_GetITStatus) for EXTI_GetITStatus
    main.o(i.EXTI0_IRQHandler) refers to stm32f10x_gpio.o(i.GPIO_ReadOutputDataBit) for GPIO_ReadOutputDataBit
    main.o(i.EXTI0_IRQHandler) refers to stm32f10x_gpio.o(i.GPIO_WriteBit) for GPIO_WriteBit
    main.o(i.EXTI0_IRQHandler) refers to main.o(i.temp_average) for temp_average
    main.o(i.EXTI0_IRQHandler) refers to stm32f10x_exti.o(i.EXTI_ClearITPendingBit) for EXTI_ClearITPendingBit
    main.o(i.EXTI15_10_IRQHandler) refers to stm32f10x_exti.o(i.EXTI_GetITStatus) for EXTI_GetITStatus
    main.o(i.EXTI15_10_IRQHandler) refers to stm32f10x_gpio.o(i.GPIO_ReadOutputDataBit) for GPIO_ReadOutputDataBit
    main.o(i.EXTI15_10_IRQHandler) refers to stm32f10x_gpio.o(i.GPIO_WriteBit) for GPIO_WriteBit
    main.o(i.EXTI15_10_IRQHandler) refers to main.o(i.putChar) for putChar
    main.o(i.EXTI15_10_IRQHandler) refers to main.o(i.delay) for delay
    main.o(i.EXTI15_10_IRQHandler) refers to stm32f10x_exti.o(i.EXTI_ClearITPendingBit) for EXTI_ClearITPendingBit
    main.o(i.EXTI_setup) refers to stm32f10x_rcc.o(i.RCC_APB2PeriphClockCmd) for RCC_APB2PeriphClockCmd
    main.o(i.EXTI_setup) refers to stm32f10x_gpio.o(i.GPIO_EXTILineConfig) for GPIO_EXTILineConfig
    main.o(i.EXTI_setup) refers to stm32f10x_exti.o(i.EXTI_Init) for EXTI_Init
    main.o(i.GPIO_setup) refers to stm32f10x_rcc.o(i.RCC_APB2PeriphClockCmd) for RCC_APB2PeriphClockCmd
    main.o(i.GPIO_setup) refers to stm32f10x_gpio.o(i.GPIO_Init) for GPIO_Init
    main.o(i.NVIC_setup) refers to misc.o(i.NVIC_SetVectorTable) for NVIC_SetVectorTable
    main.o(i.NVIC_setup) refers to misc.o(i.NVIC_PriorityGroupConfig) for NVIC_PriorityGroupConfig
    main.o(i.NVIC_setup) refers to misc.o(i.NVIC_Init) for NVIC_Init
    main.o(i.RCC_setup) refers to stm32f10x_rcc.o(i.RCC_DeInit) for RCC_DeInit
    main.o(i.RCC_setup) refers to stm32f10x_rcc.o(i.RCC_HSEConfig) for RCC_HSEConfig
    main.o(i.RCC_setup) refers to stm32f10x_rcc.o(i.RCC_WaitForHSEStartUp) for RCC_WaitForHSEStartUp
    main.o(i.RCC_setup) refers to stm32f10x_flash.o(i.FLASH_PrefetchBufferCmd) for FLASH_PrefetchBufferCmd
    main.o(i.RCC_setup) refers to stm32f10x_flash.o(i.FLASH_SetLatency) for FLASH_SetLatency
    main.o(i.RCC_setup) refers to stm32f10x_rcc.o(i.RCC_HCLKConfig) for RCC_HCLKConfig
    main.o(i.RCC_setup) refers to stm32f10x_rcc.o(i.RCC_PCLK2Config) for RCC_PCLK2Config
    main.o(i.RCC_setup) refers to stm32f10x_rcc.o(i.RCC_PCLK1Config) for RCC_PCLK1Config
    main.o(i.RCC_setup) refers to stm32f10x_rcc.o(i.RCC_ADCCLKConfig) for RCC_ADCCLKConfig
    main.o(i.RCC_setup) refers to stm32f10x_rcc.o(i.RCC_PREDIV2Config) for RCC_PREDIV2Config
    main.o(i.RCC_setup) refers to stm32f10x_rcc.o(i.RCC_PLL2Config) for RCC_PLL2Config
    main.o(i.RCC_setup) refers to stm32f10x_rcc.o(i.RCC_PLL2Cmd) for RCC_PLL2Cmd
    main.o(i.RCC_setup) refers to stm32f10x_rcc.o(i.RCC_GetFlagStatus) for RCC_GetFlagStatus
    main.o(i.RCC_setup) refers to stm32f10x_rcc.o(i.RCC_PREDIV1Config) for RCC_PREDIV1Config
    main.o(i.RCC_setup) refers to stm32f10x_rcc.o(i.RCC_PLLConfig) for RCC_PLLConfig
    main.o(i.RCC_setup) refers to stm32f10x_rcc.o(i.RCC_PLLCmd) for RCC_PLLCmd
    main.o(i.RCC_setup) refers to stm32f10x_rcc.o(i.RCC_SYSCLKConfig) for RCC_SYSCLKConfig
    main.o(i.RCC_setup) refers to stm32f10x_rcc.o(i.RCC_GetSYSCLKSource) for RCC_GetSYSCLKSource
    main.o(i.SysTick_Handler) refers to main.o(.data) for .data
    main.o(i.Systick_setup) refers to misc.o(i.SysTick_CLKSourceConfig) for SysTick_CLKSourceConfig
    main.o(i.TIM1_UP_IRQHandler) refers to stm32f10x_tim.o(i.TIM_ClearITPendingBit) for TIM_ClearITPendingBit
    main.o(i.TIM1_UP_IRQHandler) refers to main.o(.data) for .data
    main.o(i.TIM1_setup) refers to stm32f10x_rcc.o(i.RCC_APB2PeriphClockCmd) for RCC_APB2PeriphClockCmd
    main.o(i.TIM1_setup) refers to stm32f10x_tim.o(i.TIM_TimeBaseInit) for TIM_TimeBaseInit
[...]
    startup_stm32f10x_cl.o(RESET) refers to main.o(i.EXTI0_IRQHandler) for EXTI0_IRQHandler
    startup_stm32f10x_cl.o(RESET) refers to main.o(i.TIM1_UP_IRQHandler) for TIM1_UP_IRQHandler
    startup_stm32f10x_cl.o(RESET) refers to main.o(i.EXTI15_10_IRQHandler) for EXTI15_10_IRQHandler
    startup_stm32f10x_cl.o(RESET) refers to stm32f10x_it.o(i.ETH_IRQHandler) for ETH_IRQHandler
    startup_stm32f10x_cl.o(RESET) refers to stm32f10x_it.o(i.ETH_WKUP_IRQHandler) for ETH_WKUP_IRQHandler
    startup_stm32f10x_cl.o(RESET) refers to stm32f10x_it.o(i.OTG_FS_IRQHandler) for OTG_FS_IRQHandler
    startup_stm32f10x_cl.o(.text) refers to entry.o(.ARM.Collect$$$$00000000) for __main
    entry.o(.ARM.Collect$$$$00000000) refers (Special) to entry10a.o(.ARM.Collect$$$$0000000D) for __rt_final_cpp
    entry.o(.ARM.Collect$$$$00000000) refers (Special) to entry11a.o(.ARM.Collect$$$$0000000F) for __rt_final_exit
    entry.o(.ARM.Collect$$$$00000000) refers (Special) to entry7b.o(.ARM.Collect$$$$00000008) for _main_clock
    entry.o(.ARM.Collect$$$$00000000) refers (Special) to entry8b.o(.ARM.Collect$$$$0000000A) for _main_cpp_init
    entry.o(.ARM.Collect$$$$00000000) refers (Special) to entry9a.o(.ARM.Collect$$$$0000000B) for _main_init
    entry.o(.ARM.Collect$$$$00000000) refers (Special) to entry5.o(.ARM.Collect$$$$00000004) for _main_scatterload
    entry.o(.ARM.Collect$$$$00000000) refers (Special) to entry2.o(.ARM.Collect$$$$00000001) for _main_stk
    entry2.o(.ARM.Collect$$$$00000001) refers to entry2.o(.ARM.Collect$$$$00002712) for __lit__00000000
    entry2.o(.ARM.Collect$$$$00002712) refers to startup_stm32f10x_cl.o(STACK) for __initial_sp
    entry2.o(__vectab_stack_and_reset_area) refers to startup_stm32f10x_cl.o(STACK) for __initial_sp
    entry2.o(__vectab_stack_and_reset_area) refers to entry.o(.ARM.Collect$$$$00000000) for __main
    entry5.o(.ARM.Collect$$$$00000004) refers to init.o(.text) for __scatterload
    entry9a.o(.ARM.Collect$$$$0000000B) refers to main.o(i.main) for main
    entry9b.o(.ARM.Collect$$$$0000000C) refers to main.o(i.main) for main
    init.o(.text) refers to entry5.o(.ARM.Collect$$$$00000004) for __main_after_scatterload


==============================================================================

Removing Unused input sections from the image.

    Removing main.o(i.TimingDelay_Decrement), (20 bytes).
    Removing main.o(i.alert_fn), (2 bytes).
    Removing main.o(i.delay_ms), (20 bytes).
    Removing main.o(i.displayNumberUSART2), (102 bytes).
    Removing main.o(i.getChar), (56 bytes).
    Removing main.o(i.putsUART1), (38 bytes).
    Removing main.o(i.putsUART2), (38 bytes).
    Removing stm32f10x_rcc.o(i.RCC_AHBPeriphClockCmd), (24 bytes).
    Removing stm32f10x_rcc.o(i.RCC_AHBPeriphResetCmd), (24 bytes).
    Removing stm32f10x_rcc.o(i.RCC_AdjustHSICalibrationValue), (20 bytes).
    Removing stm32f10x_rcc.o(i.RCC_BackupResetCmd), (12 bytes).
    Removing stm32f10x_rcc.o(i.RCC_ClearFlag), (16 bytes).
    Removing stm32f10x_rcc.o(i.RCC_ClearITPendingBit), (12 bytes).
    Removing stm32f10x_rcc.o(i.RCC_ClockSecuritySystemCmd), (12 bytes).
    Removing stm32f10x_rcc.o(i.RCC_GetITStatus), (20 bytes).
    Removing stm32f10x_rcc.o(i.RCC_HSICmd), (12 bytes).
    Removing stm32f10x_rcc.o(i.RCC_I2S2CLKConfig), (12 bytes).
    Removing stm32f10x_rcc.o(i.RCC_I2S3CLKConfig), (12 bytes).
    Removing stm32f10x_rcc.o(i.RCC_ITConfig), (24 bytes).
    Removing stm32f10x_rcc.o(i.RCC_LSEConfig), (32 bytes).
    Removing stm32f10x_rcc.o(i.RCC_LSICmd), (12 bytes).
    Removing stm32f10x_rcc.o(i.RCC_MCOConfig), (12 bytes).
    Removing stm32f10x_rcc.o(i.RCC_OTGFSCLKConfig), (12 bytes).
    Removing stm32f10x_rcc.o(i.RCC_PLL3Cmd), (12 bytes).
    Removing stm32f10x_rcc.o(i.RCC_PLL3Config), (20 bytes).
    Removing stm32f10x_rcc.o(i.RCC_RTCCLKCmd), (12 bytes).
    Removing stm32f10x_rcc.o(i.RCC_RTCCLKConfig), (16 bytes).
    Removing stm32f10x_gpio.o(i.GPIO_AFIODeInit), (22 bytes).
    Removing stm32f10x_gpio.o(i.GPIO_DeInit), (180 bytes).
    Removing stm32f10x_gpio.o(i.GPIO_ETH_MediaInterfaceConfig), (12 bytes).
    Removing stm32f10x_gpio.o(i.GPIO_EventOutputCmd), (12 bytes).
    Removing stm32f10x_gpio.o(i.GPIO_EventOutputConfig), (28 bytes).
    Removing stm32f10x_gpio.o(i.GPIO_PinLockConfig), (16 bytes).
    Removing stm32f10x_gpio.o(i.GPIO_ReadInputData), (6 bytes).
    Removing stm32f10x_gpio.o(i.GPIO_ReadInputDataBit), (14 bytes).
    Removing stm32f10x_gpio.o(i.GPIO_ReadOutputData), (6 bytes).
    Removing stm32f10x_gpio.o(i.GPIO_ResetBits), (4 bytes).
    Removing stm32f10x_gpio.o(i.GPIO_SetBits), (4 bytes).
    Removing stm32f10x_gpio.o(i.GPIO_StructInit), (16 bytes).
    Removing stm32f10x_gpio.o(i.GPIO_Write), (4 bytes).
    Removing misc.o(i.NVIC_SystemLPConfig), (24 bytes).
    Removing stm32f10x_exti.o(i.EXTI_ClearFlag), (12 bytes).
    Removing stm32f10x_exti.o(i.EXTI_DeInit), (36 bytes).
    Removing stm32f10x_exti.o(i.EXTI_GenerateSWInterrupt), (16 bytes).
    Removing stm32f10x_exti.o(i.EXTI_GetFlagStatus), (20 bytes).
    Removing stm32f10x_exti.o(i.EXTI_StructInit), (14 bytes).
    Removing stm32f10x_spi.o(i.I2S_Cmd), (20 bytes).
    Removing stm32f10x_spi.o(i.I2S_Init), (228 bytes).
    Removing stm32f10x_spi.o(i.I2S_StructInit), (18 bytes).
    Removing stm32f10x_spi.o(i.SPI_BiDirectionalLineConfig), (22 bytes).
    Removing stm32f10x_spi.o(i.SPI_CalculateCRC), (20 bytes).
    Removing stm32f10x_spi.o(i.SPI_DataSizeConfig), (16 bytes).
    Removing stm32f10x_spi.o(i.SPI_GetCRC), (12 bytes).
    Removing stm32f10x_spi.o(i.SPI_GetCRCPolynomial), (4 bytes).
    Removing stm32f10x_spi.o(i.SPI_I2S_ClearFlag), (6 bytes).
    Removing stm32f10x_spi.o(i.SPI_I2S_ClearITPendingBit), (14 bytes).
    Removing stm32f10x_spi.o(i.SPI_I2S_DMACmd), (16 bytes).
    Removing stm32f10x_spi.o(i.SPI_I2S_GetITStatus), (42 bytes).
    Removing stm32f10x_spi.o(i.SPI_I2S_ITConfig), (24 bytes).
    Removing stm32f10x_spi.o(i.SPI_I2S_ReceiveData), (4 bytes).
    Removing stm32f10x_spi.o(i.SPI_NSSInternalSoftwareConfig), (24 bytes).
    Removing stm32f10x_spi.o(i.SPI_SSOutputCmd), (20 bytes).
    Removing stm32f10x_spi.o(i.SPI_StructInit), (24 bytes).
    Removing stm32f10x_spi.o(i.SPI_TransmitCRC), (10 bytes).
    Removing stm32f10x_fsmc.o(i.FSMC_ClearFlag), (36 bytes).
    Removing stm32f10x_fsmc.o(i.FSMC_ClearITPendingBit), (40 bytes).
    Removing stm32f10x_fsmc.o(i.FSMC_GetECC), (18 bytes).
    Removing stm32f10x_fsmc.o(i.FSMC_GetFlagStatus), (40 bytes).
    Removing stm32f10x_fsmc.o(i.FSMC_GetITStatus), (48 bytes).
    Removing stm32f10x_fsmc.o(i.FSMC_ITConfig), (68 bytes).
    Removing stm32f10x_fsmc.o(i.FSMC_NANDCmd), (56 bytes).
    Removing stm32f10x_fsmc.o(i.FSMC_NANDDeInit), (40 bytes).
    Removing stm32f10x_fsmc.o(i.FSMC_NANDECCCmd), (56 bytes).
    Removing stm32f10x_fsmc.o(i.FSMC_NANDInit), (104 bytes).
    Removing stm32f10x_fsmc.o(i.FSMC_NANDStructInit), (54 bytes).
    Removing stm32f10x_fsmc.o(i.FSMC_NORSRAMCmd), (32 bytes).
    Removing stm32f10x_fsmc.o(i.FSMC_NORSRAMDeInit), (36 bytes).
    Removing stm32f10x_fsmc.o(i.FSMC_NORSRAMInit), (188 bytes).
    Removing stm32f10x_fsmc.o(i.FSMC_NORSRAMStructInit), (96 bytes).
    Removing stm32f10x_fsmc.o(i.FSMC_PCCARDCmd), (32 bytes).
    Removing stm32f10x_fsmc.o(i.FSMC_PCCARDDeInit), (28 bytes).
    Removing stm32f10x_fsmc.o(i.FSMC_PCCARDInit), (104 bytes).
    Removing stm32f10x_fsmc.o(i.FSMC_PCCARDStructInit), (60 bytes).
    Removing stm32f10x_usart.o(i.USART_ClearFlag), (6 bytes).
    Removing stm32f10x_usart.o(i.USART_ClearITPendingBit), (12 bytes).
    Removing stm32f10x_usart.o(i.USART_ClockInit), (30 bytes).
    Removing stm32f10x_usart.o(i.USART_ClockStructInit), (12 bytes).
    Removing stm32f10x_usart.o(i.USART_DMACmd), (16 bytes).
    Removing stm32f10x_usart.o(i.USART_DeInit), (116 bytes).
    Removing stm32f10x_usart.o(i.USART_GetITStatus), (62 bytes).
    Removing stm32f10x_usart.o(i.USART_HalfDuplexCmd), (20 bytes).
    Removing stm32f10x_usart.o(i.USART_ITConfig), (48 bytes).
    Removing stm32f10x_usart.o(i.USART_IrDACmd), (20 bytes).
    Removing stm32f10x_usart.o(i.USART_IrDAConfig), (16 bytes).
    Removing stm32f10x_usart.o(i.USART_LINBreakDetectLengthConfig), (16 bytes).
    Removing stm32f10x_usart.o(i.USART_LINCmd), (20 bytes).
    Removing stm32f10x_usart.o(i.USART_ReceiveData), (8 bytes).
    Removing stm32f10x_usart.o(i.USART_ReceiverWakeUpCmd), (20 bytes).
    Removing stm32f10x_usart.o(i.USART_SendBreak), (10 bytes).
    Removing stm32f10x_usart.o(i.USART_SetAddress), (16 bytes).
    Removing stm32f10x_usart.o(i.USART_SetGuardTime), (16 bytes).
    Removing stm32f10x_usart.o(i.USART_SetPrescaler), (16 bytes).
    Removing stm32f10x_usart.o(i.USART_SmartCardCmd), (20 bytes).
    Removing stm32f10x_usart.o(i.USART_SmartCardNACKCmd), (20 bytes).
    Removing stm32f10x_usart.o(i.USART_StructInit), (22 bytes).
    Removing stm32f10x_usart.o(i.USART_WakeUpConfig), (16 bytes).
    Removing stm32f10x_adc.o(i.ADC_AnalogWatchdogCmd), (16 bytes).
    Removing stm32f10x_adc.o(i.ADC_AnalogWatchdogSingleChannelConfig), (12 bytes).
    Removing stm32f10x_adc.o(i.ADC_AnalogWatchdogThresholdsConfig), (6 bytes).
    Removing stm32f10x_adc.o(i.ADC_AutoInjectedConvCmd), (20 bytes).
    Removing stm32f10x_adc.o(i.ADC_ClearFlag), (6 bytes).
    Removing stm32f10x_adc.o(i.ADC_ClearITPendingBit), (8 bytes).
    Removing stm32f10x_adc.o(i.ADC_DMACmd), (20 bytes).
    Removing stm32f10x_adc.o(i.ADC_DeInit), (68 bytes).
    Removing stm32f10x_adc.o(i.ADC_DiscModeChannelCountConfig), (16 bytes).
    Removing stm32f10x_adc.o(i.ADC_DiscModeCmd), (20 bytes).
    Removing stm32f10x_adc.o(i.ADC_ExternalTrigConvCmd), (20 bytes).
    Removing stm32f10x_adc.o(i.ADC_ExternalTrigInjectedConvCmd), (20 bytes).
    Removing stm32f10x_adc.o(i.ADC_ExternalTrigInjectedConvConfig), (12 bytes).
    Removing stm32f10x_adc.o(i.ADC_GetCalibrationStatus), (14 bytes).
    Removing stm32f10x_adc.o(i.ADC_GetDualModeConversionValue), (12 bytes).
    Removing stm32f10x_adc.o(i.ADC_GetITStatus), (28 bytes).
    Removing stm32f10x_adc.o(i.ADC_GetInjectedConversionValue), (14 bytes).
    Removing stm32f10x_adc.o(i.ADC_GetSoftwareStartConvStatus), (14 bytes).
    Removing stm32f10x_adc.o(i.ADC_GetSoftwareStartInjectedConvCmdStatus), (14 bytes).
    Removing stm32f10x_adc.o(i.ADC_ITConfig), (18 bytes).
    Removing stm32f10x_adc.o(i.ADC_InjectedChannelConfig), (74 bytes).
    Removing stm32f10x_adc.o(i.ADC_InjectedDiscModeCmd), (20 bytes).
    Removing stm32f10x_adc.o(i.ADC_InjectedSequencerLengthConfig), (16 bytes).
    Removing stm32f10x_adc.o(i.ADC_SetInjectedOffset), (10 bytes).
    Removing stm32f10x_adc.o(i.ADC_SoftwareStartInjectedConvCmd), (20 bytes).
    Removing stm32f10x_adc.o(i.ADC_StructInit), (18 bytes).
    Removing stm32f10x_adc.o(i.ADC_TempSensorVrefintCmd), (28 bytes).
    Removing stm32f10x_i2c.o(i.I2C_ARPCmd), (20 bytes).
    Removing stm32f10x_i2c.o(i.I2C_AcknowledgeConfig), (20 bytes).
    Removing stm32f10x_i2c.o(i.I2C_CalculatePEC), (20 bytes).
    Removing stm32f10x_i2c.o(i.I2C_CheckEvent), (24 bytes).
    Removing stm32f10x_i2c.o(i.I2C_ClearFlag), (6 bytes).
    Removing stm32f10x_i2c.o(i.I2C_ClearITPendingBit), (6 bytes).
    Removing stm32f10x_i2c.o(i.I2C_Cmd), (20 bytes).
    Removing stm32f10x_i2c.o(i.I2C_DMACmd), (20 bytes).
    Removing stm32f10x_i2c.o(i.I2C_DMALastTransferCmd), (20 bytes).
    Removing stm32f10x_i2c.o(i.I2C_DeInit), (44 bytes).
    Removing stm32f10x_i2c.o(i.I2C_DualAddressCmd), (20 bytes).
    Removing stm32f10x_i2c.o(i.I2C_FastModeDutyCycleConfig), (22 bytes).
    Removing stm32f10x_i2c.o(i.I2C_GeneralCallCmd), (20 bytes).
    Removing stm32f10x_i2c.o(i.I2C_GenerateSTART), (20 bytes).
    Removing stm32f10x_i2c.o(i.I2C_GenerateSTOP), (20 bytes).
    Removing stm32f10x_i2c.o(i.I2C_GetFlagStatus), (42 bytes).
    Removing stm32f10x_i2c.o(i.I2C_GetITStatus), (36 bytes).
    Removing stm32f10x_i2c.o(i.I2C_GetLastEvent), (14 bytes).
    Removing stm32f10x_i2c.o(i.I2C_GetPEC), (6 bytes).
    Removing stm32f10x_i2c.o(i.I2C_ITConfig), (16 bytes).
    Removing stm32f10x_i2c.o(i.I2C_Init), (184 bytes).
    Removing stm32f10x_i2c.o(i.I2C_OwnAddress2Config), (16 bytes).
    Removing stm32f10x_i2c.o(i.I2C_PECPositionConfig), (22 bytes).
    Removing stm32f10x_i2c.o(i.I2C_ReadRegister), (10 bytes).
    Removing stm32f10x_i2c.o(i.I2C_ReceiveData), (6 bytes).
    Removing stm32f10x_i2c.o(i.I2C_SMBusAlertConfig), (22 bytes).
    Removing stm32f10x_i2c.o(i.I2C_Send7bitAddress), (16 bytes).
    Removing stm32f10x_i2c.o(i.I2C_SendData), (4 bytes).
    Removing stm32f10x_i2c.o(i.I2C_SoftwareResetCmd), (20 bytes).
    Removing stm32f10x_i2c.o(i.I2C_StretchClockCmd), (20 bytes).
    Removing stm32f10x_i2c.o(i.I2C_StructInit), (28 bytes).
    Removing stm32f10x_i2c.o(i.I2C_TransmitPEC), (20 bytes).
    Removing stm32f10x_dma.o(i.DMA_ClearFlag), (24 bytes).
    Removing stm32f10x_dma.o(i.DMA_ClearITPendingBit), (24 bytes).
    Removing stm32f10x_dma.o(i.DMA_Cmd), (20 bytes).
    Removing stm32f10x_dma.o(i.DMA_DeInit), (224 bytes).
    Removing stm32f10x_dma.o(i.DMA_GetCurrDataCounter), (6 bytes).
    Removing stm32f10x_dma.o(i.DMA_GetFlagStatus), (32 bytes).
    Removing stm32f10x_dma.o(i.DMA_GetITStatus), (32 bytes).
    Removing stm32f10x_dma.o(i.DMA_ITConfig), (16 bytes).
    Removing stm32f10x_dma.o(i.DMA_Init), (58 bytes).
    Removing stm32f10x_dma.o(i.DMA_StructInit), (26 bytes).
    Removing stm32f10x_rtc.o(i.RTC_ClearFlag), (16 bytes).
    Removing stm32f10x_rtc.o(i.RTC_GetDivider), (24 bytes).
    Removing stm32f10x_rtc.o(i.RTC_GetFlagStatus), (20 bytes).
    Removing stm32f10x_rtc.o(i.RTC_ITConfig), (24 bytes).
    Removing stm32f10x_rtc.o(i.RTC_SetAlarm), (32 bytes).
    Removing stm32f10x_rtc.o(i.RTC_SetPrescaler), (32 bytes).
    Removing stm32f10x_rtc.o(i.RTC_WaitForSynchro), (24 bytes).
    Removing stm32f10x_bkp.o(i.BKP_ClearFlag), (16 bytes).
    Removing stm32f10x_bkp.o(i.BKP_ClearITPendingBit), (16 bytes).
    Removing stm32f10x_bkp.o(i.BKP_DeInit), (18 bytes).
    Removing stm32f10x_bkp.o(i.BKP_GetFlagStatus), (12 bytes).
    Removing stm32f10x_bkp.o(i.BKP_GetITStatus), (12 bytes).
    Removing stm32f10x_bkp.o(i.BKP_ITConfig), (12 bytes).
    Removing stm32f10x_bkp.o(i.BKP_RTCOutputConfig), (20 bytes).
    Removing stm32f10x_bkp.o(i.BKP_ReadBackupRegister), (16 bytes).
    Removing stm32f10x_bkp.o(i.BKP_SetRTCCalibrationValue), (20 bytes).
    Removing stm32f10x_bkp.o(i.BKP_TamperPinCmd), (12 bytes).
    Removing stm32f10x_bkp.o(i.BKP_TamperPinLevelConfig), (12 bytes).
    Removing stm32f10x_bkp.o(i.BKP_WriteBackupRegister), (16 bytes).
    Removing stm32f10x_pwr.o(i.PWR_BackupAccessCmd), (12 bytes).
    Removing stm32f10x_pwr.o(i.PWR_ClearFlag), (16 bytes).
    Removing stm32f10x_pwr.o(i.PWR_DeInit), (24 bytes).
    Removing stm32f10x_pwr.o(i.PWR_EnterSTANDBYMode), (40 bytes).
    Removing stm32f10x_pwr.o(i.PWR_EnterSTOPMode), (44 bytes).
    Removing stm32f10x_pwr.o(i.PWR_GetFlagStatus), (20 bytes).
    Removing stm32f10x_pwr.o(i.PWR_PVDCmd), (12 bytes).
    Removing stm32f10x_pwr.o(i.PWR_PVDLevelConfig), (20 bytes).
    Removing stm32f10x_pwr.o(i.PWR_WakeUpPinCmd), (12 bytes).
    Removing stm32f10x_flash.o(i.FLASH_ClearFlag), (12 bytes).
    Removing stm32f10x_flash.o(i.FLASH_EnableWriteProtection), (168 bytes).
    Removing stm32f10x_flash.o(i.FLASH_EraseAllPages), (60 bytes).
    Removing stm32f10x_flash.o(i.FLASH_EraseOptionBytes), (116 bytes).
    Removing stm32f10x_flash.o(i.FLASH_ErasePage), (64 bytes).
    Removing stm32f10x_flash.o(i.FLASH_GetFlagStatus), (32 bytes).
    Removing stm32f10x_flash.o(i.FLASH_GetPrefetchBufferStatus), (20 bytes).
    Removing stm32f10x_flash.o(i.FLASH_GetReadOutProtectionStatus), (20 bytes).
    Removing stm32f10x_flash.o(i.FLASH_GetStatus), (40 bytes).
    Removing stm32f10x_flash.o(i.FLASH_GetUserOptionByte), (12 bytes).
    Removing stm32f10x_flash.o(i.FLASH_GetWriteProtectionOptionByte), (12 bytes).
    Removing stm32f10x_flash.o(i.FLASH_HalfCycleAccessCmd), (24 bytes).
    Removing stm32f10x_flash.o(i.FLASH_ITConfig), (24 bytes).
    Removing stm32f10x_flash.o(i.FLASH_Lock), (16 bytes).
    Removing stm32f10x_flash.o(i.FLASH_ProgramHalfWord), (56 bytes).
    Removing stm32f10x_flash.o(i.FLASH_ProgramOptionByteData), (72 bytes).
    Removing stm32f10x_flash.o(i.FLASH_ProgramWord), (76 bytes).
    Removing stm32f10x_flash.o(i.FLASH_ReadOutProtection), (136 bytes).
    Removing stm32f10x_flash.o(i.FLASH_Unlock), (24 bytes).
    Removing stm32f10x_flash.o(i.FLASH_UserOptionByteConfig), (88 bytes).
    Removing stm32f10x_flash.o(i.FLASH_WaitForLastOperation), (46 bytes).
    Removing stm32f10x_tim.o(i.TI1_Config), (46 bytes).
    Removing stm32f10x_tim.o(i.TI2_Config), (54 bytes).
    Removing stm32f10x_tim.o(i.TIM_ARRPreloadConfig), (22 bytes).
    Removing stm32f10x_tim.o(i.TIM_BDTRConfig), (34 bytes).
    Removing stm32f10x_tim.o(i.TIM_BDTRStructInit), (18 bytes).
    Removing stm32f10x_tim.o(i.TIM_CCPreloadControl), (20 bytes).
    Removing stm32f10x_tim.o(i.TIM_CCxCmd), (22 bytes).
    Removing stm32f10x_tim.o(i.TIM_CCxNCmd), (22 bytes).
    Removing stm32f10x_tim.o(i.TIM_ClearFlag), (6 bytes).
    Removing stm32f10x_tim.o(i.TIM_ClearOC1Ref), (12 bytes).
    Removing stm32f10x_tim.o(i.TIM_ClearOC2Ref), (20 bytes).
    Removing stm32f10x_tim.o(i.TIM_ClearOC3Ref), (12 bytes).
    Removing stm32f10x_tim.o(i.TIM_ClearOC4Ref), (20 bytes).
    Removing stm32f10x_tim.o(i.TIM_CounterModeConfig), (14 bytes).
    Removing stm32f10x_tim.o(i.TIM_CtrlPWMOutputs), (22 bytes).
    Removing stm32f10x_tim.o(i.TIM_DMACmd), (16 bytes).
    Removing stm32f10x_tim.o(i.TIM_DMAConfig), (8 bytes).
    Removing stm32f10x_tim.o(i.TIM_DeInit), (200 bytes).
    Removing stm32f10x_tim.o(i.TIM_ETRClockMode1Config), (18 bytes).
    Removing stm32f10x_tim.o(i.TIM_ETRClockMode2Config), (18 bytes).
    Removing stm32f10x_tim.o(i.TIM_ETRConfig), (24 bytes).
    Removing stm32f10x_tim.o(i.TIM_EncoderInterfaceConfig), (50 bytes).
    Removing stm32f10x_tim.o(i.TIM_ForcedOC1Config), (12 bytes).
    Removing stm32f10x_tim.o(i.TIM_ForcedOC2Config), (20 bytes).
    Removing stm32f10x_tim.o(i.TIM_ForcedOC3Config), (12 bytes).
    Removing stm32f10x_tim.o(i.TIM_ForcedOC4Config), (20 bytes).
    Removing stm32f10x_tim.o(i.TIM_GenerateEvent), (4 bytes).
    Removing stm32f10x_tim.o(i.TIM_GetCapture1), (4 bytes).
    Removing stm32f10x_tim.o(i.TIM_GetCapture2), (4 bytes).
    Removing stm32f10x_tim.o(i.TIM_GetCapture3), (4 bytes).
    Removing stm32f10x_tim.o(i.TIM_GetCapture4), (6 bytes).
    Removing stm32f10x_tim.o(i.TIM_GetCounter), (4 bytes).
    Removing stm32f10x_tim.o(i.TIM_GetFlagStatus), (14 bytes).
    Removing stm32f10x_tim.o(i.TIM_GetITStatus), (24 bytes).
    Removing stm32f10x_tim.o(i.TIM_GetPrescaler), (4 bytes).
    Removing stm32f10x_tim.o(i.TIM_ICInit), (172 bytes).
    Removing stm32f10x_tim.o(i.TIM_ICStructInit), (16 bytes).
    Removing stm32f10x_tim.o(i.TIM_ITRxExternalClockConfig), (18 bytes).
    Removing stm32f10x_tim.o(i.TIM_InternalClockConfig), (10 bytes).
    Removing stm32f10x_tim.o(i.TIM_OC1FastConfig), (12 bytes).
    Removing stm32f10x_tim.o(i.TIM_OC1Init), (96 bytes).
    Removing stm32f10x_tim.o(i.TIM_OC1NPolarityConfig), (12 bytes).
    Removing stm32f10x_tim.o(i.TIM_OC1PolarityConfig), (12 bytes).
    Removing stm32f10x_tim.o(i.TIM_OC1PreloadConfig), (12 bytes).
    Removing stm32f10x_tim.o(i.TIM_OC2FastConfig), (20 bytes).
    Removing stm32f10x_tim.o(i.TIM_OC2Init), (128 bytes).
    Removing stm32f10x_tim.o(i.TIM_OC2NPolarityConfig), (20 bytes).
    Removing stm32f10x_tim.o(i.TIM_OC2PolarityConfig), (20 bytes).
    Removing stm32f10x_tim.o(i.TIM_OC2PreloadConfig), (20 bytes).
    Removing stm32f10x_tim.o(i.TIM_OC3FastConfig), (12 bytes).
    Removing stm32f10x_tim.o(i.TIM_OC3Init), (124 bytes).
    Removing stm32f10x_tim.o(i.TIM_OC3NPolarityConfig), (20 bytes).
    Removing stm32f10x_tim.o(i.TIM_OC3PolarityConfig), (20 bytes).
    Removing stm32f10x_tim.o(i.TIM_OC3PreloadConfig), (12 bytes).
    Removing stm32f10x_tim.o(i.TIM_OC4FastConfig), (20 bytes).
    Removing stm32f10x_tim.o(i.TIM_OC4Init), (100 bytes).
    Removing stm32f10x_tim.o(i.TIM_OC4PolarityConfig), (20 bytes).
    Removing stm32f10x_tim.o(i.TIM_OC4PreloadConfig), (20 bytes).
    Removing stm32f10x_tim.o(i.TIM_OCStructInit), (20 bytes).
    Removing stm32f10x_tim.o(i.TIM_PWMIConfig), (108 bytes).
    Removing stm32f10x_tim.o(i.TIM_PrescalerConfig), (6 bytes).
    Removing stm32f10x_tim.o(i.TIM_SelectCCDMA), (20 bytes).
    Removing stm32f10x_tim.o(i.TIM_SelectCOM), (20 bytes).
    Removing stm32f10x_tim.o(i.TIM_SelectHallSensor), (20 bytes).
    Removing stm32f10x_tim.o(i.TIM_SelectInputTrigger), (12 bytes).
    Removing stm32f10x_tim.o(i.TIM_SelectMasterSlaveMode), (16 bytes).
    Removing stm32f10x_tim.o(i.TIM_SelectOCxM), (74 bytes).
    Removing stm32f10x_tim.o(i.TIM_SelectOnePulseMode), (18 bytes).
    Removing stm32f10x_tim.o(i.TIM_SelectOutputTrigger), (16 bytes).
    Removing stm32f10x_tim.o(i.TIM_SelectSlaveMode), (16 bytes).
    Removing stm32f10x_tim.o(i.TIM_SetAutoreload), (4 bytes).
    Removing stm32f10x_tim.o(i.TIM_SetClockDivision), (14 bytes).
    Removing stm32f10x_tim.o(i.TIM_SetCompare1), (4 bytes).
    Removing stm32f10x_tim.o(i.TIM_SetCompare2), (4 bytes).
    Removing stm32f10x_tim.o(i.TIM_SetCompare3), (4 bytes).
    Removing stm32f10x_tim.o(i.TIM_SetCompare4), (6 bytes).
    Removing stm32f10x_tim.o(i.TIM_SetCounter), (4 bytes).
    Removing stm32f10x_tim.o(i.TIM_SetIC1Prescaler), (16 bytes).
    Removing stm32f10x_tim.o(i.TIM_SetIC2Prescaler), (24 bytes).
    Removing stm32f10x_tim.o(i.TIM_SetIC3Prescaler), (16 bytes).
    Removing stm32f10x_tim.o(i.TIM_SetIC4Prescaler), (24 bytes).
    Removing stm32f10x_tim.o(i.TIM_TIxExternalClockConfig), (46 bytes).
    Removing stm32f10x_tim.o(i.TIM_TimeBaseStructInit), (18 bytes).
    Removing stm32f10x_tim.o(i.TIM_UpdateDisableConfig), (22 bytes).
    Removing stm32f10x_tim.o(i.TIM_UpdateRequestConfig), (22 bytes).
    Removing system_stm32f10x.o(i.SetSysClockTo72), (208 bytes).
    Removing system_stm32f10x.o(i.SystemInit), (76 bytes).
    Removing system_stm32f10x.o(.constdata), (4 bytes).
    Removing system_stm32f10x.o(.constdata), (4 bytes).
    Removing system_stm32f10x.o(.constdata), (4 bytes).
    Removing system_stm32f10x.o(.constdata), (4 bytes).
    Removing system_stm32f10x.o(.constdata), (4 bytes).
    Removing core_cm3.o(.emb_text), (32 bytes).
    Removing et_stm32f_arm_kit.o(i.ET_STM32_ADC_Configuration), (108 bytes).
    Removing et_stm32f_arm_kit.o(i.ET_STM32_COM_Init), (188 bytes).
    Removing et_stm32f_arm_kit.o(i.ET_STM32_ETH_Configuration), (288 bytes).
    Removing et_stm32f_arm_kit.o(i.ET_STM32_LED_Init), (64 bytes).
    Removing et_stm32f_arm_kit.o(i.ET_STM32_LED_Off), (24 bytes).
    Removing et_stm32f_arm_kit.o(i.ET_STM32_LED_On), (24 bytes).
    Removing et_stm32f_arm_kit.o(i.ET_STM32_LED_Write), (124 bytes).
    Removing et_stm32f_arm_kit.o(i.ET_STM32_PB_GetState), (24 bytes).
    Removing et_stm32f_arm_kit.o(i.ET_STM32_PB_Init), (156 bytes).
    Removing et_stm32f_arm_kit.o(i.ET_STM32_RTC_Configuration), (88 bytes).
    Removing et_stm32f_arm_kit.o(i.ET_STM32_SD_SPI_Configuration), (156 bytes).
    Removing et_stm32f_arm_kit_i2c.o(i.GPIO_Configuration), (44 bytes).
    Removing et_stm32f_arm_kit_i2c.o(i.I2C_Configuration), (68 bytes).
    Removing et_stm32f_arm_kit_i2c.o(i.I2C_EE_BufferRead), (244 bytes).
    Removing et_stm32f_arm_kit_i2c.o(i.I2C_EE_BufferWrite), (224 bytes).
    Removing et_stm32f_arm_kit_i2c.o(i.I2C_EE_ByteWrite), (132 bytes).
    Removing et_stm32f_arm_kit_i2c.o(i.I2C_EE_Init), (40 bytes).
    Removing et_stm32f_arm_kit_i2c.o(i.I2C_EE_PageWrite), (168 bytes).
    Removing et_stm32f_arm_kit_i2c.o(i.I2C_EE_WaitEepromStandbyState), (88 bytes).
    Removing et_stm32f_arm_kit_i2c.o(.data), (2 bytes).
    Removing et_stm32f_arm_kit_lcd.o(i.ET_STM32_LCD_Init), (4 bytes).
    Removing et_stm32f_arm_kit_lcd.o(i.ET_STM32_TCS_Config), (124 bytes).
    Removing et_stm32f_arm_kit_lcd.o(i.LCD_ClearLine), (32 bytes).
    Removing et_stm32f_arm_kit_lcd.o(i.LCD_DisplayOff), (8 bytes).
    Removing et_stm32f_arm_kit_lcd.o(i.LCD_DisplayOn), (10 bytes).
    Removing et_stm32f_arm_kit_lcd.o(i.LCD_DrawCircle), (236 bytes).
    Removing et_stm32f_arm_kit_lcd.o(i.LCD_DrawLine), (96 bytes).
    Removing et_stm32f_arm_kit_lcd.o(i.LCD_DrawMonoPict), (92 bytes).
    Removing et_stm32f_arm_kit_lcd.o(i.LCD_DrawRect), (66 bytes).
    Removing et_stm32f_arm_kit_lcd.o(i.LCD_PowerOn), (120 bytes).
    Removing et_stm32f_arm_kit_lcd.o(i.LCD_ReadReg), (192 bytes).
    Removing et_stm32f_arm_kit_lcd.o(i.LCD_SetBackColor), (16 bytes).
    Removing et_stm32f_arm_kit_lcd.o(i.LCD_SetDisplayWindow), (76 bytes).
    Removing et_stm32f_arm_kit_lcd.o(i.LCD_WindowModeDisable), (30 bytes).
    Removing et_stm32f_arm_kit_lcd.o(i.LCD_WriteRAMWord), (32 bytes).
    Removing et_stm32f_arm_kit_lcd.o(i.TCS_Read_X), (120 bytes).
    Removing et_stm32f_arm_kit_lcd.o(i.TCS_Read_Y), (120 bytes).
    Removing et_stm32f_arm_kit_lcd.o(i.TCS_SPI_Write_Byte), (92 bytes).
    Removing et_stm32f_arm_kit_uart.o(i.ET_STM32_USART_Init), (50 bytes).
    Removing et_stm32f_arm_kit_uart.o(i.SER_getChar), (56 bytes).
    Removing et_stm32f_arm_kit_uart.o(i.SER_getChar1), (32 bytes).
    Removing et_stm32f_arm_kit_uart.o(i.SER_getChar1_nb), (32 bytes).
    Removing et_stm32f_arm_kit_uart.o(i.SER_getChar2), (32 bytes).
    Removing et_stm32f_arm_kit_uart.o(i.SER_getChar2_nb), (32 bytes).
    Removing et_stm32f_arm_kit_uart.o(i.SER_getChar_nb), (48 bytes).
    Removing et_stm32f_arm_kit_uart.o(i.SER_putChar), (60 bytes).
    Removing et_stm32f_arm_kit_uart.o(i.SER_putChar1), (36 bytes).
    Removing et_stm32f_arm_kit_uart.o(i.SER_putChar2), (36 bytes).
    Removing et_stm32f_arm_kit_uart.o(i.printUART1), (36 bytes).
    Removing et_stm32f_arm_kit_uart.o(i.printUART2), (36 bytes).
    Removing stm32_eth.o(i.ETH_BackPressureActivationCmd), (28 bytes).
    Removing stm32_eth.o(i.ETH_DMAClearFlag), (12 bytes).
    Removing stm32_eth.o(i.ETH_DMAClearITPendingBit), (12 bytes).
    Removing stm32_eth.o(i.ETH_DMAITConfig), (24 bytes).
    Removing stm32_eth.o(i.ETH_DMAPTPRxDescChainInit), (112 bytes).
    Removing stm32_eth.o(i.ETH_DMAPTPTxDescChainInit), (104 bytes).
    Removing stm32_eth.o(i.ETH_DMAReceptionCmd), (28 bytes).
    Removing stm32_eth.o(i.ETH_DMARxDescChainInit), (76 bytes).
    Removing stm32_eth.o(i.ETH_DMARxDescEndOfRingCmd), (18 bytes).
    Removing stm32_eth.o(i.ETH_DMARxDescReceiveITConfig), (18 bytes).
    Removing stm32_eth.o(i.ETH_DMARxDescRingInit), (92 bytes).
    Removing stm32_eth.o(i.ETH_DMARxDescSecondAddressChainedCmd), (18 bytes).
    Removing stm32_eth.o(i.ETH_DMATransmissionCmd), (28 bytes).
    Removing stm32_eth.o(i.ETH_DMATxDescBufferSizeConfig), (12 bytes).
    Removing stm32_eth.o(i.ETH_DMATxDescCRCCmd), (18 bytes).
    Removing stm32_eth.o(i.ETH_DMATxDescChainInit), (72 bytes).
    Removing stm32_eth.o(i.ETH_DMATxDescChecksumInsertionConfig), (8 bytes).
    Removing stm32_eth.o(i.ETH_DMATxDescEndOfRingCmd), (18 bytes).
    Removing stm32_eth.o(i.ETH_DMATxDescFrameSegmentConfig), (8 bytes).
    Removing stm32_eth.o(i.ETH_DMATxDescRingInit), (68 bytes).
    Removing stm32_eth.o(i.ETH_DMATxDescSecondAddressChainedCmd), (18 bytes).
    Removing stm32_eth.o(i.ETH_DMATxDescShortFramePaddingCmd), (18 bytes).
    Removing stm32_eth.o(i.ETH_DMATxDescTimeStampCmd), (18 bytes).
    Removing stm32_eth.o(i.ETH_DMATxDescTransmitITConfig), (18 bytes).
    Removing stm32_eth.o(i.ETH_DeInit), (24 bytes).
    Removing stm32_eth.o(i.ETH_DropRxPkt), (52 bytes).
    Removing stm32_eth.o(i.ETH_EnablePTPTimeStampAddend), (16 bytes).
    Removing stm32_eth.o(i.ETH_EnablePTPTimeStampInterruptTrigger), (16 bytes).
    Removing stm32_eth.o(i.ETH_EnablePTPTimeStampUpdate), (16 bytes).
    Removing stm32_eth.o(i.ETH_FlushTransmitFIFO), (16 bytes).
    Removing stm32_eth.o(i.ETH_GetBufferUnavailableMissedFrameCounter), (12 bytes).
    Removing stm32_eth.o(i.ETH_GetCurrentRxBufferAddress), (12 bytes).
    Removing stm32_eth.o(i.ETH_GetCurrentRxDescStartAddress), (12 bytes).
    Removing stm32_eth.o(i.ETH_GetCurrentTxBufferAddress), (12 bytes).
    Removing stm32_eth.o(i.ETH_GetCurrentTxDescStartAddress), (12 bytes).
    Removing stm32_eth.o(i.ETH_GetDMAFlagStatus), (20 bytes).
    Removing stm32_eth.o(i.ETH_GetDMAITStatus), (20 bytes).
    Removing stm32_eth.o(i.ETH_GetDMAOverflowStatus), (20 bytes).
    Removing stm32_eth.o(i.ETH_GetDMARxDescBufferSize), (16 bytes).
    Removing stm32_eth.o(i.ETH_GetDMARxDescFlagStatus), (14 bytes).
    Removing stm32_eth.o(i.ETH_GetDMARxDescFrameLength), (8 bytes).
    Removing stm32_eth.o(i.ETH_GetDMATxDescCollisionCount), (8 bytes).
    Removing stm32_eth.o(i.ETH_GetDMATxDescFlagStatus), (14 bytes).
    Removing stm32_eth.o(i.ETH_GetFlowControlBusyStatus), (20 bytes).
    Removing stm32_eth.o(i.ETH_GetFlushTransmitFIFOStatus), (20 bytes).
    Removing stm32_eth.o(i.ETH_GetMACAddress), (36 bytes).
    Removing stm32_eth.o(i.ETH_GetMACFlagStatus), (20 bytes).
    Removing stm32_eth.o(i.ETH_GetMACITStatus), (20 bytes).
    Removing stm32_eth.o(i.ETH_GetMMCITStatus), (40 bytes).
    Removing stm32_eth.o(i.ETH_GetMMCRegister), (12 bytes).
    Removing stm32_eth.o(i.ETH_GetPMTFlagStatus), (20 bytes).
    Removing stm32_eth.o(i.ETH_GetPTPFlagStatus), (20 bytes).
    Removing stm32_eth.o(i.ETH_GetPTPRegister), (12 bytes).
    Removing stm32_eth.o(i.ETH_GetReceiveProcessState), (16 bytes).
    Removing stm32_eth.o(i.ETH_GetRxOverflowMissedFrameCounter), (16 bytes).
    Removing stm32_eth.o(i.ETH_GetRxPktSize), (32 bytes).
    Removing stm32_eth.o(i.ETH_GetSoftwareResetStatus), (20 bytes).
    Removing stm32_eth.o(i.ETH_GetTransmitProcessState), (16 bytes).
    Removing stm32_eth.o(i.ETH_GlobalUnicastWakeUpCmd), (28 bytes).
    Removing stm32_eth.o(i.ETH_HandlePTPRxPkt), (152 bytes).
    Removing stm32_eth.o(i.ETH_HandlePTPTxPkt), (196 bytes).
    Removing stm32_eth.o(i.ETH_HandleRxPkt), (120 bytes).
    Removing stm32_eth.o(i.ETH_HandleTxPkt), (104 bytes).
    Removing stm32_eth.o(i.ETH_Init), (532 bytes).
    Removing stm32_eth.o(i.ETH_InitializePTPTimeStamp), (16 bytes).
    Removing stm32_eth.o(i.ETH_InitiatePauseControlFrame), (16 bytes).
    Removing stm32_eth.o(i.ETH_MACAddressConfig), (28 bytes).
    Removing stm32_eth.o(i.ETH_MACAddressFilterConfig), (28 bytes).
    Removing stm32_eth.o(i.ETH_MACAddressMaskBytesFilterConfig), (24 bytes).
    Removing stm32_eth.o(i.ETH_MACAddressPerfectFilterCmd), (28 bytes).
    Removing stm32_eth.o(i.ETH_MACITConfig), (24 bytes).
    Removing stm32_eth.o(i.ETH_MACReceptionCmd), (28 bytes).
    Removing stm32_eth.o(i.ETH_MACTransmissionCmd), (28 bytes).
    Removing stm32_eth.o(i.ETH_MMCCounterFreezeCmd), (32 bytes).
    Removing stm32_eth.o(i.ETH_MMCCounterRolloverCmd), (32 bytes).
    Removing stm32_eth.o(i.ETH_MMCCountersReset), (16 bytes).
    Removing stm32_eth.o(i.ETH_MMCITConfig), (56 bytes).
    Removing stm32_eth.o(i.ETH_MMCResetOnReadCmd), (32 bytes).
    Removing stm32_eth.o(i.ETH_MagicPacketDetectionCmd), (28 bytes).
    Removing stm32_eth.o(i.ETH_PHYLoopBackCmd), (40 bytes).
    Removing stm32_eth.o(i.ETH_PTPTimeStampCmd), (28 bytes).
    Removing stm32_eth.o(i.ETH_PTPUpdateMethodConfig), (28 bytes).
    Removing stm32_eth.o(i.ETH_PowerDownCmd), (28 bytes).
    Removing stm32_eth.o(i.ETH_ReadPHYRegister), (88 bytes).
    Removing stm32_eth.o(i.ETH_ResetWakeUpFrameFilterRegisterPointer), (16 bytes).
    Removing stm32_eth.o(i.ETH_ResumeDMAReception), (12 bytes).
    Removing stm32_eth.o(i.ETH_ResumeDMATransmission), (12 bytes).
    Removing stm32_eth.o(i.ETH_SetDMARxDescOwnBit), (10 bytes).
    Removing stm32_eth.o(i.ETH_SetDMATxDescOwnBit), (10 bytes).
    Removing stm32_eth.o(i.ETH_SetPTPSubSecondIncrement), (12 bytes).
    Removing stm32_eth.o(i.ETH_SetPTPTargetTime), (16 bytes).
    Removing stm32_eth.o(i.ETH_SetPTPTimeStampAddend), (12 bytes).
    Removing stm32_eth.o(i.ETH_SetPTPTimeStampUpdate), (16 bytes).
    Removing stm32_eth.o(i.ETH_SetWakeUpFrameFilterRegister), (24 bytes).
    Removing stm32_eth.o(i.ETH_SoftwareReset), (16 bytes).
    Removing stm32_eth.o(i.ETH_Start), (34 bytes).
    Removing stm32_eth.o(i.ETH_StructInit), (124 bytes).
    Removing stm32_eth.o(i.ETH_WakeUpFrameDetectionCmd), (28 bytes).
    Removing stm32_eth.o(i.ETH_WritePHYRegister), (84 bytes).
    Removing stm32_eth.o(.data), (16 bytes).
    Removing startup_stm32f10x_cl.o(HEAP), (8192 bytes).

468 unused section(s) (total 25452 bytes) removed from the image.

==============================================================================

Image Symbol Table

    Local Symbols

    Symbol Name                              Value     Ov Type        Size  Object(Section)

    ../clib/microlib/init/entry.s            0x00000000   Number         0  entry7a.o ABSOLUTE
    ../clib/microlib/init/entry.s            0x00000000   Number         0  entry10a.o ABSOLUTE
    ../clib/microlib/init/entry.s            0x00000000   Number         0  entry2.o ABSOLUTE
    ../clib/microlib/init/entry.s            0x00000000   Number         0  entry11b.o ABSOLUTE
    ../clib/microlib/init/entry.s            0x00000000   Number         0  entry9a.o ABSOLUTE
    ../clib/microlib/init/entry.s            0x00000000   Number         0  entry11a.o ABSOLUTE
    ../clib/microlib/init/entry.s            0x00000000   Number         0  entry8b.o ABSOLUTE
    ../clib/microlib/init/entry.s            0x00000000   Number         0  entry8a.o ABSOLUTE
    ../clib/microlib/init/entry.s            0x00000000   Number         0  entry10b.o ABSOLUTE
    ../clib/microlib/init/entry.s            0x00000000   Number         0  entry7b.o ABSOLUTE
    ../clib/microlib/init/entry.s            0x00000000   Number         0  entry.o ABSOLUTE
    ../clib/microlib/init/entry.s            0x00000000   Number         0  entry9b.o ABSOLUTE
    ../clib/microlib/init/entry.s            0x00000000   Number         0  entry5.o ABSOLUTE
    ../clib/microlib/string/memcpy.c         0x00000000   Number         0  memcpyb.o ABSOLUTE
    ../clib/microlib/string/memcpy.c         0x00000000   Number         0  memcpya.o ABSOLUTE
    ..\..\..\Libraries\CMSIS\Core\CM3\core_cm3.c 0x00000000   Number         0  core_cm3.o ABSOLUTE
    ..\..\..\Libraries\CMSIS\Core\CM3\startup\arm\startup_stm32f10x_cl.s 0x00000000   Number         0  startup_stm32f10x_cl.o ABSOLUTE
    ..\..\..\Libraries\CMSIS\Core\CM3\system_stm32f10x.c 0x00000000   Number         0  system_stm32f10x.o ABSOLUTE
    ..\..\..\Libraries\STM32F10x_StdPeriph_Driver\src\misc.c 0x00000000   Number         0  misc.o ABSOLUTE
    ..\..\..\Libraries\STM32F10x_StdPeriph_Driver\src\stm32f10x_adc.c 0x00000000   Number         0  stm32f10x_adc.o ABSOLUTE
    ..\..\..\Libraries\STM32F10x_StdPeriph_Driver\src\stm32f10x_bkp.c 0x00000000   Number         0  stm32f10x_bkp.o ABSOLUTE
    ..\..\..\Libraries\STM32F10x_StdPeriph_Driver\src\stm32f10x_dma.c 0x00000000   Number         0  stm32f10x_dma.o ABSOLUTE
    ..\..\..\Libraries\STM32F10x_StdPeriph_Driver\src\stm32f10x_exti.c 0x00000000   Number         0  stm32f10x_exti.o ABSOLUTE
    ..\..\..\Libraries\STM32F10x_StdPeriph_Driver\src\stm32f10x_flash.c 0x00000000   Number         0  stm32f10x_flash.o ABSOLUTE
    ..\..\..\Libraries\STM32F10x_StdPeriph_Driver\src\stm32f10x_fsmc.c 0x00000000   Number         0  stm32f10x_fsmc.o ABSOLUTE
    ..\..\..\Libraries\STM32F10x_StdPeriph_Driver\src\stm32f10x_gpio.c 0x00000000   Number         0  stm32f10x_gpio.o ABSOLUTE
    ..\..\..\Libraries\STM32F10x_StdPeriph_Driver\src\stm32f10x_i2c.c 0x00000000   Number         0  stm32f10x_i2c.o ABSOLUTE
    ..\..\..\Libraries\STM32F10x_StdPeriph_Driver\src\stm32f10x_pwr.c 0x00000000   Number         0  stm32f10x_pwr.o ABSOLUTE
    ..\..\..\Libraries\STM32F10x_StdPeriph_Driver\src\stm32f10x_rcc.c 0x00000000   Number         0  stm32f10x_rcc.o ABSOLUTE
    ..\..\..\Libraries\STM32F10x_StdPeriph_Driver\src\stm32f10x_rtc.c 0x00000000   Number         0  stm32f10x_rtc.o ABSOLUTE
    ..\..\..\Libraries\STM32F10x_StdPeriph_Driver\src\stm32f10x_spi.c 0x00000000   Number         0  stm32f10x_spi.o ABSOLUTE
    ..\..\..\Libraries\STM32F10x_StdPeriph_Driver\src\stm32f10x_tim.c 0x00000000   Number         0  stm32f10x_tim.o ABSOLUTE
    ..\..\..\Libraries\STM32F10x_StdPeriph_Driver\src\stm32f10x_usart.c 0x00000000   Number         0  stm32f10x_usart.o ABSOLUTE
    ..\..\..\Libraries\STM32_ETH_Driver\src\stm32_eth.c 0x00000000   Number         0  stm32_eth.o ABSOLUTE
    ..\..\..\Utilities\et_stm32f_arm_kit.c   0x00000000   Number         0  et_stm32f_arm_kit.o ABSOLUTE
    ..\..\..\Utilities\et_stm32f_arm_kit_i2c.c 0x00000000   Number         0  et_stm32f_arm_kit_i2c.o ABSOLUTE
    ..\..\..\Utilities\et_stm32f_arm_kit_lcd.c 0x00000000   Number         0  et_stm32f_arm_kit_lcd.o ABSOLUTE
    ..\..\..\Utilities\et_stm32f_arm_kit_uart.c 0x00000000   Number         0  et_stm32f_arm_kit_uart.o ABSOLUTE
    ..\\..\\..\\Libraries\\CMSIS\\Core\\CM3\\core_cm3.c 0x00000000   Number         0  core_cm3.o ABSOLUTE
    ..\main.c                                0x00000000   Number         0  main.o ABSOLUTE
    ..\stm32f10x_it.c                        0x00000000   Number         0  stm32f10x_it.o ABSOLUTE
    dc.s                                     0x00000000   Number         0  dc.o ABSOLUTE
    handlers.s                               0x00000000   Number         0  handlers.o ABSOLUTE
    init.s                                   0x00000000   Number         0  init.o ABSOLUTE
    RESET                                    0x08000000   Section      336  startup_stm32f10x_cl.o(RESET)
    .ARM.Collect$$$$00000000                 0x08000150   Section        0  entry.o(.ARM.Collect$$$$00000000)
    .ARM.Collect$$$$00000001                 0x08000150   Section        4  entry2.o(.ARM.Collect$$$$00000001)
    .ARM.Collect$$$$00000004                 0x08000154   Section        4  entry5.o(.ARM.Collect$$$$00000004)
    .ARM.Collect$$$$00000008                 0x08000158   Section        0  entry7b.o(.ARM.Collect$$$$00000008)
    .ARM.Collect$$$$0000000A                 0x08000158   Section        0  entry8b.o(.ARM.Collect$$$$0000000A)
    .ARM.Collect$$$$0000000B                 0x08000158   Section        8  entry9a.o(.ARM.Collect$$$$0000000B)
    .ARM.Collect$$$$0000000D                 0x08000160   Section        0  entry10a.o(.ARM.Collect$$$$0000000D)
    .ARM.Collect$$$$0000000F                 0x08000160   Section        0  entry11a.o(.ARM.Collect$$$$0000000F)
    .ARM.Collect$$$$00002712                 0x08000160   Section        4  entry2.o(.ARM.Collect$$$$00002712)
    __lit__00000000                          0x08000160   Data           4  entry2.o(.ARM.Collect$$$$00002712)
    .text                                    0x08000164   Section       28  startup_stm32f10x_cl.o(.text)
    .text                                    0x08000180   Section        0  memcpya.o(.text)
    .text                                    0x080001a4   Section       36  init.o(.text)
    i.ADC_Cmd                                0x080001c8   Section        0  stm32f10x_adc.o(i.ADC_Cmd)
    i.ADC_GetConversionValue                 0x080001dc   Section        0  stm32f10x_adc.o(i.ADC_GetConversionValue)
    i.ADC_GetFlagStatus                      0x080001e2   Section        0  stm32f10x_adc.o(i.ADC_GetFlagStatus)
    i.ADC_GetResetCalibrationStatus          0x080001f0   Section        0  stm32f10x_adc.o(i.ADC_GetResetCalibrationStatus)
    i.ADC_Init                               0x08000200   Section        0  stm32f10x_adc.o(i.ADC_Init)
    i.ADC_RegularChannelConfig               0x08000248   Section        0  stm32f10x_adc.o(i.ADC_RegularChannelConfig)
    i.ADC_ResetCalibration                   0x080002bc   Section        0  stm32f10x_adc.o(i.ADC_ResetCalibration)
    i.ADC_SoftwareStartConvCmd               0x080002c6   Section        0  stm32f10x_adc.o(i.ADC_SoftwareStartConvCmd)
    i.ADC_StartCalibration                   0x080002da   Section        0  stm32f10x_adc.o(i.ADC_StartCalibration)
    i.ADC_setup                              0x080002e4   Section        0  main.o(i.ADC_setup)
    i.BusFault_Handler                       0x08000364   Section        0  stm32f10x_it.o(i.BusFault_Handler)
    i.DebugMon_Handler                       0x08000366   Section        0  stm32f10x_it.o(i.DebugMon_Handler)
    i.ETH_IRQHandler                         0x08000368   Section        0  stm32f10x_it.o(i.ETH_IRQHandler)
    i.ETH_WKUP_IRQHandler                    0x0800036a   Section        0  stm32f10x_it.o(i.ETH_WKUP_IRQHandler)
    i.ET_STM32_LED_Toggle                    0x0800036c   Section        0  et_stm32f_arm_kit.o(i.ET_STM32_LED_Toggle)
    i.EXTI0_IRQHandler                       0x08000388   Section        0  main.o(i.EXTI0_IRQHandler)
    i.EXTI15_10_IRQHandler                   0x080003c4   Section        0  main.o(i.EXTI15_10_IRQHandler)
    i.EXTI_ClearITPendingBit                 0x08000410   Section        0  stm32f10x_exti.o(i.EXTI_ClearITPendingBit)
    i.EXTI_GetITStatus                       0x0800041c   Section        0  stm32f10x_exti.o(i.EXTI_GetITStatus)
    i.EXTI_Init                              0x0800043c   Section        0  stm32f10x_exti.o(i.EXTI_Init)
    i.EXTI_setup                             0x080004ac   Section        0  main.o(i.EXTI_setup)
    i.FLASH_PrefetchBufferCmd                0x080004fc   Section        0  stm32f10x_flash.o(i.FLASH_PrefetchBufferCmd)
    i.FLASH_SetLatency                       0x08000514   Section        0  stm32f10x_flash.o(i.FLASH_SetLatency)
    i.GPIO_EXTILineConfig                    0x08000528   Section        0  stm32f10x_gpio.o(i.GPIO_EXTILineConfig)
    i.GPIO_Init                              0x08000550   Section        0  stm32f10x_gpio.o(i.GPIO_Init)
    i.GPIO_PinRemapConfig                    0x080005f0   Section        0  stm32f10x_gpio.o(i.GPIO_PinRemapConfig)
    i.GPIO_ReadOutputDataBit                 0x08000638   Section        0  stm32f10x_gpio.o(i.GPIO_ReadOutputDataBit)
    i.GPIO_WriteBit                          0x08000646   Section        0  stm32f10x_gpio.o(i.GPIO_WriteBit)
    i.GPIO_setup                             0x08000650   Section        0  main.o(i.GPIO_setup)
    i.HardFault_Handler                      0x080006b4   Section        0  stm32f10x_it.o(i.HardFault_Handler)
    i.LCD_CS_StartByte                       0x080006b8   Section        0  et_stm32f_arm_kit_lcd.o(i.LCD_CS_StartByte)
    i.LCD_Clear                              0x080006e8   Section        0  et_stm32f_arm_kit_lcd.o(i.LCD_Clear)
    i.LCD_DisplayChar                        0x08000720   Section        0  et_stm32f_arm_kit_lcd.o(i.LCD_DisplayChar)
    i.LCD_DisplayStringLine                  0x08000738   Section        0  et_stm32f_arm_kit_lcd.o(i.LCD_DisplayStringLine)
    i.LCD_DrawChar                           0x08000768   Section        0  et_stm32f_arm_kit_lcd.o(i.LCD_DrawChar)
    i.LCD_GPIO_Config                        0x080007d8   Section        0  et_stm32f_arm_kit_lcd.o(i.LCD_GPIO_Config)
    i.LCD_SPIConfig                          0x08000820   Section        0  et_stm32f_arm_kit_lcd.o(i.LCD_SPIConfig)
    i.LCD_SetCursor                          0x080008ac   Section        0  et_stm32f_arm_kit_lcd.o(i.LCD_SetCursor)
    i.LCD_SetTextColor                       0x080008c4   Section        0  et_stm32f_arm_kit_lcd.o(i.LCD_SetTextColor)
    i.LCD_Setup                              0x080008d4   Section        0  et_stm32f_arm_kit_lcd.o(i.LCD_Setup)
    i.LCD_WriteRAM                           0x08000ae8   Section        0  et_stm32f_arm_kit_lcd.o(i.LCD_WriteRAM)
    i.LCD_WriteRAM_Prepare                   0x08000b1c   Section        0  et_stm32f_arm_kit_lcd.o(i.LCD_WriteRAM_Prepare)
    i.LCD_WriteReg                           0x08000b30   Section        0  et_stm32f_arm_kit_lcd.o(i.LCD_WriteReg)
    i.LCD_WriteRegIndex                      0x08000b80   Section        0  et_stm32f_arm_kit_lcd.o(i.LCD_WriteRegIndex)
    i.MemManage_Handler                      0x08000bcc   Section        0  stm32f10x_it.o(i.MemManage_Handler)
    i.NMI_Handler                            0x08000bce   Section        0  stm32f10x_it.o(i.NMI_Handler)
    i.NVIC_Init                              0x08000bd0   Section        0  misc.o(i.NVIC_Init)
    i.NVIC_PriorityGroupConfig               0x08000c34   Section        0  misc.o(i.NVIC_PriorityGroupConfig)
    i.NVIC_SetVectorTable                    0x08000c48   Section        0  misc.o(i.NVIC_SetVectorTable)
    i.NVIC_setup                             0x08000c5c   Section        0  main.o(i.NVIC_setup)
    i.OTG_FS_IRQHandler                      0x08000cc8   Section        0  stm32f10x_it.o(i.OTG_FS_IRQHandler)
    i.PendSV_Handler                         0x08000cca   Section        0  stm32f10x_it.o(i.PendSV_Handler)
    i.RCC_ADCCLKConfig                       0x08000ccc   Section        0  stm32f10x_rcc.o(i.RCC_ADCCLKConfig)
    i.RCC_APB1PeriphClockCmd                 0x08000ce0   Section        0  stm32f10x_rcc.o(i.RCC_APB1PeriphClockCmd)
    i.RCC_APB1PeriphResetCmd                 0x08000cf8   Section        0  stm32f10x_rcc.o(i.RCC_APB1PeriphResetCmd)
    i.RCC_APB2PeriphClockCmd                 0x08000d10   Section        0  stm32f10x_rcc.o(i.RCC_APB2PeriphClockCmd)
    i.RCC_APB2PeriphResetCmd                 0x08000d28   Section        0  stm32f10x_rcc.o(i.RCC_APB2PeriphResetCmd)
    i.RCC_DeInit                             0x08000d40   Section        0  stm32f10x_rcc.o(i.RCC_DeInit)
    i.RCC_GetClocksFreq                      0x08000d8c   Section        0  stm32f10x_rcc.o(i.RCC_GetClocksFreq)
    i.RCC_GetFlagStatus                      0x08000e54   Section        0  stm32f10x_rcc.o(i.RCC_GetFlagStatus)
    i.RCC_GetSYSCLKSource                    0x08000e84   Section        0  stm32f10x_rcc.o(i.RCC_GetSYSCLKSource)
    i.RCC_HCLKConfig                         0x08000e94   Section        0  stm32f10x_rcc.o(i.RCC_HCLKConfig)
    i.RCC_HSEConfig                          0x08000ea8   Section        0  stm32f10x_rcc.o(i.RCC_HSEConfig)
    i.RCC_PCLK1Config                        0x08000edc   Section        0  stm32f10x_rcc.o(i.RCC_PCLK1Config)
    i.RCC_PCLK2Config                        0x08000ef0   Section        0  stm32f10x_rcc.o(i.RCC_PCLK2Config)
    i.RCC_PLL2Cmd                            0x08000f04   Section        0  stm32f10x_rcc.o(i.RCC_PLL2Cmd)
    i.RCC_PLL2Config                         0x08000f10   Section        0  stm32f10x_rcc.o(i.RCC_PLL2Config)
    i.RCC_PLLCmd                             0x08000f24   Section        0  stm32f10x_rcc.o(i.RCC_PLLCmd)
    i.RCC_PLLConfig                          0x08000f30   Section        0  stm32f10x_rcc.o(i.RCC_PLLConfig)
    i.RCC_PREDIV1Config                      0x08000f44   Section        0  stm32f10x_rcc.o(i.RCC_PREDIV1Config)
    i.RCC_PREDIV2Config                      0x08000f60   Section        0  stm32f10x_rcc.o(i.RCC_PREDIV2Config)
    i.RCC_SYSCLKConfig                       0x08000f74   Section        0  stm32f10x_rcc.o(i.RCC_SYSCLKConfig)
    i.RCC_WaitForHSEStartUp                  0x08000f88   Section        0  stm32f10x_rcc.o(i.RCC_WaitForHSEStartUp)
    i.RCC_setup                              0x08000fb4   Section        0  main.o(i.RCC_setup)
    i.RTC_ClearITPendingBit                  0x08001048   Section        0  stm32f10x_rtc.o(i.RTC_ClearITPendingBit)
    i.RTC_EnterConfigMode                    0x08001058   Section        0  stm32f10x_rtc.o(i.RTC_EnterConfigMode)
    i.RTC_ExitConfigMode                     0x08001068   Section        0  stm32f10x_rtc.o(i.RTC_ExitConfigMode)
    i.RTC_GetCounter                         0x08001078   Section        0  stm32f10x_rtc.o(i.RTC_GetCounter)
    i.RTC_GetITStatus                        0x0800108c   Section        0  stm32f10x_rtc.o(i.RTC_GetITStatus)
    i.RTC_IRQHandler                         0x080010ac   Section        0  stm32f10x_it.o(i.RTC_IRQHandler)
    i.RTC_SetCounter                         0x080010f0   Section        0  stm32f10x_rtc.o(i.RTC_SetCounter)
    i.RTC_WaitForLastTask                    0x08001110   Section        0  stm32f10x_rtc.o(i.RTC_WaitForLastTask)
    i.SPI_Cmd                                0x08001120   Section        0  stm32f10x_spi.o(i.SPI_Cmd)
    i.SPI_I2S_DeInit                         0x08001134   Section        0  stm32f10x_spi.o(i.SPI_I2S_DeInit)
    i.SPI_I2S_GetFlagStatus                  0x08001188   Section        0  stm32f10x_spi.o(i.SPI_I2S_GetFlagStatus)
    i.SPI_I2S_SendData                       0x08001196   Section        0  stm32f10x_spi.o(i.SPI_I2S_SendData)
    i.SPI_Init                               0x0800119a   Section        0  stm32f10x_spi.o(i.SPI_Init)
    i.SVC_Handler                            0x080011d2   Section        0  stm32f10x_it.o(i.SVC_Handler)
    i.SysTick_CLKSourceConfig                0x080011d4   Section        0  misc.o(i.SysTick_CLKSourceConfig)
    i.SysTick_Handler                        0x080011ec   Section        0  main.o(i.SysTick_Handler)
    i.Systick_setup                          0x08001238   Section        0  main.o(i.Systick_setup)
    i.TIM1_UP_IRQHandler                     0x08001260   Section        0  main.o(i.TIM1_UP_IRQHandler)
    i.TIM1_setup                             0x08001278   Section        0  main.o(i.TIM1_setup)
    i.TIM_ClearITPendingBit                  0x080012c0   Section        0  stm32f10x_tim.o(i.TIM_ClearITPendingBit)
    i.TIM_Cmd                                0x080012c6   Section        0  stm32f10x_tim.o(i.TIM_Cmd)
    i.TIM_ITConfig                           0x080012dc   Section        0  stm32f10x_tim.o(i.TIM_ITConfig)
    i.TIM_TimeBaseInit                       0x080012ec   Section        0  stm32f10x_tim.o(i.TIM_TimeBaseInit)
    i.USART_Cmd                              0x08001328   Section        0  stm32f10x_usart.o(i.USART_Cmd)
    i.USART_GetFlagStatus                    0x0800133c   Section        0  stm32f10x_usart.o(i.USART_GetFlagStatus)
    i.USART_Init                             0x0800134c   Section        0  stm32f10x_usart.o(i.USART_Init)
    i.USART_Pin_setup                        0x080013d8   Section        0  main.o(i.USART_Pin_setup)
    i.USART_SendData                         0x0800149c   Section        0  stm32f10x_usart.o(i.USART_SendData)
    i.USART_setup                            0x080014a4   Section        0  main.o(i.USART_setup)
    i.UsageFault_Handler                     0x080014d6   Section        0  stm32f10x_it.o(i.UsageFault_Handler)
    i.__scatterload_copy                     0x080014d8   Section       14  handlers.o(i.__scatterload_copy)
    i.__scatterload_null                     0x080014e6   Section        2  handlers.o(i.__scatterload_null)
    i.__scatterload_zeroinit                 0x080014e8   Section       14  handlers.o(i.__scatterload_zeroinit)
    i.delay                                  0x080014f6   Section        0  main.o(i.delay)
    i.delay                                  0x0800151c   Section        0  et_stm32f_arm_kit_lcd.o(i.delay)
    delay                                    0x0800151d   Thumb Code    22  et_stm32f_arm_kit_lcd.o(i.delay)
    i.displayProgress                        0x08001538   Section        0  main.o(i.displayProgress)
    i.display_adc                            0x08001584   Section        0  main.o(i.display_adc)
    i.display_clock                          0x080015e0   Section        0  main.o(i.display_clock)
    i.main                                   0x08001658   Section        0  main.o(i.main)
    i.putChar                                0x08001794   Section        0  main.o(i.putChar)
    i.temp_average                           0x080017d0   Section        0  main.o(i.temp_average)
    i.temp_save                              0x0800196c   Section        0  main.o(i.temp_save)
    .constdata                               0x080019cc   Section      148  et_stm32f_arm_kit.o(.constdata)
    .constdata                               0x08001a60   Section     4560  et_stm32f_arm_kit_lcd.o(.constdata)
    .data                                    0x20000000   Section        4  main.o(.data)
    .data                                    0x20000004   Section       28  main.o(.data)
    TimingDelay                              0x2000001c   Data           4  main.o(.data)
    .data                                    0x20000020   Section       20  stm32f10x_rcc.o(.data)
    ADCPrescTable                            0x20000020   Data           4  stm32f10x_rcc.o(.data)
    APBAHBPrescTable                         0x20000024   Data          16  stm32f10x_rcc.o(.data)
    .data                                    0x20000034   Section       60  et_stm32f_arm_kit.o(.data)
    .data                                    0x20000070   Section        4  et_stm32f_arm_kit_lcd.o(.data)
    TextColor                                0x20000070   Data           2  et_stm32f_arm_kit_lcd.o(.data)
    BackColor                                0x20000072   Data           2  et_stm32f_arm_kit_lcd.o(.data)
    .bss                                     0x20000074   Section      120  main.o(.bss)
    STACK                                    0x200000f0   Section     4096  startup_stm32f10x_cl.o(STACK)

    Global Symbols

    Symbol Name                              Value     Ov Type        Size  Object(Section)

    BuildAttributes$$THM_ISAv4$P$D$K$B$S$PE$A:L22UL41UL21$X:L11$S22US41US21$IEEE1$IW$USESV6$~STKCKD$USESV7$~SHL$OSPACE$EBA8$MICROLIB$REQ8$PRES8$EABIv2 0x00000000   Number         0  anon$$obj.o ABSOLUTE
    __ARM_use_no_argv                        0x00000000   Number         0  main.o ABSOLUTE
    __cpp_initialize__aeabi_                  - Undefined Weak Reference
    __cxa_finalize                            - Undefined Weak Reference
    __decompress                              - Undefined Weak Reference
    _clock_init                               - Undefined Weak Reference
    _microlib_exit                            - Undefined Weak Reference
    __Vectors_Size                           0x00000150   Number         0  startup_stm32f10x_cl.o ABSOLUTE
    __Vectors                                0x08000000   Data           4  startup_stm32f10x_cl.o(RESET)
    __Vectors_End                            0x08000150   Data           0  startup_stm32f10x_cl.o(RESET)
    __main                                   0x08000151   Thumb Code     0  entry.o(.ARM.Collect$$$$00000000)
    _main_stk                                0x08000151   Thumb Code     0  entry2.o(.ARM.Collect$$$$00000001)
    _main_scatterload                        0x08000155   Thumb Code     0  entry5.o(.ARM.Collect$$$$00000004)
    __main_after_scatterload                 0x08000159   Thumb Code     0  entry5.o(.ARM.Collect$$$$00000004)
    _main_clock                              0x08000159   Thumb Code     0  entry7b.o(.ARM.Collect$$$$00000008)
    _main_cpp_init                           0x08000159   Thumb Code     0  entry8b.o(.ARM.Collect$$$$0000000A)
    _main_init                               0x08000159   Thumb Code     0  entry9a.o(.ARM.Collect$$$$0000000B)
    __rt_final_cpp                           0x08000161   Thumb Code     0  entry10a.o(.ARM.Collect$$$$0000000D)
    __rt_final_exit                          0x08000161   Thumb Code     0  entry11a.o(.ARM.Collect$$$$0000000F)
    Reset_Handler                            0x08000165   Thumb Code     4  startup_stm32f10x_cl.o(.text)
    ADC1_2_IRQHandler                        0x0800017b   Thumb Code     0  startup_stm32f10x_cl.o(.text)
    CAN1_RX0_IRQHandler                      0x0800017b   Thumb Code     0  startup_stm32f10x_cl.o(.text)
    CAN1_RX1_IRQHandler                      0x0800017b   Thumb Code     0  startup_stm32f10x_cl.o(.text)
    CAN1_SCE_IRQHandler                      0x0800017b   Thumb Code     0  startup_stm32f10x_cl.o(.text)
    CAN1_TX_IRQHandler                       0x0800017b   Thumb Code     0  startup_stm32f10x_cl.o(.text)
    CAN2_RX0_IRQHandler                      0x0800017b   Thumb Code     0  startup_stm32f10x_cl.o(.text)
    CAN2_RX1_IRQHandler                      0x0800017b   Thumb Code     0  startup_stm32f10x_cl.o(.text)
    CAN2_SCE_IRQHandler                      0x0800017b   Thumb Code     0  startup_stm32f10x_cl.o(.text)
    CAN2_TX_IRQHandler                       0x0800017b   Thumb Code     0  startup_stm32f10x_cl.o(.text)
    DMA1_Channel1_IRQHandler                 0x0800017b   Thumb Code     0  startup_stm32f10x_cl.o(.text)
    DMA1_Channel2_IRQHandler                 0x0800017b   Thumb Code     0  startup_stm32f10x_cl.o(.text)
    DMA1_Channel3_IRQHandler                 0x0800017b   Thumb Code     0  startup_stm32f10x_cl.o(.text)
    DMA1_Channel4_IRQHandler                 0x0800017b   Thumb Code     0  startup_stm32f10x_cl.o(.text)
    DMA1_Channel5_IRQHandler                 0x0800017b   Thumb Code     0  startup_stm32f10x_cl.o(.text)
    DMA1_Channel6_IRQHandler                 0x0800017b   Thumb Code     0  startup_stm32f10x_cl.o(.text)
    DMA1_Channel7_IRQHandler                 0x0800017b   Thumb Code     0  startup_stm32f10x_cl.o(.text)
    DMA2_Channel1_IRQHandler                 0x0800017b   Thumb Code     0  startup_stm32f10x_cl.o(.text)
    DMA2_Channel2_IRQHandler                 0x0800017b   Thumb Code     0  startup_stm32f10x_cl.o(.text)
    DMA2_Channel3_IRQHandler                 0x0800017b   Thumb Code     0  startup_stm32f10x_cl.o(.text)
    DMA2_Channel4_IRQHandler                 0x0800017b   Thumb Code     0  startup_stm32f10x_cl.o(.text)
    DMA2_Channel5_IRQHandler                 0x0800017b   Thumb Code     0  startup_stm32f10x_cl.o(.text)
    EXTI1_IRQHandler                         0x0800017b   Thumb Code     0  startup_stm32f10x_cl.o(.text)
    EXTI2_IRQHandler                         0x0800017b   Thumb Code     0  startup_stm32f10x_cl.o(.text)
    EXTI3_IRQHandler                         0x0800017b   Thumb Code     0  startup_stm32f10x_cl.o(.text)
    EXTI4_IRQHandler                         0x0800017b   Thumb Code     0  startup_stm32f10x_cl.o(.text)
    EXTI9_5_IRQHandler                       0x0800017b   Thumb Code     0  startup_stm32f10x_cl.o(.text)
    FLASH_IRQHandler                         0x0800017b   Thumb Code     0  startup_stm32f10x_cl.o(.text)
    I2C1_ER_IRQHandler                       0x0800017b   Thumb Code     0  startup_stm32f10x_cl.o(.text)
    I2C1_EV_IRQHandler                       0x0800017b   Thumb Code     0  startup_stm32f10x_cl.o(.text)
    I2C2_ER_IRQHandler                       0x0800017b   Thumb Code     0  startup_stm32f10x_cl.o(.text)
    I2C2_EV_IRQHandler                       0x0800017b   Thumb Code     0  startup_stm32f10x_cl.o(.text)
    OTG_FS_WKUP_IRQHandler                   0x0800017b   Thumb Code     0  startup_stm32f10x_cl.o(.text)
    PVD_IRQHandler                           0x0800017b   Thumb Code     0  startup_stm32f10x_cl.o(.text)
    RCC_IRQHandler                           0x0800017b   Thumb Code     0  startup_stm32f10x_cl.o(.text)
    RTCAlarm_IRQHandler                      0x0800017b   Thumb Code     0  startup_stm32f10x_cl.o(.text)
    SPI1_IRQHandler                          0x0800017b   Thumb Code     0  startup_stm32f10x_cl.o(.text)
    SPI2_IRQHandler                          0x0800017b   Thumb Code     0  startup_stm32f10x_cl.o(.text)
    SPI3_IRQHandler                          0x0800017b   Thumb Code     0  startup_stm32f10x_cl.o(.text)
    TAMPER_IRQHandler                        0x0800017b   Thumb Code     0  startup_stm32f10x_cl.o(.text)
    TIM1_BRK_IRQHandler                      0x0800017b   Thumb Code     0  startup_stm32f10x_cl.o(.text)
    TIM1_CC_IRQHandler                       0x0800017b   Thumb Code     0  startup_stm32f10x_cl.o(.text)
    TIM1_TRG_COM_IRQHandler                  0x0800017b   Thumb Code     0  startup_stm32f10x_cl.o(.text)
    TIM2_IRQHandler                          0x0800017b   Thumb Code     0  startup_stm32f10x_cl.o(.text)
    TIM3_IRQHandler                          0x0800017b   Thumb Code     0  startup_stm32f10x_cl.o(.text)
    TIM4_IRQHandler                          0x0800017b   Thumb Code     0  startup_stm32f10x_cl.o(.text)
    TIM5_IRQHandler                          0x0800017b   Thumb Code     0  startup_stm32f10x_cl.o(.text)
    TIM6_IRQHandler                          0x0800017b   Thumb Code     0  startup_stm32f10x_cl.o(.text)
    TIM7_IRQHandler                          0x0800017b   Thumb Code     0  startup_stm32f10x_cl.o(.text)
    UART4_IRQHandler                         0x0800017b   Thumb Code     0  startup_stm32f10x_cl.o(.text)
    UART5_IRQHandler                         0x0800017b   Thumb Code     0  startup_stm32f10x_cl.o(.text)
    USART1_IRQHandler                        0x0800017b   Thumb Code     0  startup_stm32f10x_cl.o(.text)
    USART2_IRQHandler                        0x0800017b   Thumb Code     0  startup_stm32f10x_cl.o(.text)
    USART3_IRQHandler                        0x0800017b   Thumb Code     0  startup_stm32f10x_cl.o(.text)
    WWDG_IRQHandler                          0x0800017b   Thumb Code     0  startup_stm32f10x_cl.o(.text)
    __aeabi_memcpy                           0x08000181   Thumb Code    36  memcpya.o(.text)
    __aeabi_memcpy4                          0x08000181   Thumb Code     0  memcpya.o(.text)
    __aeabi_memcpy8                          0x08000181   Thumb Code     0  memcpya.o(.text)
    __scatterload                            0x080001a5   Thumb Code    28  init.o(.text)
    __scatterload_rt2                        0x080001a5   Thumb Code     0  init.o(.text)
    ADC_Cmd                                  0x080001c9   Thumb Code    20  stm32f10x_adc.o(i.ADC_Cmd)
    ADC_GetConversionValue                   0x080001dd   Thumb Code     6  stm32f10x_adc.o(i.ADC_GetConversionValue)
    ADC_GetFlagStatus                        0x080001e3   Thumb Code    14  stm32f10x_adc.o(i.ADC_GetFlagStatus)
    ADC_GetResetCalibrationStatus            0x080001f1   Thumb Code    14  stm32f10x_adc.o(i.ADC_GetResetCalibrationStatus)
    ADC_Init                                 0x08000201   Thumb Code    62  stm32f10x_adc.o(i.ADC_Init)
    ADC_RegularChannelConfig                 0x08000249   Thumb Code   116  stm32f10x_adc.o(i.ADC_RegularChannelConfig)
    ADC_ResetCalibration                     0x080002bd   Thumb Code    10  stm32f10x_adc.o(i.ADC_ResetCalibration)
    ADC_SoftwareStartConvCmd                 0x080002c7   Thumb Code    20  stm32f10x_adc.o(i.ADC_SoftwareStartConvCmd)
    ADC_StartCalibration                     0x080002db   Thumb Code    10  stm32f10x_adc.o(i.ADC_StartCalibration)
    ADC_setup                                0x080002e5   Thumb Code   120  main.o(i.ADC_setup)
    BusFault_Handler                         0x08000365   Thumb Code     2  stm32f10x_it.o(i.BusFault_Handler)
    DebugMon_Handler                         0x08000367   Thumb Code     2  stm32f10x_it.o(i.DebugMon_Handler)
    ETH_IRQHandler                           0x08000369   Thumb Code     2  stm32f10x_it.o(i.ETH_IRQHandler)
    ETH_WKUP_IRQHandler                      0x0800036b   Thumb Code     2  stm32f10x_it.o(i.ETH_WKUP_IRQHandler)
    ET_STM32_LED_Toggle                      0x0800036d   Thumb Code    20  et_stm32f_arm_kit.o(i.ET_STM32_LED_Toggle)
    EXTI0_IRQHandler                         0x08000389   Thumb Code    56  main.o(i.EXTI0_IRQHandler)
    EXTI15_10_IRQHandler                     0x080003c5   Thumb Code    70  main.o(i.EXTI15_10_IRQHandler)
    EXTI_ClearITPendingBit                   0x08000411   Thumb Code     6  stm32f10x_exti.o(i.EXTI_ClearITPendingBit)
    EXTI_GetITStatus                         0x0800041d   Thumb Code    28  stm32f10x_exti.o(i.EXTI_GetITStatus)
    EXTI_Init                                0x0800043d   Thumb Code   108  stm32f10x_exti.o(i.EXTI_Init)
    EXTI_setup                               0x080004ad   Thumb Code    80  main.o(i.EXTI_setup)
    FLASH_PrefetchBufferCmd                  0x080004fd   Thumb Code    18  stm32f10x_flash.o(i.FLASH_PrefetchBufferCmd)
    FLASH_SetLatency                         0x08000515   Thumb Code    14  stm32f10x_flash.o(i.FLASH_SetLatency)
    GPIO_EXTILineConfig                      0x08000529   Thumb Code    34  stm32f10x_gpio.o(i.GPIO_EXTILineConfig)
    GPIO_Init                                0x08000551   Thumb Code   158  stm32f10x_gpio.o(i.GPIO_Init)
    GPIO_PinRemapConfig                      0x080005f1   Thumb Code    66  stm32f10x_gpio.o(i.GPIO_PinRemapConfig)
    GPIO_ReadOutputDataBit                   0x08000639   Thumb Code    14  stm32f10x_gpio.o(i.GPIO_ReadOutputDataBit)
    GPIO_WriteBit                            0x08000647   Thumb Code    10  stm32f10x_gpio.o(i.GPIO_WriteBit)
    GPIO_setup                               0x08000651   Thumb Code    86  main.o(i.GPIO_setup)
    HardFault_Handler                        0x080006b5   Thumb Code     2  stm32f10x_it.o(i.HardFault_Handler)
    LCD_CS_StartByte                         0x080006b9   Thumb Code    40  et_stm32f_arm_kit_lcd.o(i.LCD_CS_StartByte)
    LCD_Clear                                0x080006e9   Thumb Code    50  et_stm32f_arm_kit_lcd.o(i.LCD_Clear)
    LCD_DisplayChar                          0x08000721   Thumb Code    18  et_stm32f_arm_kit_lcd.o(i.LCD_DisplayChar)
    LCD_DisplayStringLine                    0x08000739   Thumb Code    46  et_stm32f_arm_kit_lcd.o(i.LCD_DisplayStringLine)
    LCD_DrawChar                             0x08000769   Thumb Code   102  et_stm32f_arm_kit_lcd.o(i.LCD_DrawChar)
    LCD_GPIO_Config                          0x080007d9   Thumb Code    62  et_stm32f_arm_kit_lcd.o(i.LCD_GPIO_Config)
    LCD_SPIConfig                            0x08000821   Thumb Code   128  et_stm32f_arm_kit_lcd.o(i.LCD_SPIConfig)
    LCD_SetCursor                            0x080008ad   Thumb Code    24  et_stm32f_arm_kit_lcd.o(i.LCD_SetCursor)
    LCD_SetTextColor                         0x080008c5   Thumb Code    12  et_stm32f_arm_kit_lcd.o(i.LCD_SetTextColor)
    LCD_Setup                                0x080008d5   Thumb Code   528  et_stm32f_arm_kit_lcd.o(i.LCD_Setup)
    LCD_WriteRAM                             0x08000ae9   Thumb Code    48  et_stm32f_arm_kit_lcd.o(i.LCD_WriteRAM)
    LCD_WriteRAM_Prepare                     0x08000b1d   Thumb Code    18  et_stm32f_arm_kit_lcd.o(i.LCD_WriteRAM_Prepare)
    LCD_WriteReg                             0x08000b31   Thumb Code    70  et_stm32f_arm_kit_lcd.o(i.LCD_WriteReg)
    LCD_WriteRegIndex                        0x08000b81   Thumb Code    66  et_stm32f_arm_kit_lcd.o(i.LCD_WriteRegIndex)
    MemManage_Handler                        0x08000bcd   Thumb Code     2  stm32f10x_it.o(i.MemManage_Handler)
    NMI_Handler                              0x08000bcf   Thumb Code     2  stm32f10x_it.o(i.NMI_Handler)
    NVIC_Init                                0x08000bd1   Thumb Code    90  misc.o(i.NVIC_Init)
    NVIC_PriorityGroupConfig                 0x08000c35   Thumb Code    10  misc.o(i.NVIC_PriorityGroupConfig)
    NVIC_SetVectorTable                      0x08000c49   Thumb Code    12  misc.o(i.NVIC_SetVectorTable)
    NVIC_setup                               0x08000c5d   Thumb Code   108  main.o(i.NVIC_setup)
    OTG_FS_IRQHandler                        0x08000cc9   Thumb Code     2  stm32f10x_it.o(i.OTG_FS_IRQHandler)
    PendSV_Handler                           0x08000ccb   Thumb Code     2  stm32f10x_it.o(i.PendSV_Handler)
    RCC_ADCCLKConfig                         0x08000ccd   Thumb Code    14  stm32f10x_rcc.o(i.RCC_ADCCLKConfig)
    RCC_APB1PeriphClockCmd                   0x08000ce1   Thumb Code    18  stm32f10x_rcc.o(i.RCC_APB1PeriphClockCmd)
    RCC_APB1PeriphResetCmd                   0x08000cf9   Thumb Code    18  stm32f10x_rcc.o(i.RCC_APB1PeriphResetCmd)
    RCC_APB2PeriphClockCmd                   0x08000d11   Thumb Code    18  stm32f10x_rcc.o(i.RCC_APB2PeriphClockCmd)
    RCC_APB2PeriphResetCmd                   0x08000d29   Thumb Code    18  stm32f10x_rcc.o(i.RCC_APB2PeriphResetCmd)
    RCC_DeInit                               0x08000d41   Thumb Code    62  stm32f10x_rcc.o(i.RCC_DeInit)
    RCC_GetClocksFreq                        0x08000d8d   Thumb Code   178  stm32f10x_rcc.o(i.RCC_GetClocksFreq)
    RCC_GetFlagStatus                        0x08000e55   Thumb Code    44  stm32f10x_rcc.o(i.RCC_GetFlagStatus)
    RCC_GetSYSCLKSource                      0x08000e85   Thumb Code    10  stm32f10x_rcc.o(i.RCC_GetSYSCLKSource)
    RCC_HCLKConfig                           0x08000e95   Thumb Code    14  stm32f10x_rcc.o(i.RCC_HCLKConfig)
    RCC_HSEConfig                            0x08000ea9   Thumb Code    48  stm32f10x_rcc.o(i.RCC_HSEConfig)
    RCC_PCLK1Config                          0x08000edd   Thumb Code    14  stm32f10x_rcc.o(i.RCC_PCLK1Config)
    RCC_PCLK2Config                          0x08000ef1   Thumb Code    16  stm32f10x_rcc.o(i.RCC_PCLK2Config)
    RCC_PLL2Cmd                              0x08000f05   Thumb Code     6  stm32f10x_rcc.o(i.RCC_PLL2Cmd)
    RCC_PLL2Config                           0x08000f11   Thumb Code    14  stm32f10x_rcc.o(i.RCC_PLL2Config)
    RCC_PLLCmd                               0x08000f25   Thumb Code     6  stm32f10x_rcc.o(i.RCC_PLLCmd)
    RCC_PLLConfig                            0x08000f31   Thumb Code    16  stm32f10x_rcc.o(i.RCC_PLLConfig)
    RCC_PREDIV1Config                        0x08000f45   Thumb Code    18  stm32f10x_rcc.o(i.RCC_PREDIV1Config)
    RCC_PREDIV2Config                        0x08000f61   Thumb Code    14  stm32f10x_rcc.o(i.RCC_PREDIV2Config)
    RCC_SYSCLKConfig                         0x08000f75   Thumb Code    14  stm32f10x_rcc.o(i.RCC_SYSCLKConfig)
    RCC_WaitForHSEStartUp                    0x08000f89   Thumb Code    44  stm32f10x_rcc.o(i.RCC_WaitForHSEStartUp)
    RCC_setup                                0x08000fb5   Thumb Code   146  main.o(i.RCC_setup)
    RTC_ClearITPendingBit                    0x08001049   Thumb Code    10  stm32f10x_rtc.o(i.RTC_ClearITPendingBit)
    RTC_EnterConfigMode                      0x08001059   Thumb Code    12  stm32f10x_rtc.o(i.RTC_EnterConfigMode)
    RTC_ExitConfigMode                       0x08001069   Thumb Code    12  stm32f10x_rtc.o(i.RTC_ExitConfigMode)
    RTC_GetCounter                           0x08001079   Thumb Code    16  stm32f10x_rtc.o(i.RTC_GetCounter)
    RTC_GetITStatus                          0x0800108d   Thumb Code    28  stm32f10x_rtc.o(i.RTC_GetITStatus)
    RTC_IRQHandler                           0x080010ad   Thumb Code    60  stm32f10x_it.o(i.RTC_IRQHandler)
    RTC_SetCounter                           0x080010f1   Thumb Code    26  stm32f10x_rtc.o(i.RTC_SetCounter)
    RTC_WaitForLastTask                      0x08001111   Thumb Code    10  stm32f10x_rtc.o(i.RTC_WaitForLastTask)
    SPI_Cmd                                  0x08001121   Thumb Code    20  stm32f10x_spi.o(i.SPI_Cmd)
    SPI_I2S_DeInit                           0x08001135   Thumb Code    72  stm32f10x_spi.o(i.SPI_I2S_DeInit)
    SPI_I2S_GetFlagStatus                    0x08001189   Thumb Code    14  stm32f10x_spi.o(i.SPI_I2S_GetFlagStatus)
    SPI_I2S_SendData                         0x08001197   Thumb Code     4  stm32f10x_spi.o(i.SPI_I2S_SendData)
    SPI_Init                                 0x0800119b   Thumb Code    56  stm32f10x_spi.o(i.SPI_Init)
    SVC_Handler                              0x080011d3   Thumb Code     2  stm32f10x_it.o(i.SVC_Handler)
    SysTick_CLKSourceConfig                  0x080011d5   Thumb Code    24  misc.o(i.SysTick_CLKSourceConfig)
    SysTick_Handler                          0x080011ed   Thumb Code    72  main.o(i.SysTick_Handler)
    Systick_setup                            0x08001239   Thumb Code    32  main.o(i.Systick_setup)
    TIM1_UP_IRQHandler                       0x08001261   Thumb Code    16  main.o(i.TIM1_UP_IRQHandler)
    TIM1_setup                               0x08001279   Thumb Code    68  main.o(i.TIM1_setup)
    TIM_ClearITPendingBit                    0x080012c1   Thumb Code     6  stm32f10x_tim.o(i.TIM_ClearITPendingBit)
    TIM_Cmd                                  0x080012c7   Thumb Code    22  stm32f10x_tim.o(i.TIM_Cmd)
    TIM_ITConfig                             0x080012dd   Thumb Code    16  stm32f10x_tim.o(i.TIM_ITConfig)
    TIM_TimeBaseInit                         0x080012ed   Thumb Code    50  stm32f10x_tim.o(i.TIM_TimeBaseInit)
    USART_Cmd                                0x08001329   Thumb Code    20  stm32f10x_usart.o(i.USART_Cmd)
    USART_GetFlagStatus                      0x0800133d   Thumb Code    14  stm32f10x_usart.o(i.USART_GetFlagStatus)
    USART_Init                               0x0800134d   Thumb Code   134  stm32f10x_usart.o(i.USART_Init)
    USART_Pin_setup                          0x080013d9   Thumb Code   178  main.o(i.USART_Pin_setup)
    USART_SendData                           0x0800149d   Thumb Code     8  stm32f10x_usart.o(i.USART_SendData)
    USART_setup                              0x080014a5   Thumb Code    50  main.o(i.USART_setup)
    UsageFault_Handler                       0x080014d7   Thumb Code     2  stm32f10x_it.o(i.UsageFault_Handler)
    __scatterload_copy                       0x080014d9   Thumb Code    14  handlers.o(i.__scatterload_copy)
    __scatterload_null                       0x080014e7   Thumb Code     2  handlers.o(i.__scatterload_null)
    __scatterload_zeroinit                   0x080014e9   Thumb Code    14  handlers.o(i.__scatterload_zeroinit)
    delay                                    0x080014f7   Thumb Code    38  main.o(i.delay)
    displayProgress                          0x08001539   Thumb Code    54  main.o(i.displayProgress)
    display_adc                              0x08001585   Thumb Code    88  main.o(i.display_adc)
    display_clock                            0x080015e1   Thumb Code   116  main.o(i.display_clock)
    main                                     0x08001659   Thumb Code   308  main.o(i.main)
    putChar                                  0x08001795   Thumb Code    50  main.o(i.putChar)
    temp_average                             0x080017d1   Thumb Code   408  main.o(i.temp_average)
    temp_save                                0x0800196d   Thumb Code    82  main.o(i.temp_save)
    GPIO_PIN                                 0x080019cc   Data          16  et_stm32f_arm_kit.o(.constdata)
    GPIO_CLK                                 0x080019dc   Data          32  et_stm32f_arm_kit.o(.constdata)
    BUTTON_PIN                               0x080019fc   Data          14  et_stm32f_arm_kit.o(.constdata)
    BUTTON_CLK                               0x08001a0c   Data          28  et_stm32f_arm_kit.o(.constdata)
    BUTTON_EXTI_LINE                         0x08001a28   Data          14  et_stm32f_arm_kit.o(.constdata)
    BUTTON_PORT_SOURCE                       0x08001a36   Data          14  et_stm32f_arm_kit.o(.constdata)
    BUTTON_PIN_SOURCE                        0x08001a44   Data          14  et_stm32f_arm_kit.o(.constdata)
    BUTTON_IRQn                              0x08001a52   Data          14  et_stm32f_arm_kit.o(.constdata)
    ASCII_Table                              0x08001a60   Data        4560  et_stm32f_arm_kit_lcd.o(.constdata)
    Region$$Table$$Base                      0x08002c30   Number         0  anon$$obj.o(Region$$Table)
    Region$$Table$$Limit                     0x08002c50   Number         0  anon$$obj.o(Region$$Table)
    TimeDisplay                              0x20000000   Data           4  main.o(.data)
    temp                                     0x20000004   Data           2  main.o(.data)
    sys_ms                                   0x20000008   Data           4  main.o(.data)
    ms                                       0x2000000c   Data           4  main.o(.data)
    hh                                       0x20000010   Data           4  main.o(.data)
    mm                                       0x20000014   Data           4  main.o(.data)
    ss                                       0x20000018   Data           4  main.o(.data)
    GPIO_PORT                                0x20000034   Data          32  et_stm32f_arm_kit.o(.data)
    BUTTON_PORT                              0x20000054   Data          28  et_stm32f_arm_kit.o(.data)
    temp_list                                0x20000074   Data         120  main.o(.bss)
    __initial_sp                             0x200010f0   Data           0  startup_stm32f10x_cl.o(STACK)



==============================================================================

Memory Map of the image

  Image Entry point : 0x08000151

  Load Region LR_IROM1 (Base: 0x08000000, Size: 0x00002cc4, Max: 0x00040000, ABSOLUTE)

    Execution Region ER_IROM1 (Base: 0x08000000, Size: 0x00002c50, Max: 0x00040000, ABSOLUTE)

    Base Addr    Size         Type   Attr      Idx    E Section Name        Object

    0x08000000   0x00000150   Data   RO         3928    RESET               startup_stm32f10x_cl.o
    0x08000150   0x00000000   Code   RO         3933  * .ARM.Collect$$$$00000000  mc_w.l(entry.o)
    0x08000150   0x00000004   Code   RO         3940    .ARM.Collect$$$$00000001  mc_w.l(entry2.o)
    0x08000154   0x00000004   Code   RO         3943    .ARM.Collect$$$$00000004  mc_w.l(entry5.o)
    0x08000158   0x00000000   Code   RO         3945    .ARM.Collect$$$$00000008  mc_w.l(entry7b.o)
    0x08000158   0x00000000   Code   RO         3947    .ARM.Collect$$$$0000000A  mc_w.l(entry8b.o)
    0x08000158   0x00000008   Code   RO         3948    .ARM.Collect$$$$0000000B  mc_w.l(entry9a.o)
    0x08000160   0x00000000   Code   RO         3950    .ARM.Collect$$$$0000000D  mc_w.l(entry10a.o)
    0x08000160   0x00000000   Code   RO         3952    .ARM.Collect$$$$0000000F  mc_w.l(entry11a.o)
    0x08000160   0x00000004   Code   RO         3941    .ARM.Collect$$$$00002712  mc_w.l(entry2.o)
    0x08000164   0x0000001c   Code   RO         3929    .text               startup_stm32f10x_cl.o
    0x08000180   0x00000024   Code   RO         3936    .text               mc_w.l(memcpya.o)
    0x080001a4   0x00000024   Code   RO         3954    .text               mc_w.l(init.o)
    0x080001c8   0x00000014   Code   RO         1361    i.ADC_Cmd           stm32f10x_adc.o
    0x080001dc   0x00000006   Code   RO         1370    i.ADC_GetConversionValue  stm32f10x_adc.o
    0x080001e2   0x0000000e   Code   RO         1372    i.ADC_GetFlagStatus  stm32f10x_adc.o
    0x080001f0   0x0000000e   Code   RO         1375    i.ADC_GetResetCalibrationStatus  stm32f10x_adc.o
    0x080001fe   0x00000002   PAD
    0x08000200   0x00000048   Code   RO         1379    i.ADC_Init          stm32f10x_adc.o
    0x08000248   0x00000074   Code   RO         1383    i.ADC_RegularChannelConfig  stm32f10x_adc.o
    0x080002bc   0x0000000a   Code   RO         1384    i.ADC_ResetCalibration  stm32f10x_adc.o
    0x080002c6   0x00000014   Code   RO         1386    i.ADC_SoftwareStartConvCmd  stm32f10x_adc.o
    0x080002da   0x0000000a   Code   RO         1388    i.ADC_StartCalibration  stm32f10x_adc.o
    0x080002e4   0x00000080   Code   RO            1    i.ADC_setup         main.o
    0x08000364   0x00000002   Code   RO          253    i.BusFault_Handler  stm32f10x_it.o
    0x08000366   0x00000002   Code   RO          254    i.DebugMon_Handler  stm32f10x_it.o
    0x08000368   0x00000002   Code   RO          255    i.ETH_IRQHandler    stm32f10x_it.o
    0x0800036a   0x00000002   Code   RO          256    i.ETH_WKUP_IRQHandler  stm32f10x_it.o
    0x0800036c   0x0000001c   Code   RO         2894    i.ET_STM32_LED_Toggle  et_stm32f_arm_kit.o
    0x08000388   0x0000003c   Code   RO            2    i.EXTI0_IRQHandler  main.o
    0x080003c4   0x0000004c   Code   RO            3    i.EXTI15_10_IRQHandler  main.o
    0x08000410   0x0000000c   Code   RO          858    i.EXTI_ClearITPendingBit  stm32f10x_exti.o
    0x0800041c   0x00000020   Code   RO          862    i.EXTI_GetITStatus  stm32f10x_exti.o
    0x0800043c   0x00000070   Code   RO          863    i.EXTI_Init         stm32f10x_exti.o
    0x080004ac   0x00000050   Code   RO            4    i.EXTI_setup        main.o
    0x080004fc   0x00000018   Code   RO         2100    i.FLASH_PrefetchBufferCmd  stm32f10x_flash.o
    0x08000514   0x00000014   Code   RO         2105    i.FLASH_SetLatency  stm32f10x_flash.o
    0x08000528   0x00000028   Code   RO          701    i.GPIO_EXTILineConfig  stm32f10x_gpio.o
    0x08000550   0x0000009e   Code   RO          704    i.GPIO_Init         stm32f10x_gpio.o
    0x080005ee   0x00000002   PAD
    0x080005f0   0x00000048   Code   RO          706    i.GPIO_PinRemapConfig  stm32f10x_gpio.o
    0x08000638   0x0000000e   Code   RO          710    i.GPIO_ReadOutputDataBit  stm32f10x_gpio.o
    0x08000646   0x0000000a   Code   RO          715    i.GPIO_WriteBit     stm32f10x_gpio.o
    0x08000650   0x00000064   Code   RO            5    i.GPIO_setup        main.o
    0x080006b4   0x00000002   Code   RO          257    i.HardFault_Handler  stm32f10x_it.o
    0x080006b6   0x00000002   PAD
    0x080006b8   0x00000030   Code   RO         3038    i.LCD_CS_StartByte  et_stm32f_arm_kit_lcd.o
    0x080006e8   0x00000038   Code   RO         3039    i.LCD_Clear         et_stm32f_arm_kit_lcd.o
    0x08000720   0x00000018   Code   RO         3041    i.LCD_DisplayChar   et_stm32f_arm_kit_lcd.o
    0x08000738   0x0000002e   Code   RO         3044    i.LCD_DisplayStringLine  et_stm32f_arm_kit_lcd.o
    0x08000766   0x00000002   PAD
    0x08000768   0x00000070   Code   RO         3045    i.LCD_DrawChar      et_stm32f_arm_kit_lcd.o
    0x080007d8   0x00000048   Code   RO         3050    i.LCD_GPIO_Config   et_stm32f_arm_kit_lcd.o
    0x08000820   0x0000008c   Code   RO         3053    i.LCD_SPIConfig     et_stm32f_arm_kit_lcd.o
    0x080008ac   0x00000018   Code   RO         3055    i.LCD_SetCursor     et_stm32f_arm_kit_lcd.o
    0x080008c4   0x00000010   Code   RO         3057    i.LCD_SetTextColor  et_stm32f_arm_kit_lcd.o
    0x080008d4   0x00000214   Code   RO         3058    i.LCD_Setup         et_stm32f_arm_kit_lcd.o
    0x08000ae8   0x00000034   Code   RO         3060    i.LCD_WriteRAM      et_stm32f_arm_kit_lcd.o
    0x08000b1c   0x00000012   Code   RO         3062    i.LCD_WriteRAM_Prepare  et_stm32f_arm_kit_lcd.o
    0x08000b2e   0x00000002   PAD
    0x08000b30   0x00000050   Code   RO         3063    i.LCD_WriteReg      et_stm32f_arm_kit_lcd.o
    0x08000b80   0x0000004c   Code   RO         3064    i.LCD_WriteRegIndex  et_stm32f_arm_kit_lcd.o
    0x08000bcc   0x00000002   Code   RO          258    i.MemManage_Handler  stm32f10x_it.o
    0x08000bce   0x00000002   Code   RO          259    i.NMI_Handler       stm32f10x_it.o
    0x08000bd0   0x00000064   Code   RO          818    i.NVIC_Init         misc.o
    0x08000c34   0x00000014   Code   RO          819    i.NVIC_PriorityGroupConfig  misc.o
    0x08000c48   0x00000014   Code   RO          820    i.NVIC_SetVectorTable  misc.o
    0x08000c5c   0x0000006c   Code   RO            6    i.NVIC_setup        main.o
    0x08000cc8   0x00000002   Code   RO          260    i.OTG_FS_IRQHandler  stm32f10x_it.o
    0x08000cca   0x00000002   Code   RO          261    i.PendSV_Handler    stm32f10x_it.o
    0x08000ccc   0x00000014   Code   RO          389    i.RCC_ADCCLKConfig  stm32f10x_rcc.o
    0x08000ce0   0x00000018   Code   RO          392    i.RCC_APB1PeriphClockCmd  stm32f10x_rcc.o
    0x08000cf8   0x00000018   Code   RO          393    i.RCC_APB1PeriphResetCmd  stm32f10x_rcc.o
    0x08000d10   0x00000018   Code   RO          394    i.RCC_APB2PeriphClockCmd  stm32f10x_rcc.o
    0x08000d28   0x00000018   Code   RO          395    i.RCC_APB2PeriphResetCmd  stm32f10x_rcc.o
    0x08000d40   0x0000004c   Code   RO          401    i.RCC_DeInit        stm32f10x_rcc.o
    0x08000d8c   0x000000c8   Code   RO          402    i.RCC_GetClocksFreq  stm32f10x_rcc.o
    0x08000e54   0x00000030   Code   RO          403    i.RCC_GetFlagStatus  stm32f10x_rcc.o
    0x08000e84   0x00000010   Code   RO          405    i.RCC_GetSYSCLKSource  stm32f10x_rcc.o
    0x08000e94   0x00000014   Code   RO          406    i.RCC_HCLKConfig    stm32f10x_rcc.o
    0x08000ea8   0x00000034   Code   RO          407    i.RCC_HSEConfig     stm32f10x_rcc.o
    0x08000edc   0x00000014   Code   RO          416    i.RCC_PCLK1Config   stm32f10x_rcc.o
    0x08000ef0   0x00000014   Code   RO          417    i.RCC_PCLK2Config   stm32f10x_rcc.o
    0x08000f04   0x0000000c   Code   RO          418    i.RCC_PLL2Cmd       stm32f10x_rcc.o
    0x08000f10   0x00000014   Code   RO          419    i.RCC_PLL2Config    stm32f10x_rcc.o
    0x08000f24   0x0000000c   Code   RO          422    i.RCC_PLLCmd        stm32f10x_rcc.o
    0x08000f30   0x00000014   Code   RO          423    i.RCC_PLLConfig     stm32f10x_rcc.o
    0x08000f44   0x0000001c   Code   RO          424    i.RCC_PREDIV1Config  stm32f10x_rcc.o
    0x08000f60   0x00000014   Code   RO          425    i.RCC_PREDIV2Config  stm32f10x_rcc.o
    0x08000f74   0x00000014   Code   RO          428    i.RCC_SYSCLKConfig  stm32f10x_rcc.o
    0x08000f88   0x0000002c   Code   RO          429    i.RCC_WaitForHSEStartUp  stm32f10x_rcc.o
    0x08000fb4   0x00000092   Code   RO            7    i.RCC_setup         main.o
    0x08001046   0x00000002   PAD
    0x08001048   0x00000010   Code   RO         1851    i.RTC_ClearITPendingBit  stm32f10x_rtc.o
    0x08001058   0x00000010   Code   RO         1852    i.RTC_EnterConfigMode  stm32f10x_rtc.o
    0x08001068   0x00000010   Code   RO         1853    i.RTC_ExitConfigMode  stm32f10x_rtc.o
    0x08001078   0x00000014   Code   RO         1854    i.RTC_GetCounter    stm32f10x_rtc.o
    0x0800108c   0x00000020   Code   RO         1857    i.RTC_GetITStatus   stm32f10x_rtc.o
    0x080010ac   0x00000044   Code   RO          262    i.RTC_IRQHandler    stm32f10x_it.o
    0x080010f0   0x00000020   Code   RO         1860    i.RTC_SetCounter    stm32f10x_rtc.o
    0x08001110   0x00000010   Code   RO         1862    i.RTC_WaitForLastTask  stm32f10x_rtc.o
    0x08001120   0x00000014   Code   RO          919    i.SPI_Cmd           stm32f10x_spi.o
    0x08001134   0x00000054   Code   RO          926    i.SPI_I2S_DeInit    stm32f10x_spi.o
    0x08001188   0x0000000e   Code   RO          927    i.SPI_I2S_GetFlagStatus  stm32f10x_spi.o
    0x08001196   0x00000004   Code   RO          931    i.SPI_I2S_SendData  stm32f10x_spi.o
    0x0800119a   0x00000038   Code   RO          932    i.SPI_Init          stm32f10x_spi.o
    0x080011d2   0x00000002   Code   RO          263    i.SVC_Handler       stm32f10x_it.o
    0x080011d4   0x00000018   Code   RO          822    i.SysTick_CLKSourceConfig  misc.o
    0x080011ec   0x0000004c   Code   RO            8    i.SysTick_Handler   main.o
    0x08001238   0x00000028   Code   RO            9    i.Systick_setup     main.o
    0x08001260   0x00000018   Code   RO           10    i.TIM1_UP_IRQHandler  main.o
    0x08001278   0x00000048   Code   RO           11    i.TIM1_setup        main.o
    0x080012c0   0x00000006   Code   RO         2242    i.TIM_ClearITPendingBit  stm32f10x_tim.o
    0x080012c6   0x00000016   Code   RO         2247    i.TIM_Cmd           stm32f10x_tim.o
    0x080012dc   0x00000010   Code   RO         2272    i.TIM_ITConfig      stm32f10x_tim.o
    0x080012ec   0x0000003c   Code   RO         2318    i.TIM_TimeBaseInit  stm32f10x_tim.o
    0x08001328   0x00000014   Code   RO         1188    i.USART_Cmd         stm32f10x_usart.o
    0x0800133c   0x0000000e   Code   RO         1191    i.USART_GetFlagStatus  stm32f10x_usart.o
    0x0800134a   0x00000002   PAD
    0x0800134c   0x0000008c   Code   RO         1195    i.USART_Init        stm32f10x_usart.o
    0x080013d8   0x000000c4   Code   RO           13    i.USART_Pin_setup   main.o
    0x0800149c   0x00000008   Code   RO         1203    i.USART_SendData    stm32f10x_usart.o
    0x080014a4   0x00000032   Code   RO           14    i.USART_setup       main.o
    0x080014d6   0x00000002   Code   RO          264    i.UsageFault_Handler  stm32f10x_it.o
    0x080014d8   0x0000000e   Code   RO         3958    i.__scatterload_copy  mc_w.l(handlers.o)
    0x080014e6   0x00000002   Code   RO         3959    i.__scatterload_null  mc_w.l(handlers.o)
    0x080014e8   0x0000000e   Code   RO         3960    i.__scatterload_zeroinit  mc_w.l(handlers.o)
    0x080014f6   0x00000026   Code   RO           16    i.delay             main.o
    0x0800151c   0x0000001c   Code   RO         3068    i.delay             et_stm32f_arm_kit_lcd.o
    0x08001538   0x0000004c   Code   RO           19    i.displayProgress   main.o
    0x08001584   0x0000005c   Code   RO           20    i.display_adc       main.o
    0x080015e0   0x00000078   Code   RO           21    i.display_clock     main.o
    0x08001658   0x0000013c   Code   RO           23    i.main              main.o
    0x08001794   0x0000003c   Code   RO           24    i.putChar           main.o
    0x080017d0   0x0000019c   Code   RO           27    i.temp_average      main.o
    0x0800196c   0x00000060   Code   RO           28    i.temp_save         main.o
    0x080019cc   0x00000094   Data   RO         2900    .constdata          et_stm32f_arm_kit.o
    0x08001a60   0x000011d0   Data   RO         3069    .constdata          et_stm32f_arm_kit_lcd.o
    0x08002c30   0x00000020   Data   RO         3956    Region$$Table       anon$$obj.o


    Execution Region RW_IRAM1 (Base: 0x20000000, Size: 0x000010f0, Max: 0x00010000, ABSOLUTE)

    Base Addr    Size         Type   Attr      Idx    E Section Name        Object

    0x20000000   0x00000004   Data   RW           30    .data               main.o
    0x20000004   0x0000001c   Data   RW           31    .data               main.o
    0x20000020   0x00000014   Data   RW          430    .data               stm32f10x_rcc.o
    0x20000034   0x0000003c   Data   RW         2901    .data               et_stm32f_arm_kit.o
    0x20000070   0x00000004   Data   RW         3070    .data               et_stm32f_arm_kit_lcd.o
    0x20000074   0x00000078   Zero   RW           29    .bss                main.o
    0x200000ec   0x00000004   PAD
    0x200000f0   0x00001000   Zero   RW         3926    STACK               startup_stm32f10x_cl.o


==============================================================================

Image component sizes


      Code (inc. data)   RO Data    RW Data    ZI Data      Debug   Object Name

         0          0          0          0          0         32   core_cm3.o
        28          8        148         60          0       5792   et_stm32f_arm_kit.o
      1324         90       4560          4          0       9361   et_stm32f_arm_kit_lcd.o
      2366        140          0         32        120     280020   main.o
       164         28          0          0          0       4371   misc.o
        28          4        336          0       4096        832   startup_stm32f10x_cl.o
       282         10          0          0          0      16266   stm32f10x_adc.o
       156         14          0          0          0       4464   stm32f10x_exti.o
        44         12          0          0          0       1069   stm32f10x_flash.o
       294         12          0          0          0      24573   stm32f10x_gpio.o
        90          8          0          0          0       4532   stm32f10x_it.o
       744        140          0         20          0     244630   stm32f10x_rcc.o
       148         34          0          0          0       4251   stm32f10x_rtc.o
       178         12          0          0          0      11069   stm32f10x_spi.o
       104         10          0          0          0     239899   stm32f10x_tim.o
       182          6          0          0          0       9920   stm32f10x_usart.o
         0          0          0          0          0      20552   system_stm32f10x.o

    ----------------------------------------------------------------------
      6146        528       5076        116       4220     881633   Object Totals
         0          0         32          0          0          0   (incl. Generated)
        14          0          0          0          4          0   (incl. Padding)

    ----------------------------------------------------------------------

      Code (inc. data)   RO Data    RW Data    ZI Data      Debug   Library Member Name

         0          0          0          0          0          0   entry.o
         0          0          0          0          0          0   entry10a.o
         0          0          0          0          0          0   entry11a.o
         8          4          0          0          0          0   entry2.o
         4          0          0          0          0          0   entry5.o
         0          0          0          0          0          0   entry7b.o
         0          0          0          0          0          0   entry8b.o
         8          4          0          0          0          0   entry9a.o
        30          0          0          0          0          0   handlers.o
        36          8          0          0          0         68   init.o
        36          0          0          0          0         68   memcpya.o

    ----------------------------------------------------------------------
       122         16          0          0          0        136   Library Totals
         0          0          0          0          0          0   (incl. Padding)

    ----------------------------------------------------------------------

      Code (inc. data)   RO Data    RW Data    ZI Data      Debug   Library Name

       122         16          0          0          0        136   mc_w.l

    ----------------------------------------------------------------------
       122         16          0          0          0        136   Library Totals

    ----------------------------------------------------------------------

==============================================================================


      Code (inc. data)   RO Data    RW Data    ZI Data      Debug   

      6268        544       5076        116       4220     876205   Grand Totals
      6268        544       5076        116       4220     876205   ELF Image Totals
      6268        544       5076        116          0          0   ROM Totals

==============================================================================

    Total RO  Size (Code + RO Data)                11344 (  11.08kB)
    Total RW  Size (RW Data + ZI Data)              4336 (   4.23kB)
    Total ROM Size (Code + RO Data + RW Data)      11460 (  11.19kB)

==============================================================================

