ARM Linker, 5.03 [Build 76] [MDK-ARM Lite]

==============================================================================

Section Cross References

    main.o(i.ADC_setup) refers to stm32f10x_rcc.o(i.RCC_APB2PeriphClockCmd) for RCC_APB2PeriphClockCmd
    main.o(i.ADC_setup) refers to stm32f10x_gpio.o(i.GPIO_Init) for GPIO_Init
    main.o(i.ADC_setup) refers to stm32f10x_adc.o(i.ADC_Init) for ADC_Init
    main.o(i.ADC_setup) refers to stm32f10x_adc.o(i.ADC_RegularChannelConfig) for ADC_RegularChannelConfig
    main.o(i.ADC_setup) refers to stm32f10x_adc.o(i.ADC_Cmd) for ADC_Cmd
    main.o(i.ADC_setup) refers to stm32f10x_adc.o(i.ADC_ResetCalibration) for ADC_ResetCalibration
    main.o(i.ADC_setup) refers to stm32f10x_adc.o(i.ADC_GetResetCalibrationStatus) for ADC_GetResetCalibrationStatus
    main.o(i.ADC_setup) refers to stm32f10x_adc.o(i.ADC_StartCalibration) for ADC_StartCalibration
    main.o(i.ADC_setup) refers to stm32f10x_adc.o(i.ADC_SoftwareStartConvCmd) for ADC_SoftwareStartConvCmd
    main.o(i.EXTI0_IRQHandler) refers to stm32f10x_exti.o(i.EXTI_GetITStatus) for EXTI_GetITStatus
    main.o(i.EXTI0_IRQHandler) refers to main.o(i.temp_average) for temp_average
    main.o(i.EXTI0_IRQHandler) refers to stm32f10x_exti.o(i.EXTI_ClearITPendingBit) for EXTI_ClearITPendingBit
    main.o(i.EXTI0_IRQHandler) refers to main.o(.data) for .data
    main.o(i.EXTI_setup) refers to stm32f10x_rcc.o(i.RCC_APB2PeriphClockCmd) for RCC_APB2PeriphClockCmd
    main.o(i.EXTI_setup) refers to stm32f10x_gpio.o(i.GPIO_EXTILineConfig) for GPIO_EXTILineConfig
    main.o(i.EXTI_setup) refers to stm32f10x_exti.o(i.EXTI_Init) for EXTI_Init
    main.o(i.GPIO_setup) refers to stm32f10x_rcc.o(i.RCC_APB2PeriphClockCmd) for RCC_APB2PeriphClockCmd
    main.o(i.GPIO_setup) refers to stm32f10x_gpio.o(i.GPIO_Init) for GPIO_Init
    main.o(i.NVIC_setup) refers to misc.o(i.NVIC_SetVectorTable) for NVIC_SetVectorTable
    main.o(i.NVIC_setup) refers to misc.o(i.NVIC_PriorityGroupConfig) for NVIC_PriorityGroupConfig
    main.o(i.NVIC_setup) refers to misc.o(i.NVIC_Init) for NVIC_Init
    main.o(i.RCC_setup) refers to stm32f10x_rcc.o(i.RCC_DeInit) for RCC_DeInit
    main.o(i.RCC_setup) refers to stm32f10x_rcc.o(i.RCC_HSEConfig) for RCC_HSEConfig
    main.o(i.RCC_setup) refers to stm32f10x_rcc.o(i.RCC_WaitForHSEStartUp) for RCC_WaitForHSEStartUp
    main.o(i.RCC_setup) refers to stm32f10x_flash.o(i.FLASH_PrefetchBufferCmd) for FLASH_PrefetchBufferCmd
    main.o(i.RCC_setup) refers to stm32f10x_flash.o(i.FLASH_SetLatency) for FLASH_SetLatency
    main.o(i.RCC_setup) refers to stm32f10x_rcc.o(i.RCC_HCLKConfig) for RCC_HCLKConfig
    main.o(i.RCC_setup) refers to stm32f10x_rcc.o(i.RCC_PCLK2Config) for RCC_PCLK2Config
    main.o(i.RCC_setup) refers to stm32f10x_rcc.o(i.RCC_PCLK1Config) for RCC_PCLK1Config
    main.o(i.RCC_setup) refers to stm32f10x_rcc.o(i.RCC_ADCCLKConfig) for RCC_ADCCLKConfig
    main.o(i.RCC_setup) refers to stm32f10x_rcc.o(i.RCC_PREDIV2Config) for RCC_PREDIV2Config
    main.o(i.RCC_setup) refers to stm32f10x_rcc.o(i.RCC_PLL2Config) for RCC_PLL2Config
    main.o(i.RCC_setup) refers to stm32f10x_rcc.o(i.RCC_PLL2Cmd) for RCC_PLL2Cmd
    main.o(i.RCC_setup) refers to stm32f10x_rcc.o(i.RCC_GetFlagStatus) for RCC_GetFlagStatus
    main.o(i.RCC_setup) refers to stm32f10x_rcc.o(i.RCC_PREDIV1Config) for RCC_PREDIV1Config
    main.o(i.RCC_setup) refers to stm32f10x_rcc.o(i.RCC_PLLConfig) for RCC_PLLConfig
    main.o(i.RCC_setup) refers to stm32f10x_rcc.o(i.RCC_PLLCmd) for RCC_PLLCmd
    main.o(i.RCC_setup) refers to stm32f10x_rcc.o(i.RCC_SYSCLKConfig) for RCC_SYSCLKConfig
    main.o(i.RCC_setup) refers to stm32f10x_rcc.o(i.RCC_GetSYSCLKSource) for RCC_GetSYSCLKSource
    main.o(i.SysTick_Handler) refers to main.o(i.display_clock) for display_clock
    main.o(i.SysTick_Handler) refers to main.o(i.temp_save) for temp_save
    main.o(i.SysTick_Handler) refers to main.o(i.halt) for halt
    main.o(i.SysTick_Handler) refers to main.o(.data) for .data
    main.o(i.Systick_setup) refers to misc.o(i.SysTick_CLKSourceConfig) for SysTick_CLKSourceConfig
    main.o(i.USART2_IRQHandler) refers to stm32f10x_usart.o(i.USART_GetITStatus) for USART_GetITStatus
    main.o(i.USART2_IRQHandler) refers to stm32f10x_usart.o(i.USART_ReceiveData) for USART_ReceiveData
    main.o(i.USART2_IRQHandler) refers to main.o(i.putChar) for putChar
    main.o(i.USART2_IRQHandler) refers to main.o(i.putsUART2) for putsUART2
    main.o(i.USART2_IRQHandler) refers to stm32f10x_usart.o(i.USART_ClearITPendingBit) for USART_ClearITPendingBit
    main.o(i.USART2_IRQHandler) refers to main.o(.data) for .data
    main.o(i.USART_Pin_setup) refers to stm32f10x_rcc.o(i.RCC_APB2PeriphClockCmd) for RCC_APB2PeriphClockCmd
    main.o(i.USART_Pin_setup) refers to stm32f10x_gpio.o(i.GPIO_PinRemapConfig) for GPIO_PinRemapConfig
    main.o(i.USART_Pin_setup) refers to stm32f10x_rcc.o(i.RCC_APB1PeriphClockCmd) for RCC_APB1PeriphClockCmd
[...]
    et_stm32f_arm_kit_lcd.o(i.TCS_SPI_Write_Byte) refers to stm32f10x_gpio.o(i.GPIO_WriteBit) for GPIO_WriteBit
    et_stm32f_arm_kit_lcd.o(i.TCS_SPI_Write_Byte) refers to stm32f10x_gpio.o(i.GPIO_ReadInputDataBit) for GPIO_ReadInputDataBit
    et_stm32f_arm_kit_uart.o(i.ET_STM32_USART_Init) refers to et_stm32f_arm_kit.o(i.ET_STM32_COM_Init) for ET_STM32_COM_Init
    et_stm32f_arm_kit_uart.o(i.SER_getChar) refers to stm32f10x_usart.o(i.USART_GetFlagStatus) for USART_GetFlagStatus
    et_stm32f_arm_kit_uart.o(i.SER_getChar) refers to stm32f10x_usart.o(i.USART_ReceiveData) for USART_ReceiveData
    et_stm32f_arm_kit_uart.o(i.SER_getChar1) refers to stm32f10x_usart.o(i.USART_GetFlagStatus) for USART_GetFlagStatus
    et_stm32f_arm_kit_uart.o(i.SER_getChar1) refers to stm32f10x_usart.o(i.USART_ReceiveData) for USART_ReceiveData
    et_stm32f_arm_kit_uart.o(i.SER_getChar1_nb) refers to stm32f10x_usart.o(i.USART_GetFlagStatus) for USART_GetFlagStatus
    et_stm32f_arm_kit_uart.o(i.SER_getChar1_nb) refers to stm32f10x_usart.o(i.USART_ReceiveData) for USART_ReceiveData
    et_stm32f_arm_kit_uart.o(i.SER_getChar2) refers to stm32f10x_usart.o(i.USART_GetFlagStatus) for USART_GetFlagStatus
    et_stm32f_arm_kit_uart.o(i.SER_getChar2) refers to stm32f10x_usart.o(i.USART_ReceiveData) for USART_ReceiveData
    et_stm32f_arm_kit_uart.o(i.SER_getChar2_nb) refers to stm32f10x_usart.o(i.USART_GetFlagStatus) for USART_GetFlagStatus
    et_stm32f_arm_kit_uart.o(i.SER_getChar2_nb) refers to stm32f10x_usart.o(i.USART_ReceiveData) for USART_ReceiveData
    et_stm32f_arm_kit_uart.o(i.SER_getChar_nb) refers to stm32f10x_usart.o(i.USART_GetFlagStatus) for USART_GetFlagStatus
    et_stm32f_arm_kit_uart.o(i.SER_getChar_nb) refers to stm32f10x_usart.o(i.USART_ReceiveData) for USART_ReceiveData
    et_stm32f_arm_kit_uart.o(i.SER_putChar) refers to stm32f10x_usart.o(i.USART_GetFlagStatus) for USART_GetFlagStatus
    et_stm32f_arm_kit_uart.o(i.SER_putChar) refers to stm32f10x_usart.o(i.USART_SendData) for USART_SendData
    et_stm32f_arm_kit_uart.o(i.SER_putChar1) refers to stm32f10x_usart.o(i.USART_GetFlagStatus) for USART_GetFlagStatus
    et_stm32f_arm_kit_uart.o(i.SER_putChar1) refers to stm32f10x_usart.o(i.USART_SendData) for USART_SendData
    et_stm32f_arm_kit_uart.o(i.SER_putChar2) refers to stm32f10x_usart.o(i.USART_GetFlagStatus) for USART_GetFlagStatus
    et_stm32f_arm_kit_uart.o(i.SER_putChar2) refers to stm32f10x_usart.o(i.USART_SendData) for USART_SendData
    et_stm32f_arm_kit_uart.o(i.printUART1) refers to et_stm32f_arm_kit_uart.o(i.SER_putChar1) for SER_putChar1
    et_stm32f_arm_kit_uart.o(i.printUART2) refers to et_stm32f_arm_kit_uart.o(i.SER_putChar2) for SER_putChar2
    stm32_eth.o(i.ETH_DMAPTPRxDescChainInit) refers to stm32_eth.o(.data) for .data
    stm32_eth.o(i.ETH_DMAPTPTxDescChainInit) refers to stm32_eth.o(.data) for .data
    stm32_eth.o(i.ETH_DMARxDescChainInit) refers to stm32_eth.o(.data) for .data
    stm32_eth.o(i.ETH_DMARxDescRingInit) refers to stm32_eth.o(.data) for .data
    stm32_eth.o(i.ETH_DMATxDescChainInit) refers to stm32_eth.o(.data) for .data
    stm32_eth.o(i.ETH_DMATxDescRingInit) refers to stm32_eth.o(.data) for .data
    stm32_eth.o(i.ETH_DeInit) refers to stm32f10x_rcc.o(i.RCC_AHBPeriphResetCmd) for RCC_AHBPeriphResetCmd
    stm32_eth.o(i.ETH_DropRxPkt) refers to stm32_eth.o(.data) for .data
    stm32_eth.o(i.ETH_GetRxPktSize) refers to stm32_eth.o(.data) for .data
    stm32_eth.o(i.ETH_HandlePTPRxPkt) refers to stm32_eth.o(.data) for .data
    stm32_eth.o(i.ETH_HandlePTPTxPkt) refers to stm32_eth.o(.data) for .data
    stm32_eth.o(i.ETH_HandleRxPkt) refers to stm32_eth.o(.data) for .data
    stm32_eth.o(i.ETH_HandleTxPkt) refers to stm32_eth.o(.data) for .data
    stm32_eth.o(i.ETH_Init) refers to stm32f10x_rcc.o(i.RCC_GetClocksFreq) for RCC_GetClocksFreq
    stm32_eth.o(i.ETH_Init) refers to stm32_eth.o(i.ETH_WritePHYRegister) for ETH_WritePHYRegister
    stm32_eth.o(i.ETH_Init) refers to stm32_eth.o(i.ETH_ReadPHYRegister) for ETH_ReadPHYRegister
    stm32_eth.o(i.ETH_PHYLoopBackCmd) refers to stm32_eth.o(i.ETH_ReadPHYRegister) for ETH_ReadPHYRegister
    stm32_eth.o(i.ETH_PHYLoopBackCmd) refers to stm32_eth.o(i.ETH_WritePHYRegister) for ETH_WritePHYRegister
    stm32_eth.o(i.ETH_Start) refers to stm32_eth.o(i.ETH_MACTransmissionCmd) for ETH_MACTransmissionCmd
    stm32_eth.o(i.ETH_Start) refers to stm32_eth.o(i.ETH_FlushTransmitFIFO) for ETH_FlushTransmitFIFO
    stm32_eth.o(i.ETH_Start) refers to stm32_eth.o(i.ETH_MACReceptionCmd) for ETH_MACReceptionCmd
    stm32_eth.o(i.ETH_Start) refers to stm32_eth.o(i.ETH_DMATransmissionCmd) for ETH_DMATransmissionCmd
    stm32_eth.o(i.ETH_Start) refers to stm32_eth.o(i.ETH_DMAReceptionCmd) for ETH_DMAReceptionCmd
    startup_stm32f10x_cl.o(RESET) refers to startup_stm32f10x_cl.o(STACK) for __initial_sp
    startup_stm32f10x_cl.o(RESET) refers to startup_stm32f10x_cl.o(.text) for Reset_Handler
    startup_stm32f10x_cl.o(RESET) refers to stm32f10x_it.o(i.NMI_Handler) for NMI_Handler
    startup_stm32f10x_cl.o(RESET) refers to stm32f10x_it.o(i.HardFault_Handler) for HardFault_Handler
    startup_stm32f10x_cl.o(RESET) refers to stm32f10x_it.o(i.MemManage_Handler) for MemManage_Handler
    startup_stm32f10x_cl.o(RESET) refers to stm32f10x_it.o(i.BusFault_Handler) for BusFault_Handler
    startup_stm32f10x_cl.o(RESET) refers to stm32f10x_it.o(i.UsageFault_Handler) for UsageFault_Handler
    startup_stm32f10x_cl.o(RESET) refers to stm32f10x_it.o(i.SVC_Handler) for SVC_Handler
    startup_stm32f10x_cl.o(RESET) refers to stm32f10x_it.o(i.DebugMon_Handler) for DebugMon_Handler
    startup_stm32f10x_cl.o(RESET) refers to stm32f10x_it.o(i.PendSV_Handler) for PendSV_Handler
    startup_stm32f10x_cl.o(RESET) refers to main.o(i.SysTick_Handler) for SysTick_Handler
    startup_stm32f10x_cl.o(RESET) refers to stm32f10x_it.o(i.RTC_IRQHandler) for RTC_IRQHandler
    startup_stm32f10x_cl.o(RESET) refers to main.o(i.EXTI0_IRQHandler) for EXTI0_IRQHandler
    startup_stm32f10x_cl.o(RESET) refers to main.o(i.USART2_IRQHandler) for USART2_IRQHandler
    startup_stm32f10x_cl.o(RESET) refers to stm32f10x_it.o(i.ETH_IRQHandler) for ETH_IRQHandler
    startup_stm32f10x_cl.o(RESET) refers to stm32f10x_it.o(i.ETH_WKUP_IRQHandler) for ETH_WKUP_IRQHandler
    startup_stm32f10x_cl.o(RESET) refers to stm32f10x_it.o(i.OTG_FS_IRQHandler) for OTG_FS_IRQHandler
    startup_stm32f10x_cl.o(.text) refers to entry.o(.ARM.Collect$$$$00000000) for __main
    entry.o(.ARM.Collect$$$$00000000) refers (Special) to entry10a.o(.ARM.Collect$$$$0000000D) for __rt_final_cpp
    entry.o(.ARM.Collect$$$$00000000) refers (Special) to entry11a.o(.ARM.Collect$$$$0000000F) for __rt_final_exit
    entry.o(.ARM.Collect$$$$00000000) refers (Special) to entry7b.o(.ARM.Collect$$$$00000008) for _main_clock
    entry.o(.ARM.Collect$$$$00000000) refers (Special) to entry8b.o(.ARM.Collect$$$$0000000A) for _main_cpp_init
    entry.o(.ARM.Collect$$$$00000000) refers (Special) to entry9a.o(.ARM.Collect$$$$0000000B) for _main_init
    entry.o(.ARM.Collect$$$$00000000) refers (Special) to entry5.o(.ARM.Collect$$$$00000004) for _main_scatterload
    entry.o(.ARM.Collect$$$$00000000) refers (Special) to entry2.o(.ARM.Collect$$$$00000001) for _main_stk
    entry2.o(.ARM.Collect$$$$00000001) refers to entry2.o(.ARM.Collect$$$$00002712) for __lit__00000000
    entry2.o(.ARM.Collect$$$$00002712) refers to startup_stm32f10x_cl.o(STACK) for __initial_sp
    entry2.o(__vectab_stack_and_reset_area) refers to startup_stm32f10x_cl.o(STACK) for __initial_sp
    entry2.o(__vectab_stack_and_reset_area) refers to entry.o(.ARM.Collect$$$$00000000) for __main
    entry5.o(.ARM.Collect$$$$00000004) refers to init.o(.text) for __scatterload
    entry9a.o(.ARM.Collect$$$$0000000B) refers to main.o(i.main) for main
    entry9b.o(.ARM.Collect$$$$0000000C) refers to main.o(i.main) for main
    init.o(.text) refers to entry5.o(.ARM.Collect$$$$00000004) for __main_after_scatterload


==============================================================================

Removing Unused input sections from the image.

    Removing main.o(i.delay), (38 bytes).
    Removing main.o(.bss), (10 bytes).
    Removing stm32f10x_rcc.o(i.RCC_AHBPeriphClockCmd), (24 bytes).
    Removing stm32f10x_rcc.o(i.RCC_AHBPeriphResetCmd), (24 bytes).
    Removing stm32f10x_rcc.o(i.RCC_AdjustHSICalibrationValue), (20 bytes).
    Removing stm32f10x_rcc.o(i.RCC_BackupResetCmd), (12 bytes).
    Removing stm32f10x_rcc.o(i.RCC_ClearFlag), (16 bytes).
    Removing stm32f10x_rcc.o(i.RCC_ClearITPendingBit), (12 bytes).
    Removing stm32f10x_rcc.o(i.RCC_ClockSecuritySystemCmd), (12 bytes).
    Removing stm32f10x_rcc.o(i.RCC_GetITStatus), (20 bytes).
    Removing stm32f10x_rcc.o(i.RCC_HSICmd), (12 bytes).
    Removing stm32f10x_rcc.o(i.RCC_I2S2CLKConfig), (12 bytes).
    Removing stm32f10x_rcc.o(i.RCC_I2S3CLKConfig), (12 bytes).
    Removing stm32f10x_rcc.o(i.RCC_ITConfig), (24 bytes).
    Removing stm32f10x_rcc.o(i.RCC_LSEConfig), (32 bytes).
    Removing stm32f10x_rcc.o(i.RCC_LSICmd), (12 bytes).
    Removing stm32f10x_rcc.o(i.RCC_MCOConfig), (12 bytes).
    Removing stm32f10x_rcc.o(i.RCC_OTGFSCLKConfig), (12 bytes).
    Removing stm32f10x_rcc.o(i.RCC_PLL3Cmd), (12 bytes).
    Removing stm32f10x_rcc.o(i.RCC_PLL3Config), (20 bytes).
    Removing stm32f10x_rcc.o(i.RCC_RTCCLKCmd), (12 bytes).
    Removing stm32f10x_rcc.o(i.RCC_RTCCLKConfig), (16 bytes).
    Removing stm32f10x_gpio.o(i.GPIO_AFIODeInit), (22 bytes).
    Removing stm32f10x_gpio.o(i.GPIO_DeInit), (180 bytes).
    Removing stm32f10x_gpio.o(i.GPIO_ETH_MediaInterfaceConfig), (12 bytes).
    Removing stm32f10x_gpio.o(i.GPIO_EventOutputCmd), (12 bytes).
    Removing stm32f10x_gpio.o(i.GPIO_EventOutputConfig), (28 bytes).
    Removing stm32f10x_gpio.o(i.GPIO_PinLockConfig), (16 bytes).
    Removing stm32f10x_gpio.o(i.GPIO_ReadInputData), (6 bytes).
    Removing stm32f10x_gpio.o(i.GPIO_ReadInputDataBit), (14 bytes).
    Removing stm32f10x_gpio.o(i.GPIO_ReadOutputData), (6 bytes).
    Removing stm32f10x_gpio.o(i.GPIO_ReadOutputDataBit), (14 bytes).
    Removing stm32f10x_gpio.o(i.GPIO_ResetBits), (4 bytes).
    Removing stm32f10x_gpio.o(i.GPIO_SetBits), (4 bytes).
    Removing stm32f10x_gpio.o(i.GPIO_StructInit), (16 bytes).
    Removing stm32f10x_gpio.o(i.GPIO_Write), (4 bytes).
    Removing misc.o(i.NVIC_SystemLPConfig), (24 bytes).
    Removing stm32f10x_exti.o(i.EXTI_ClearFlag), (12 bytes).
    Removing stm32f10x_exti.o(i.EXTI_DeInit), (36 bytes).
    Removing stm32f10x_exti.o(i.EXTI_GenerateSWInterrupt), (16 bytes).
    Removing stm32f10x_exti.o(i.EXTI_GetFlagStatus), (20 bytes).
    Removing stm32f10x_exti.o(i.EXTI_StructInit), (14 bytes).
    Removing stm32f10x_spi.o(i.I2S_Cmd), (20 bytes).
    Removing stm32f10x_spi.o(i.I2S_Init), (228 bytes).
    Removing stm32f10x_spi.o(i.I2S_StructInit), (18 bytes).
    Removing stm32f10x_spi.o(i.SPI_BiDirectionalLineConfig), (22 bytes).
    Removing stm32f10x_spi.o(i.SPI_CalculateCRC), (20 bytes).
    Removing stm32f10x_spi.o(i.SPI_DataSizeConfig), (16 bytes).
    Removing stm32f10x_spi.o(i.SPI_GetCRC), (12 bytes).
    Removing stm32f10x_spi.o(i.SPI_GetCRCPolynomial), (4 bytes).
    Removing stm32f10x_spi.o(i.SPI_I2S_ClearFlag), (6 bytes).
    Removing stm32f10x_spi.o(i.SPI_I2S_ClearITPendingBit), (14 bytes).
    Removing stm32f10x_spi.o(i.SPI_I2S_DMACmd), (16 bytes).
    Removing stm32f10x_spi.o(i.SPI_I2S_GetITStatus), (42 bytes).
    Removing stm32f10x_spi.o(i.SPI_I2S_ITConfig), (24 bytes).
    Removing stm32f10x_spi.o(i.SPI_I2S_ReceiveData), (4 bytes).
    Removing stm32f10x_spi.o(i.SPI_NSSInternalSoftwareConfig), (24 bytes).
    Removing stm32f10x_spi.o(i.SPI_SSOutputCmd), (20 bytes).
    Removing stm32f10x_spi.o(i.SPI_StructInit), (24 bytes).
    Removing stm32f10x_spi.o(i.SPI_TransmitCRC), (10 bytes).
    Removing stm32f10x_fsmc.o(i.FSMC_ClearFlag), (36 bytes).
    Removing stm32f10x_fsmc.o(i.FSMC_ClearITPendingBit), (40 bytes).
    Removing stm32f10x_fsmc.o(i.FSMC_GetECC), (18 bytes).
    Removing stm32f10x_fsmc.o(i.FSMC_GetFlagStatus), (40 bytes).
    Removing stm32f10x_fsmc.o(i.FSMC_GetITStatus), (48 bytes).
    Removing stm32f10x_fsmc.o(i.FSMC_ITConfig), (68 bytes).
    Removing stm32f10x_fsmc.o(i.FSMC_NANDCmd), (56 bytes).
    Removing stm32f10x_fsmc.o(i.FSMC_NANDDeInit), (40 bytes).
    Removing stm32f10x_fsmc.o(i.FSMC_NANDECCCmd), (56 bytes).
    Removing stm32f10x_fsmc.o(i.FSMC_NANDInit), (104 bytes).
    Removing stm32f10x_fsmc.o(i.FSMC_NANDStructInit), (54 bytes).
    Removing stm32f10x_fsmc.o(i.FSMC_NORSRAMCmd), (32 bytes).
    Removing stm32f10x_fsmc.o(i.FSMC_NORSRAMDeInit), (36 bytes).
    Removing stm32f10x_fsmc.o(i.FSMC_NORSRAMInit), (188 bytes).
    Removing stm32f10x_fsmc.o(i.FSMC_NORSRAMStructInit), (96 bytes).
    Removing stm32f10x_fsmc.o(i.FSMC_PCCARDCmd), (32 bytes).
    Removing stm32f10x_fsmc.o(i.FSMC_PCCARDDeInit), (28 bytes).
    Removing stm32f10x_fsmc.o(i.FSMC_PCCARDInit), (104 bytes).
    Removing stm32f10x_fsmc.o(i.FSMC_PCCARDStructInit), (60 bytes).
    Removing stm32f10x_usart.o(i.USART_ClearFlag), (6 bytes).
    Removing stm32f10x_usart.o(i.USART_ClockInit), (30 bytes).
    Removing stm32f10x_usart.o(i.USART_ClockStructInit), (12 bytes).
    Removing stm32f10x_usart.o(i.USART_DMACmd), (16 bytes).
    Removing stm32f10x_usart.o(i.USART_DeInit), (116 bytes).
    Removing stm32f10x_usart.o(i.USART_HalfDuplexCmd), (20 bytes).
    Removing stm32f10x_usart.o(i.USART_IrDACmd), (20 bytes).
    Removing stm32f10x_usart.o(i.USART_IrDAConfig), (16 bytes).
    Removing stm32f10x_usart.o(i.USART_LINBreakDetectLengthConfig), (16 bytes).
    Removing stm32f10x_usart.o(i.USART_LINCmd), (20 bytes).
    Removing stm32f10x_usart.o(i.USART_ReceiverWakeUpCmd), (20 bytes).
    Removing stm32f10x_usart.o(i.USART_SendBreak), (10 bytes).
    Removing stm32f10x_usart.o(i.USART_SetAddress), (16 bytes).
    Removing stm32f10x_usart.o(i.USART_SetGuardTime), (16 bytes).
    Removing stm32f10x_usart.o(i.USART_SetPrescaler), (16 bytes).
    Removing stm32f10x_usart.o(i.USART_SmartCardCmd), (20 bytes).
    Removing stm32f10x_usart.o(i.USART_SmartCardNACKCmd), (20 bytes).
    Removing stm32f10x_usart.o(i.USART_StructInit), (22 bytes).
    Removing stm32f10x_usart.o(i.USART_WakeUpConfig), (16 bytes).
    Removing stm32f10x_adc.o(i.ADC_AnalogWatchdogCmd), (16 bytes).
    Removing stm32f10x_adc.o(i.ADC_AnalogWatchdogSingleChannelConfig), (12 bytes).
    Removing stm32f10x_adc.o(i.ADC_AnalogWatchdogThresholdsConfig), (6 bytes).
    Removing stm32f10x_adc.o(i.ADC_AutoInjectedConvCmd), (20 bytes).
    Removing stm32f10x_adc.o(i.ADC_ClearFlag), (6 bytes).
    Removing stm32f10x_adc.o(i.ADC_ClearITPendingBit), (8 bytes).
    Removing stm32f10x_adc.o(i.ADC_DMACmd), (20 bytes).
    Removing stm32f10x_adc.o(i.ADC_DeInit), (68 bytes).
    Removing stm32f10x_adc.o(i.ADC_DiscModeChannelCountConfig), (16 bytes).
    Removing stm32f10x_adc.o(i.ADC_DiscModeCmd), (20 bytes).
    Removing stm32f10x_adc.o(i.ADC_ExternalTrigConvCmd), (20 bytes).
    Removing stm32f10x_adc.o(i.ADC_ExternalTrigInjectedConvCmd), (20 bytes).
    Removing stm32f10x_adc.o(i.ADC_ExternalTrigInjectedConvConfig), (12 bytes).
    Removing stm32f10x_adc.o(i.ADC_GetCalibrationStatus), (14 bytes).
    Removing stm32f10x_adc.o(i.ADC_GetDualModeConversionValue), (12 bytes).
    Removing stm32f10x_adc.o(i.ADC_GetITStatus), (28 bytes).
    Removing stm32f10x_adc.o(i.ADC_GetInjectedConversionValue), (14 bytes).
    Removing stm32f10x_adc.o(i.ADC_GetSoftwareStartConvStatus), (14 bytes).
    Removing stm32f10x_adc.o(i.ADC_GetSoftwareStartInjectedConvCmdStatus), (14 bytes).
    Removing stm32f10x_adc.o(i.ADC_ITConfig), (18 bytes).
    Removing stm32f10x_adc.o(i.ADC_InjectedChannelConfig), (74 bytes).
    Removing stm32f10x_adc.o(i.ADC_InjectedDiscModeCmd), (20 bytes).
    Removing stm32f10x_adc.o(i.ADC_InjectedSequencerLengthConfig), (16 bytes).
    Removing stm32f10x_adc.o(i.ADC_SetInjectedOffset), (10 bytes).
    Removing stm32f10x_adc.o(i.ADC_SoftwareStartInjectedConvCmd), (20 bytes).
    Removing stm32f10x_adc.o(i.ADC_StructInit), (18 bytes).
    Removing stm32f10x_adc.o(i.ADC_TempSensorVrefintCmd), (28 bytes).
    Removing stm32f10x_i2c.o(i.I2C_ARPCmd), (20 bytes).
    Removing stm32f10x_i2c.o(i.I2C_AcknowledgeConfig), (20 bytes).
    Removing stm32f10x_i2c.o(i.I2C_CalculatePEC), (20 bytes).
    Removing stm32f10x_i2c.o(i.I2C_CheckEvent), (24 bytes).
    Removing stm32f10x_i2c.o(i.I2C_ClearFlag), (6 bytes).
    Removing stm32f10x_i2c.o(i.I2C_ClearITPendingBit), (6 bytes).
    Removing stm32f10x_i2c.o(i.I2C_Cmd), (20 bytes).
    Removing stm32f10x_i2c.o(i.I2C_DMACmd), (20 bytes).
    Removing stm32f10x_i2c.o(i.I2C_DMALastTransferCmd), (20 bytes).
    Removing stm32f10x_i2c.o(i.I2C_DeInit), (44 bytes).
    Removing stm32f10x_i2c.o(i.I2C_DualAddressCmd), (20 bytes).
    Removing stm32f10x_i2c.o(i.I2C_FastModeDutyCycleConfig), (22 bytes).
    Removing stm32f10x_i2c.o(i.I2C_GeneralCallCmd), (20 bytes).
    Removing stm32f10x_i2c.o(i.I2C_GenerateSTART), (20 bytes).
    Removing stm32f10x_i2c.o(i.I2C_GenerateSTOP), (20 bytes).
    Removing stm32f10x_i2c.o(i.I2C_GetFlagStatus), (42 bytes).
    Removing stm32f10x_i2c.o(i.I2C_GetITStatus), (36 bytes).
    Removing stm32f10x_i2c.o(i.I2C_GetLastEvent), (14 bytes).
    Removing stm32f10x_i2c.o(i.I2C_GetPEC), (6 bytes).
    Removing stm32f10x_i2c.o(i.I2C_ITConfig), (16 bytes).
    Removing stm32f10x_i2c.o(i.I2C_Init), (184 bytes).
    Removing stm32f10x_i2c.o(i.I2C_OwnAddress2Config), (16 bytes).
    Removing stm32f10x_i2c.o(i.I2C_PECPositionConfig), (22 bytes).
    Removing stm32f10x_i2c.o(i.I2C_ReadRegister), (10 bytes).
    Removing stm32f10x_i2c.o(i.I2C_ReceiveData), (6 bytes).
    Removing stm32f10x_i2c.o(i.I2C_SMBusAlertConfig), (22 bytes).
    Removing stm32f10x_i2c.o(i.I2C_Send7bitAddress), (16 bytes).
    Removing stm32f10x_i2c.o(i.I2C_SendData), (4 bytes).
    Removing stm32f10x_i2c.o(i.I2C_SoftwareResetCmd), (20 bytes).
    Removing stm32f10x_i2c.o(i.I2C_StretchClockCmd), (20 bytes).
    Removing stm32f10x_i2c.o(i.I2C_StructInit), (28 bytes).
    Removing stm32f10x_i2c.o(i.I2C_TransmitPEC), (20 bytes).
    Removing stm32f10x_dma.o(i.DMA_ClearFlag), (24 bytes).
    Removing stm32f10x_dma.o(i.DMA_ClearITPendingBit), (24 bytes).
    Removing stm32f10x_dma.o(i.DMA_Cmd), (20 bytes).
    Removing stm32f10x_dma.o(i.DMA_DeInit), (224 bytes).
    Removing stm32f10x_dma.o(i.DMA_GetCurrDataCounter), (6 bytes).
    Removing stm32f10x_dma.o(i.DMA_GetFlagStatus), (32 bytes).
    Removing stm32f10x_dma.o(i.DMA_GetITStatus), (32 bytes).
    Removing stm32f10x_dma.o(i.DMA_ITConfig), (16 bytes).
    Removing stm32f10x_dma.o(i.DMA_Init), (58 bytes).
    Removing stm32f10x_dma.o(i.DMA_StructInit), (26 bytes).
    Removing stm32f10x_rtc.o(i.RTC_ClearFlag), (16 bytes).
    Removing stm32f10x_rtc.o(i.RTC_GetDivider), (24 bytes).
    Removing stm32f10x_rtc.o(i.RTC_GetFlagStatus), (20 bytes).
    Removing stm32f10x_rtc.o(i.RTC_ITConfig), (24 bytes).
    Removing stm32f10x_rtc.o(i.RTC_SetAlarm), (32 bytes).
    Removing stm32f10x_rtc.o(i.RTC_SetPrescaler), (32 bytes).
    Removing stm32f10x_rtc.o(i.RTC_WaitForSynchro), (24 bytes).
    Removing stm32f10x_bkp.o(i.BKP_ClearFlag), (16 bytes).
    Removing stm32f10x_bkp.o(i.BKP_ClearITPendingBit), (16 bytes).
    Removing stm32f10x_bkp.o(i.BKP_DeInit), (18 bytes).
    Removing stm32f10x_bkp.o(i.BKP_GetFlagStatus), (12 bytes).
    Removing stm32f10x_bkp.o(i.BKP_GetITStatus), (12 bytes).
    Removing stm32f10x_bkp.o(i.BKP_ITConfig), (12 bytes).
    Removing stm32f10x_bkp.o(i.BKP_RTCOutputConfig), (20 bytes).
    Removing stm32f10x_bkp.o(i.BKP_ReadBackupRegister), (16 bytes).
    Removing stm32f10x_bkp.o(i.BKP_SetRTCCalibrationValue), (20 bytes).
    Removing stm32f10x_bkp.o(i.BKP_TamperPinCmd), (12 bytes).
    Removing stm32f10x_bkp.o(i.BKP_TamperPinLevelConfig), (12 bytes).
    Removing stm32f10x_bkp.o(i.BKP_WriteBackupRegister), (16 bytes).
    Removing stm32f10x_pwr.o(i.PWR_BackupAccessCmd), (12 bytes).
    Removing stm32f10x_pwr.o(i.PWR_ClearFlag), (16 bytes).
    Removing stm32f10x_pwr.o(i.PWR_DeInit), (24 bytes).
    Removing stm32f10x_pwr.o(i.PWR_EnterSTANDBYMode), (40 bytes).
    Removing stm32f10x_pwr.o(i.PWR_EnterSTOPMode), (44 bytes).
    Removing stm32f10x_pwr.o(i.PWR_GetFlagStatus), (20 bytes).
    Removing stm32f10x_pwr.o(i.PWR_PVDCmd), (12 bytes).
    Removing stm32f10x_pwr.o(i.PWR_PVDLevelConfig), (20 bytes).
    Removing stm32f10x_pwr.o(i.PWR_WakeUpPinCmd), (12 bytes).
    Removing stm32f10x_flash.o(i.FLASH_ClearFlag), (12 bytes).
    Removing stm32f10x_flash.o(i.FLASH_EnableWriteProtection), (168 bytes).
    Removing stm32f10x_flash.o(i.FLASH_EraseAllPages), (60 bytes).
    Removing stm32f10x_flash.o(i.FLASH_EraseOptionBytes), (116 bytes).
    Removing stm32f10x_flash.o(i.FLASH_ErasePage), (64 bytes).
    Removing stm32f10x_flash.o(i.FLASH_GetFlagStatus), (32 bytes).
    Removing stm32f10x_flash.o(i.FLASH_GetPrefetchBufferStatus), (20 bytes).
    Removing stm32f10x_flash.o(i.FLASH_GetReadOutProtectionStatus), (20 bytes).
    Removing stm32f10x_flash.o(i.FLASH_GetStatus), (40 bytes).
    Removing stm32f10x_flash.o(i.FLASH_GetUserOptionByte), (12 bytes).
    Removing stm32f10x_flash.o(i.FLASH_GetWriteProtectionOptionByte), (12 bytes).
    Removing stm32f10x_flash.o(i.FLASH_HalfCycleAccessCmd), (24 bytes).
    Removing stm32f10x_flash.o(i.FLASH_ITConfig), (24 bytes).
    Removing stm32f10x_flash.o(i.FLASH_Lock), (16 bytes).
    Removing stm32f10x_flash.o(i.FLASH_ProgramHalfWord), (56 bytes).
    Removing stm32f10x_flash.o(i.FLASH_ProgramOptionByteData), (72 bytes).
    Removing stm32f10x_flash.o(i.FLASH_ProgramWord), (76 bytes).
    Removing stm32f10x_flash.o(i.FLASH_ReadOutProtection), (136 bytes).
    Removing stm32f10x_flash.o(i.FLASH_Unlock), (24 bytes).
    Removing stm32f10x_flash.o(i.FLASH_UserOptionByteConfig), (88 bytes).
    Removing stm32f10x_flash.o(i.FLASH_WaitForLastOperation), (46 bytes).
    Removing system_stm32f10x.o(i.SetSysClockTo72), (208 bytes).
    Removing system_stm32f10x.o(i.SystemInit), (76 bytes).
    Removing system_stm32f10x.o(.constdata), (4 bytes).
    Removing system_stm32f10x.o(.constdata), (4 bytes).
    Removing system_stm32f10x.o(.constdata), (4 bytes).
    Removing system_stm32f10x.o(.constdata), (4 bytes).
    Removing system_stm32f10x.o(.constdata), (4 bytes).
    Removing core_cm3.o(.emb_text), (32 bytes).
    Removing et_stm32f_arm_kit.o(i.ET_STM32_ADC_Configuration), (108 bytes).
    Removing et_stm32f_arm_kit.o(i.ET_STM32_COM_Init), (188 bytes).
    Removing et_stm32f_arm_kit.o(i.ET_STM32_ETH_Configuration), (288 bytes).
    Removing et_stm32f_arm_kit.o(i.ET_STM32_LED_Init), (64 bytes).
    Removing et_stm32f_arm_kit.o(i.ET_STM32_LED_Off), (24 bytes).
    Removing et_stm32f_arm_kit.o(i.ET_STM32_LED_On), (24 bytes).
    Removing et_stm32f_arm_kit.o(i.ET_STM32_LED_Write), (124 bytes).
    Removing et_stm32f_arm_kit.o(i.ET_STM32_PB_GetState), (24 bytes).
    Removing et_stm32f_arm_kit.o(i.ET_STM32_PB_Init), (156 bytes).
    Removing et_stm32f_arm_kit.o(i.ET_STM32_RTC_Configuration), (88 bytes).
    Removing et_stm32f_arm_kit.o(i.ET_STM32_SD_SPI_Configuration), (156 bytes).
    Removing et_stm32f_arm_kit_i2c.o(i.GPIO_Configuration), (44 bytes).
    Removing et_stm32f_arm_kit_i2c.o(i.I2C_Configuration), (68 bytes).
    Removing et_stm32f_arm_kit_i2c.o(i.I2C_EE_BufferRead), (244 bytes).
    Removing et_stm32f_arm_kit_i2c.o(i.I2C_EE_BufferWrite), (224 bytes).
    Removing et_stm32f_arm_kit_i2c.o(i.I2C_EE_ByteWrite), (132 bytes).
    Removing et_stm32f_arm_kit_i2c.o(i.I2C_EE_Init), (40 bytes).
    Removing et_stm32f_arm_kit_i2c.o(i.I2C_EE_PageWrite), (168 bytes).
    Removing et_stm32f_arm_kit_i2c.o(i.I2C_EE_WaitEepromStandbyState), (88 bytes).
    Removing et_stm32f_arm_kit_i2c.o(.data), (2 bytes).
    Removing et_stm32f_arm_kit_lcd.o(i.ET_STM32_LCD_Init), (4 bytes).
    Removing et_stm32f_arm_kit_lcd.o(i.ET_STM32_TCS_Config), (124 bytes).
    Removing et_stm32f_arm_kit_lcd.o(i.LCD_ClearLine), (32 bytes).
    Removing et_stm32f_arm_kit_lcd.o(i.LCD_DisplayOff), (8 bytes).
    Removing et_stm32f_arm_kit_lcd.o(i.LCD_DisplayOn), (10 bytes).
    Removing et_stm32f_arm_kit_lcd.o(i.LCD_DrawCircle), (236 bytes).
    Removing et_stm32f_arm_kit_lcd.o(i.LCD_DrawLine), (96 bytes).
    Removing et_stm32f_arm_kit_lcd.o(i.LCD_DrawMonoPict), (92 bytes).
    Removing et_stm32f_arm_kit_lcd.o(i.LCD_DrawRect), (66 bytes).
    Removing et_stm32f_arm_kit_lcd.o(i.LCD_PowerOn), (120 bytes).
    Removing et_stm32f_arm_kit_lcd.o(i.LCD_ReadReg), (192 bytes).
    Removing et_stm32f_arm_kit_lcd.o(i.LCD_SetDisplayWindow), (76 bytes).
    Removing et_stm32f_arm_kit_lcd.o(i.LCD_WindowModeDisable), (30 bytes).
    Removing et_stm32f_arm_kit_lcd.o(i.LCD_WriteRAMWord), (32 bytes).
    Removing et_stm32f_arm_kit_lcd.o(i.TCS_Read_X), (120 bytes).
    Removing et_stm32f_arm_kit_lcd.o(i.TCS_Read_Y), (120 bytes).
    Removing et_stm32f_arm_kit_lcd.o(i.TCS_SPI_Write_Byte), (92 bytes).
    Removing et_stm32f_arm_kit_uart.o(i.ET_STM32_USART_Init), (50 bytes).
    Removing et_stm32f_arm_kit_uart.o(i.SER_getChar), (56 bytes).
    Removing et_stm32f_arm_kit_uart.o(i.SER_getChar1), (32 bytes).
    Removing et_stm32f_arm_kit_uart.o(i.SER_getChar1_nb), (32 bytes).
    Removing et_stm32f_arm_kit_uart.o(i.SER_getChar2), (32 bytes).
    Removing et_stm32f_arm_kit_uart.o(i.SER_getChar2_nb), (32 bytes).
    Removing et_stm32f_arm_kit_uart.o(i.SER_getChar_nb), (48 bytes).
    Removing et_stm32f_arm_kit_uart.o(i.SER_putChar), (60 bytes).
    Removing et_stm32f_arm_kit_uart.o(i.SER_putChar1), (36 bytes).
    Removing et_stm32f_arm_kit_uart.o(i.SER_putChar2), (36 bytes).
    Removing et_stm32f_arm_kit_uart.o(i.printUART1), (36 bytes).
    Removing et_stm32f_arm_kit_uart.o(i.printUART2), (36 bytes).
    Removing stm32_eth.o(i.ETH_BackPressureActivationCmd), (28 bytes).
    Removing stm32_eth.o(i.ETH_DMAClearFlag), (12 bytes).
    Removing stm32_eth.o(i.ETH_DMAClearITPendingBit), (12 bytes).
    Removing stm32_eth.o(i.ETH_DMAITConfig), (24 bytes).
    Removing stm32_eth.o(i.ETH_DMAPTPRxDescChainInit), (112 bytes).
    Removing stm32_eth.o(i.ETH_DMAPTPTxDescChainInit), (104 bytes).
    Removing stm32_eth.o(i.ETH_DMAReceptionCmd), (28 bytes).
    Removing stm32_eth.o(i.ETH_DMARxDescChainInit), (76 bytes).
    Removing stm32_eth.o(i.ETH_DMARxDescEndOfRingCmd), (18 bytes).
    Removing stm32_eth.o(i.ETH_DMARxDescReceiveITConfig), (18 bytes).
    Removing stm32_eth.o(i.ETH_DMARxDescRingInit), (92 bytes).
    Removing stm32_eth.o(i.ETH_DMARxDescSecondAddressChainedCmd), (18 bytes).
    Removing stm32_eth.o(i.ETH_DMATransmissionCmd), (28 bytes).
    Removing stm32_eth.o(i.ETH_DMATxDescBufferSizeConfig), (12 bytes).
    Removing stm32_eth.o(i.ETH_DMATxDescCRCCmd), (18 bytes).
    Removing stm32_eth.o(i.ETH_DMATxDescChainInit), (72 bytes).
    Removing stm32_eth.o(i.ETH_DMATxDescChecksumInsertionConfig), (8 bytes).
    Removing stm32_eth.o(i.ETH_DMATxDescEndOfRingCmd), (18 bytes).
    Removing stm32_eth.o(i.ETH_DMATxDescFrameSegmentConfig), (8 bytes).
    Removing stm32_eth.o(i.ETH_DMATxDescRingInit), (68 bytes).
    Removing stm32_eth.o(i.ETH_DMATxDescSecondAddressChainedCmd), (18 bytes).
    Removing stm32_eth.o(i.ETH_DMATxDescShortFramePaddingCmd), (18 bytes).
    Removing stm32_eth.o(i.ETH_DMATxDescTimeStampCmd), (18 bytes).
    Removing stm32_eth.o(i.ETH_DMATxDescTransmitITConfig), (18 bytes).
    Removing stm32_eth.o(i.ETH_DeInit), (24 bytes).
    Removing stm32_eth.o(i.ETH_DropRxPkt), (52 bytes).
    Removing stm32_eth.o(i.ETH_EnablePTPTimeStampAddend), (16 bytes).
    Removing stm32_eth.o(i.ETH_EnablePTPTimeStampInterruptTrigger), (16 bytes).
    Removing stm32_eth.o(i.ETH_EnablePTPTimeStampUpdate), (16 bytes).
    Removing stm32_eth.o(i.ETH_FlushTransmitFIFO), (16 bytes).
    Removing stm32_eth.o(i.ETH_GetBufferUnavailableMissedFrameCounter), (12 bytes).
    Removing stm32_eth.o(i.ETH_GetCurrentRxBufferAddress), (12 bytes).
    Removing stm32_eth.o(i.ETH_GetCurrentRxDescStartAddress), (12 bytes).
    Removing stm32_eth.o(i.ETH_GetCurrentTxBufferAddress), (12 bytes).
    Removing stm32_eth.o(i.ETH_GetCurrentTxDescStartAddress), (12 bytes).
    Removing stm32_eth.o(i.ETH_GetDMAFlagStatus), (20 bytes).
    Removing stm32_eth.o(i.ETH_GetDMAITStatus), (20 bytes).
    Removing stm32_eth.o(i.ETH_GetDMAOverflowStatus), (20 bytes).
    Removing stm32_eth.o(i.ETH_GetDMARxDescBufferSize), (16 bytes).
    Removing stm32_eth.o(i.ETH_GetDMARxDescFlagStatus), (14 bytes).
    Removing stm32_eth.o(i.ETH_GetDMARxDescFrameLength), (8 bytes).
    Removing stm32_eth.o(i.ETH_GetDMATxDescCollisionCount), (8 bytes).
    Removing stm32_eth.o(i.ETH_GetDMATxDescFlagStatus), (14 bytes).
    Removing stm32_eth.o(i.ETH_GetFlowControlBusyStatus), (20 bytes).
    Removing stm32_eth.o(i.ETH_GetFlushTransmitFIFOStatus), (20 bytes).
    Removing stm32_eth.o(i.ETH_GetMACAddress), (36 bytes).
    Removing stm32_eth.o(i.ETH_GetMACFlagStatus), (20 bytes).
    Removing stm32_eth.o(i.ETH_GetMACITStatus), (20 bytes).
    Removing stm32_eth.o(i.ETH_GetMMCITStatus), (40 bytes).
    Removing stm32_eth.o(i.ETH_GetMMCRegister), (12 bytes).
    Removing stm32_eth.o(i.ETH_GetPMTFlagStatus), (20 bytes).
    Removing stm32_eth.o(i.ETH_GetPTPFlagStatus), (20 bytes).
    Removing stm32_eth.o(i.ETH_GetPTPRegister), (12 bytes).
    Removing stm32_eth.o(i.ETH_GetReceiveProcessState), (16 bytes).
    Removing stm32_eth.o(i.ETH_GetRxOverflowMissedFrameCounter), (16 bytes).
    Removing stm32_eth.o(i.ETH_GetRxPktSize), (32 bytes).
    Removing stm32_eth.o(i.ETH_GetSoftwareResetStatus), (20 bytes).
    Removing stm32_eth.o(i.ETH_GetTransmitProcessState), (16 bytes).
    Removing stm32_eth.o(i.ETH_GlobalUnicastWakeUpCmd), (28 bytes).
    Removing stm32_eth.o(i.ETH_HandlePTPRxPkt), (152 bytes).
    Removing stm32_eth.o(i.ETH_HandlePTPTxPkt), (196 bytes).
    Removing stm32_eth.o(i.ETH_HandleRxPkt), (120 bytes).
    Removing stm32_eth.o(i.ETH_HandleTxPkt), (104 bytes).
    Removing stm32_eth.o(i.ETH_Init), (532 bytes).
    Removing stm32_eth.o(i.ETH_InitializePTPTimeStamp), (16 bytes).
    Removing stm32_eth.o(i.ETH_InitiatePauseControlFrame), (16 bytes).
    Removing stm32_eth.o(i.ETH_MACAddressConfig), (28 bytes).
    Removing stm32_eth.o(i.ETH_MACAddressFilterConfig), (28 bytes).
    Removing stm32_eth.o(i.ETH_MACAddressMaskBytesFilterConfig), (24 bytes).
    Removing stm32_eth.o(i.ETH_MACAddressPerfectFilterCmd), (28 bytes).
    Removing stm32_eth.o(i.ETH_MACITConfig), (24 bytes).
    Removing stm32_eth.o(i.ETH_MACReceptionCmd), (28 bytes).
    Removing stm32_eth.o(i.ETH_MACTransmissionCmd), (28 bytes).
    Removing stm32_eth.o(i.ETH_MMCCounterFreezeCmd), (32 bytes).
    Removing stm32_eth.o(i.ETH_MMCCounterRolloverCmd), (32 bytes).
    Removing stm32_eth.o(i.ETH_MMCCountersReset), (16 bytes).
    Removing stm32_eth.o(i.ETH_MMCITConfig), (56 bytes).
    Removing stm32_eth.o(i.ETH_MMCResetOnReadCmd), (32 bytes).
    Removing stm32_eth.o(i.ETH_MagicPacketDetectionCmd), (28 bytes).
    Removing stm32_eth.o(i.ETH_PHYLoopBackCmd), (40 bytes).
    Removing stm32_eth.o(i.ETH_PTPTimeStampCmd), (28 bytes).
    Removing stm32_eth.o(i.ETH_PTPUpdateMethodConfig), (28 bytes).
    Removing stm32_eth.o(i.ETH_PowerDownCmd), (28 bytes).
    Removing stm32_eth.o(i.ETH_ReadPHYRegister), (88 bytes).
    Removing stm32_eth.o(i.ETH_ResetWakeUpFrameFilterRegisterPointer), (16 bytes).
    Removing stm32_eth.o(i.ETH_ResumeDMAReception), (12 bytes).
    Removing stm32_eth.o(i.ETH_ResumeDMATransmission), (12 bytes).
    Removing stm32_eth.o(i.ETH_SetDMARxDescOwnBit), (10 bytes).
    Removing stm32_eth.o(i.ETH_SetDMATxDescOwnBit), (10 bytes).
    Removing stm32_eth.o(i.ETH_SetPTPSubSecondIncrement), (12 bytes).
    Removing stm32_eth.o(i.ETH_SetPTPTargetTime), (16 bytes).
    Removing stm32_eth.o(i.ETH_SetPTPTimeStampAddend), (12 bytes).
    Removing stm32_eth.o(i.ETH_SetPTPTimeStampUpdate), (16 bytes).
    Removing stm32_eth.o(i.ETH_SetWakeUpFrameFilterRegister), (24 bytes).
    Removing stm32_eth.o(i.ETH_SoftwareReset), (16 bytes).
    Removing stm32_eth.o(i.ETH_Start), (34 bytes).
    Removing stm32_eth.o(i.ETH_StructInit), (124 bytes).
    Removing stm32_eth.o(i.ETH_WakeUpFrameDetectionCmd), (28 bytes).
    Removing stm32_eth.o(i.ETH_WritePHYRegister), (84 bytes).
    Removing stm32_eth.o(.data), (16 bytes).
    Removing startup_stm32f10x_cl.o(HEAP), (8192 bytes).

374 unused section(s) (total 22792 bytes) removed from the image.

==============================================================================

Image Symbol Table

    Local Symbols

    Symbol Name                              Value     Ov Type        Size  Object(Section)

    ../clib/microlib/init/entry.s            0x00000000   Number         0  entry8a.o ABSOLUTE
    ../clib/microlib/init/entry.s            0x00000000   Number         0  entry11a.o ABSOLUTE
    ../clib/microlib/init/entry.s            0x00000000   Number         0  entry10b.o ABSOLUTE
    ../clib/microlib/init/entry.s            0x00000000   Number         0  entry10a.o ABSOLUTE
    ../clib/microlib/init/entry.s            0x00000000   Number         0  entry9b.o ABSOLUTE
    ../clib/microlib/init/entry.s            0x00000000   Number         0  entry9a.o ABSOLUTE
    ../clib/microlib/init/entry.s            0x00000000   Number         0  entry8b.o ABSOLUTE
    ../clib/microlib/init/entry.s            0x00000000   Number         0  entry.o ABSOLUTE
    ../clib/microlib/init/entry.s            0x00000000   Number         0  entry7b.o ABSOLUTE
    ../clib/microlib/init/entry.s            0x00000000   Number         0  entry7a.o ABSOLUTE
    ../clib/microlib/init/entry.s            0x00000000   Number         0  entry5.o ABSOLUTE
    ../clib/microlib/init/entry.s            0x00000000   Number         0  entry2.o ABSOLUTE
    ../clib/microlib/init/entry.s            0x00000000   Number         0  entry11b.o ABSOLUTE
    ..\..\..\Libraries\CMSIS\Core\CM3\core_cm3.c 0x00000000   Number         0  core_cm3.o ABSOLUTE
    ..\..\..\Libraries\CMSIS\Core\CM3\startup\arm\startup_stm32f10x_cl.s 0x00000000   Number         0  startup_stm32f10x_cl.o ABSOLUTE
    ..\..\..\Libraries\CMSIS\Core\CM3\system_stm32f10x.c 0x00000000   Number         0  system_stm32f10x.o ABSOLUTE
    ..\..\..\Libraries\STM32F10x_StdPeriph_Driver\src\misc.c 0x00000000   Number         0  misc.o ABSOLUTE
    ..\..\..\Libraries\STM32F10x_StdPeriph_Driver\src\stm32f10x_adc.c 0x00000000   Number         0  stm32f10x_adc.o ABSOLUTE
    ..\..\..\Libraries\STM32F10x_StdPeriph_Driver\src\stm32f10x_bkp.c 0x00000000   Number         0  stm32f10x_bkp.o ABSOLUTE
    ..\..\..\Libraries\STM32F10x_StdPeriph_Driver\src\stm32f10x_dma.c 0x00000000   Number         0  stm32f10x_dma.o ABSOLUTE
    ..\..\..\Libraries\STM32F10x_StdPeriph_Driver\src\stm32f10x_exti.c 0x00000000   Number         0  stm32f10x_exti.o ABSOLUTE
    ..\..\..\Libraries\STM32F10x_StdPeriph_Driver\src\stm32f10x_flash.c 0x00000000   Number         0  stm32f10x_flash.o ABSOLUTE
    ..\..\..\Libraries\STM32F10x_StdPeriph_Driver\src\stm32f10x_fsmc.c 0x00000000   Number         0  stm32f10x_fsmc.o ABSOLUTE
    ..\..\..\Libraries\STM32F10x_StdPeriph_Driver\src\stm32f10x_gpio.c 0x00000000   Number         0  stm32f10x_gpio.o ABSOLUTE
    ..\..\..\Libraries\STM32F10x_StdPeriph_Driver\src\stm32f10x_i2c.c 0x00000000   Number         0  stm32f10x_i2c.o ABSOLUTE
    ..\..\..\Libraries\STM32F10x_StdPeriph_Driver\src\stm32f10x_pwr.c 0x00000000   Number         0  stm32f10x_pwr.o ABSOLUTE
    ..\..\..\Libraries\STM32F10x_StdPeriph_Driver\src\stm32f10x_rcc.c 0x00000000   Number         0  stm32f10x_rcc.o ABSOLUTE
    ..\..\..\Libraries\STM32F10x_StdPeriph_Driver\src\stm32f10x_rtc.c 0x00000000   Number         0  stm32f10x_rtc.o ABSOLUTE
    ..\..\..\Libraries\STM32F10x_StdPeriph_Driver\src\stm32f10x_spi.c 0x00000000   Number         0  stm32f10x_spi.o ABSOLUTE
    ..\..\..\Libraries\STM32F10x_StdPeriph_Driver\src\stm32f10x_usart.c 0x00000000   Number         0  stm32f10x_usart.o ABSOLUTE
    ..\..\..\Libraries\STM32_ETH_Driver\src\stm32_eth.c 0x00000000   Number         0  stm32_eth.o ABSOLUTE
    ..\..\..\Utilities\et_stm32f_arm_kit.c   0x00000000   Number         0  et_stm32f_arm_kit.o ABSOLUTE
    ..\..\..\Utilities\et_stm32f_arm_kit_i2c.c 0x00000000   Number         0  et_stm32f_arm_kit_i2c.o ABSOLUTE
    ..\..\..\Utilities\et_stm32f_arm_kit_lcd.c 0x00000000   Number         0  et_stm32f_arm_kit_lcd.o ABSOLUTE
    ..\..\..\Utilities\et_stm32f_arm_kit_uart.c 0x00000000   Number         0  et_stm32f_arm_kit_uart.o ABSOLUTE
    ..\\..\\..\\Libraries\\CMSIS\\Core\\CM3\\core_cm3.c 0x00000000   Number         0  core_cm3.o ABSOLUTE
    ..\main.c                                0x00000000   Number         0  main.o ABSOLUTE
    ..\stm32f10x_it.c                        0x00000000   Number         0  stm32f10x_it.o ABSOLUTE
    dc.s                                     0x00000000   Number         0  dc.o ABSOLUTE
    handlers.s                               0x00000000   Number         0  handlers.o ABSOLUTE
    init.s                                   0x00000000   Number         0  init.o ABSOLUTE
    RESET                                    0x08000000   Section      336  startup_stm32f10x_cl.o(RESET)
    .ARM.Collect$$$$00000000                 0x08000150   Section        0  entry.o(.ARM.Collect$$$$00000000)
    .ARM.Collect$$$$00000001                 0x08000150   Section        4  entry2.o(.ARM.Collect$$$$00000001)
    .ARM.Collect$$$$00000004                 0x08000154   Section        4  entry5.o(.ARM.Collect$$$$00000004)
    .ARM.Collect$$$$00000008                 0x08000158   Section        0  entry7b.o(.ARM.Collect$$$$00000008)
    .ARM.Collect$$$$0000000A                 0x08000158   Section        0  entry8b.o(.ARM.Collect$$$$0000000A)
    .ARM.Collect$$$$0000000B                 0x08000158   Section        8  entry9a.o(.ARM.Collect$$$$0000000B)
    .ARM.Collect$$$$0000000D                 0x08000160   Section        0  entry10a.o(.ARM.Collect$$$$0000000D)
    .ARM.Collect$$$$0000000F                 0x08000160   Section        0  entry11a.o(.ARM.Collect$$$$0000000F)
    .ARM.Collect$$$$00002712                 0x08000160   Section        4  entry2.o(.ARM.Collect$$$$00002712)
    __lit__00000000                          0x08000160   Data           4  entry2.o(.ARM.Collect$$$$00002712)
    .text                                    0x08000164   Section       28  startup_stm32f10x_cl.o(.text)
    .text                                    0x08000180   Section       36  init.o(.text)
    i.ADC_Cmd                                0x080001a4   Section        0  stm32f10x_adc.o(i.ADC_Cmd)
    i.ADC_GetConversionValue                 0x080001b8   Section        0  stm32f10x_adc.o(i.ADC_GetConversionValue)
    i.ADC_GetFlagStatus                      0x080001be   Section        0  stm32f10x_adc.o(i.ADC_GetFlagStatus)
    i.ADC_GetResetCalibrationStatus          0x080001cc   Section        0  stm32f10x_adc.o(i.ADC_GetResetCalibrationStatus)
    i.ADC_Init                               0x080001dc   Section        0  stm32f10x_adc.o(i.ADC_Init)
    i.ADC_RegularChannelConfig               0x08000224   Section        0  stm32f10x_adc.o(i.ADC_RegularChannelConfig)
    i.ADC_ResetCalibration                   0x08000298   Section        0  stm32f10x_adc.o(i.ADC_ResetCalibration)
    i.ADC_SoftwareStartConvCmd               0x080002a2   Section        0  stm32f10x_adc.o(i.ADC_SoftwareStartConvCmd)
    i.ADC_StartCalibration                   0x080002b6   Section        0  stm32f10x_adc.o(i.ADC_StartCalibration)
    i.ADC_setup                              0x080002c0   Section        0  main.o(i.ADC_setup)
    i.BusFault_Handler                       0x08000340   Section        0  stm32f10x_it.o(i.BusFault_Handler)
    i.DebugMon_Handler                       0x08000342   Section        0  stm32f10x_it.o(i.DebugMon_Handler)
    i.ETH_IRQHandler                         0x08000344   Section        0  stm32f10x_it.o(i.ETH_IRQHandler)
    i.ETH_WKUP_IRQHandler                    0x08000346   Section        0  stm32f10x_it.o(i.ETH_WKUP_IRQHandler)
    i.ET_STM32_LED_Toggle                    0x08000348   Section        0  et_stm32f_arm_kit.o(i.ET_STM32_LED_Toggle)
    i.EXTI0_IRQHandler                       0x08000364   Section        0  main.o(i.EXTI0_IRQHandler)
    i.EXTI_ClearITPendingBit                 0x0800038c   Section        0  stm32f10x_exti.o(i.EXTI_ClearITPendingBit)
    i.EXTI_GetITStatus                       0x08000398   Section        0  stm32f10x_exti.o(i.EXTI_GetITStatus)
    i.EXTI_Init                              0x080003b8   Section        0  stm32f10x_exti.o(i.EXTI_Init)
    i.EXTI_setup                             0x08000428   Section        0  main.o(i.EXTI_setup)
    i.FLASH_PrefetchBufferCmd                0x08000458   Section        0  stm32f10x_flash.o(i.FLASH_PrefetchBufferCmd)
    i.FLASH_SetLatency                       0x08000470   Section        0  stm32f10x_flash.o(i.FLASH_SetLatency)
    i.GPIO_EXTILineConfig                    0x08000484   Section        0  stm32f10x_gpio.o(i.GPIO_EXTILineConfig)
    i.GPIO_Init                              0x080004ac   Section        0  stm32f10x_gpio.o(i.GPIO_Init)
    i.GPIO_PinRemapConfig                    0x0800054c   Section        0  stm32f10x_gpio.o(i.GPIO_PinRemapConfig)
    i.GPIO_WriteBit                          0x08000594   Section        0  stm32f10x_gpio.o(i.GPIO_WriteBit)
    i.GPIO_setup                             0x080005a0   Section        0  main.o(i.GPIO_setup)
    i.HardFault_Handler                      0x080005cc   Section        0  stm32f10x_it.o(i.HardFault_Handler)
    i.LCD_CS_StartByte                       0x080005d0   Section        0  et_stm32f_arm_kit_lcd.o(i.LCD_CS_StartByte)
    i.LCD_Clear                              0x08000600   Section        0  et_stm32f_arm_kit_lcd.o(i.LCD_Clear)
    i.LCD_DisplayChar                        0x08000638   Section        0  et_stm32f_arm_kit_lcd.o(i.LCD_DisplayChar)
    i.LCD_DisplayStringLine                  0x08000650   Section        0  et_stm32f_arm_kit_lcd.o(i.LCD_DisplayStringLine)
    i.LCD_DrawChar                           0x08000680   Section        0  et_stm32f_arm_kit_lcd.o(i.LCD_DrawChar)
    i.LCD_GPIO_Config                        0x080006f0   Section        0  et_stm32f_arm_kit_lcd.o(i.LCD_GPIO_Config)
    i.LCD_SPIConfig                          0x08000738   Section        0  et_stm32f_arm_kit_lcd.o(i.LCD_SPIConfig)
    i.LCD_SetBackColor                       0x080007c4   Section        0  et_stm32f_arm_kit_lcd.o(i.LCD_SetBackColor)
    i.LCD_SetCursor                          0x080007d4   Section        0  et_stm32f_arm_kit_lcd.o(i.LCD_SetCursor)
    i.LCD_SetTextColor                       0x080007ec   Section        0  et_stm32f_arm_kit_lcd.o(i.LCD_SetTextColor)
    i.LCD_Setup                              0x080007fc   Section        0  et_stm32f_arm_kit_lcd.o(i.LCD_Setup)
    i.LCD_WriteRAM                           0x08000a10   Section        0  et_stm32f_arm_kit_lcd.o(i.LCD_WriteRAM)
    i.LCD_WriteRAM_Prepare                   0x08000a44   Section        0  et_stm32f_arm_kit_lcd.o(i.LCD_WriteRAM_Prepare)
    i.LCD_WriteReg                           0x08000a58   Section        0  et_stm32f_arm_kit_lcd.o(i.LCD_WriteReg)
    i.LCD_WriteRegIndex                      0x08000aa8   Section        0  et_stm32f_arm_kit_lcd.o(i.LCD_WriteRegIndex)
    i.MemManage_Handler                      0x08000af4   Section        0  stm32f10x_it.o(i.MemManage_Handler)
    i.NMI_Handler                            0x08000af6   Section        0  stm32f10x_it.o(i.NMI_Handler)
    i.NVIC_Init                              0x08000af8   Section        0  misc.o(i.NVIC_Init)
    i.NVIC_PriorityGroupConfig               0x08000b5c   Section        0  misc.o(i.NVIC_PriorityGroupConfig)
    i.NVIC_SetVectorTable                    0x08000b70   Section        0  misc.o(i.NVIC_SetVectorTable)
    i.NVIC_setup                             0x08000b84   Section        0  main.o(i.NVIC_setup)
    i.OTG_FS_IRQHandler                      0x08000bf6   Section        0  stm32f10x_it.o(i.OTG_FS_IRQHandler)
    i.PendSV_Handler                         0x08000bf8   Section        0  stm32f10x_it.o(i.PendSV_Handler)
    i.RCC_ADCCLKConfig                       0x08000bfc   Section        0  stm32f10x_rcc.o(i.RCC_ADCCLKConfig)
    i.RCC_APB1PeriphClockCmd                 0x08000c10   Section        0  stm32f10x_rcc.o(i.RCC_APB1PeriphClockCmd)
    i.RCC_APB1PeriphResetCmd                 0x08000c28   Section        0  stm32f10x_rcc.o(i.RCC_APB1PeriphResetCmd)
    i.RCC_APB2PeriphClockCmd                 0x08000c40   Section        0  stm32f10x_rcc.o(i.RCC_APB2PeriphClockCmd)
    i.RCC_APB2PeriphResetCmd                 0x08000c58   Section        0  stm32f10x_rcc.o(i.RCC_APB2PeriphResetCmd)
    i.RCC_DeInit                             0x08000c70   Section        0  stm32f10x_rcc.o(i.RCC_DeInit)
    i.RCC_GetClocksFreq                      0x08000cbc   Section        0  stm32f10x_rcc.o(i.RCC_GetClocksFreq)
    i.RCC_GetFlagStatus                      0x08000d84   Section        0  stm32f10x_rcc.o(i.RCC_GetFlagStatus)
    i.RCC_GetSYSCLKSource                    0x08000db4   Section        0  stm32f10x_rcc.o(i.RCC_GetSYSCLKSource)
    i.RCC_HCLKConfig                         0x08000dc4   Section        0  stm32f10x_rcc.o(i.RCC_HCLKConfig)
    i.RCC_HSEConfig                          0x08000dd8   Section        0  stm32f10x_rcc.o(i.RCC_HSEConfig)
    i.RCC_PCLK1Config                        0x08000e0c   Section        0  stm32f10x_rcc.o(i.RCC_PCLK1Config)
    i.RCC_PCLK2Config                        0x08000e20   Section        0  stm32f10x_rcc.o(i.RCC_PCLK2Config)
    i.RCC_PLL2Cmd                            0x08000e34   Section        0  stm32f10x_rcc.o(i.RCC_PLL2Cmd)
    i.RCC_PLL2Config                         0x08000e40   Section        0  stm32f10x_rcc.o(i.RCC_PLL2Config)
    i.RCC_PLLCmd                             0x08000e54   Section        0  stm32f10x_rcc.o(i.RCC_PLLCmd)
    i.RCC_PLLConfig                          0x08000e60   Section        0  stm32f10x_rcc.o(i.RCC_PLLConfig)
    i.RCC_PREDIV1Config                      0x08000e74   Section        0  stm32f10x_rcc.o(i.RCC_PREDIV1Config)
    i.RCC_PREDIV2Config                      0x08000e90   Section        0  stm32f10x_rcc.o(i.RCC_PREDIV2Config)
    i.RCC_SYSCLKConfig                       0x08000ea4   Section        0  stm32f10x_rcc.o(i.RCC_SYSCLKConfig)
    i.RCC_WaitForHSEStartUp                  0x08000eb8   Section        0  stm32f10x_rcc.o(i.RCC_WaitForHSEStartUp)
    i.RCC_setup                              0x08000ee4   Section        0  main.o(i.RCC_setup)
    i.RTC_ClearITPendingBit                  0x08000f78   Section        0  stm32f10x_rtc.o(i.RTC_ClearITPendingBit)
    i.RTC_EnterConfigMode                    0x08000f88   Section        0  stm32f10x_rtc.o(i.RTC_EnterConfigMode)
    i.RTC_ExitConfigMode                     0x08000f98   Section        0  stm32f10x_rtc.o(i.RTC_ExitConfigMode)
    i.RTC_GetCounter                         0x08000fa8   Section        0  stm32f10x_rtc.o(i.RTC_GetCounter)
    i.RTC_GetITStatus                        0x08000fbc   Section        0  stm32f10x_rtc.o(i.RTC_GetITStatus)
    i.RTC_IRQHandler                         0x08000fdc   Section        0  stm32f10x_it.o(i.RTC_IRQHandler)
    i.RTC_SetCounter                         0x08001020   Section        0  stm32f10x_rtc.o(i.RTC_SetCounter)
    i.RTC_WaitForLastTask                    0x08001040   Section        0  stm32f10x_rtc.o(i.RTC_WaitForLastTask)
    i.SPI_Cmd                                0x08001050   Section        0  stm32f10x_spi.o(i.SPI_Cmd)
    i.SPI_I2S_DeInit                         0x08001064   Section        0  stm32f10x_spi.o(i.SPI_I2S_DeInit)
    i.SPI_I2S_GetFlagStatus                  0x080010b8   Section        0  stm32f10x_spi.o(i.SPI_I2S_GetFlagStatus)
    i.SPI_I2S_SendData                       0x080010c6   Section        0  stm32f10x_spi.o(i.SPI_I2S_SendData)
    i.SPI_Init                               0x080010ca   Section        0  stm32f10x_spi.o(i.SPI_Init)
    i.SVC_Handler                            0x08001102   Section        0  stm32f10x_it.o(i.SVC_Handler)
    i.SysTick_CLKSourceConfig                0x08001104   Section        0  misc.o(i.SysTick_CLKSourceConfig)
    i.SysTick_Handler                        0x0800111c   Section        0  main.o(i.SysTick_Handler)
    i.Systick_setup                          0x080011ac   Section        0  main.o(i.Systick_setup)
    i.USART2_IRQHandler                      0x080011d4   Section        0  main.o(i.USART2_IRQHandler)
    i.USART_ClearITPendingBit                0x08001558   Section        0  stm32f10x_usart.o(i.USART_ClearITPendingBit)
    i.USART_Cmd                              0x08001564   Section        0  stm32f10x_usart.o(i.USART_Cmd)
    i.USART_GetFlagStatus                    0x08001578   Section        0  stm32f10x_usart.o(i.USART_GetFlagStatus)
    i.USART_GetITStatus                      0x08001586   Section        0  stm32f10x_usart.o(i.USART_GetITStatus)
    i.USART_ITConfig                         0x080015c4   Section        0  stm32f10x_usart.o(i.USART_ITConfig)
    i.USART_Init                             0x080015f4   Section        0  stm32f10x_usart.o(i.USART_Init)
    i.USART_Pin_setup                        0x08001680   Section        0  main.o(i.USART_Pin_setup)
    i.USART_ReceiveData                      0x08001750   Section        0  stm32f10x_usart.o(i.USART_ReceiveData)
    i.USART_SendData                         0x08001758   Section        0  stm32f10x_usart.o(i.USART_SendData)
    i.USART_setup                            0x08001760   Section        0  main.o(i.USART_setup)
    i.UsageFault_Handler                     0x0800178a   Section        0  stm32f10x_it.o(i.UsageFault_Handler)
    i.__scatterload_copy                     0x0800178c   Section       14  handlers.o(i.__scatterload_copy)
    i.__scatterload_null                     0x0800179a   Section        2  handlers.o(i.__scatterload_null)
    i.__scatterload_zeroinit                 0x0800179c   Section       14  handlers.o(i.__scatterload_zeroinit)
    i.alert_fn                               0x080017ac   Section        0  main.o(i.alert_fn)
    i.delay                                  0x08001828   Section        0  et_stm32f_arm_kit_lcd.o(i.delay)
    delay                                    0x08001829   Thumb Code    22  et_stm32f_arm_kit_lcd.o(i.delay)
    i.displayProgress                        0x08001844   Section        0  main.o(i.displayProgress)
    i.display_adc                            0x0800189c   Section        0  main.o(i.display_adc)
    i.display_clock                          0x08001908   Section        0  main.o(i.display_clock)
    i.halt                                   0x08001988   Section        0  main.o(i.halt)
    i.main                                   0x080019f0   Section        0  main.o(i.main)
    i.putChar                                0x08001ab8   Section        0  main.o(i.putChar)
    i.putsUART2                              0x08001af4   Section        0  main.o(i.putsUART2)
    i.temp_average                           0x08001b1c   Section        0  main.o(i.temp_average)
    i.temp_save                              0x08001c08   Section        0  main.o(i.temp_save)
    .constdata                               0x08001c70   Section      148  et_stm32f_arm_kit.o(.constdata)
    .constdata                               0x08001d04   Section     4704  et_stm32f_arm_kit_lcd.o(.constdata)
    .data                                    0x20000000   Section        4  main.o(.data)
    .data                                    0x20000004   Section       64  main.o(.data)
    .data                                    0x20000044   Section       20  stm32f10x_rcc.o(.data)
    ADCPrescTable                            0x20000044   Data           4  stm32f10x_rcc.o(.data)
    APBAHBPrescTable                         0x20000048   Data          16  stm32f10x_rcc.o(.data)
    .data                                    0x20000058   Section       60  et_stm32f_arm_kit.o(.data)
    .data                                    0x20000094   Section        4  et_stm32f_arm_kit_lcd.o(.data)
    TextColor                                0x20000094   Data           2  et_stm32f_arm_kit_lcd.o(.data)
    BackColor                                0x20000096   Data           2  et_stm32f_arm_kit_lcd.o(.data)
    .bss                                     0x20000098   Section      120  main.o(.bss)
    STACK                                    0x20000110   Section     4096  startup_stm32f10x_cl.o(STACK)

    Global Symbols

    Symbol Name                              Value     Ov Type        Size  Object(Section)

    BuildAttributes$$THM_ISAv4$P$D$K$B$S$PE$A:L22UL41UL21$X:L11$S22US41US21$IEEE1$IW$USESV6$~STKCKD$USESV7$~SHL$OSPACE$EBA8$MICROLIB$REQ8$PRES8$EABIv2 0x00000000   Number         0  anon$$obj.o ABSOLUTE
    __ARM_use_no_argv                        0x00000000   Number         0  main.o ABSOLUTE
    __cpp_initialize__aeabi_                  - Undefined Weak Reference
    __cxa_finalize                            - Undefined Weak Reference
    __decompress                              - Undefined Weak Reference
    _clock_init                               - Undefined Weak Reference
    _microlib_exit                            - Undefined Weak Reference
    __Vectors_Size                           0x00000150   Number         0  startup_stm32f10x_cl.o ABSOLUTE
    __Vectors                                0x08000000   Data           4  startup_stm32f10x_cl.o(RESET)
    __Vectors_End                            0x08000150   Data           0  startup_stm32f10x_cl.o(RESET)
    __main                                   0x08000151   Thumb Code     0  entry.o(.ARM.Collect$$$$00000000)
    _main_stk                                0x08000151   Thumb Code     0  entry2.o(.ARM.Collect$$$$00000001)
    _main_scatterload                        0x08000155   Thumb Code     0  entry5.o(.ARM.Collect$$$$00000004)
    __main_after_scatterload                 0x08000159   Thumb Code     0  entry5.o(.ARM.Collect$$$$00000004)
    _main_clock                              0x08000159   Thumb Code     0  entry7b.o(.ARM.Collect$$$$00000008)
    _main_cpp_init                           0x08000159   Thumb Code     0  entry8b.o(.ARM.Collect$$$$0000000A)
    _main_init                               0x08000159   Thumb Code     0  entry9a.o(.ARM.Collect$$$$0000000B)
    __rt_final_cpp                           0x08000161   Thumb Code     0  entry10a.o(.ARM.Collect$$$$0000000D)
    __rt_final_exit                          0x08000161   Thumb Code     0  entry11a.o(.ARM.Collect$$$$0000000F)
    Reset_Handler                            0x08000165   Thumb Code     4  startup_stm32f10x_cl.o(.text)
    ADC1_2_IRQHandler                        0x0800017b   Thumb Code     0  startup_stm32f10x_cl.o(.text)
    CAN1_RX0_IRQHandler                      0x0800017b   Thumb Code     0  startup_stm32f10x_cl.o(.text)
    CAN1_RX1_IRQHandler                      0x0800017b   Thumb Code     0  startup_stm32f10x_cl.o(.text)
    CAN1_SCE_IRQHandler                      0x0800017b   Thumb Code     0  startup_stm32f10x_cl.o(.text)
    CAN1_TX_IRQHandler                       0x0800017b   Thumb Code     0  startup_stm32f10x_cl.o(.text)
    CAN2_RX0_IRQHandler                      0x0800017b   Thumb Code     0  startup_stm32f10x_cl.o(.text)
    CAN2_RX1_IRQHandler                      0x0800017b   Thumb Code     0  startup_stm32f10x_cl.o(.text)
    CAN2_SCE_IRQHandler                      0x0800017b   Thumb Code     0  startup_stm32f10x_cl.o(.text)
    CAN2_TX_IRQHandler                       0x0800017b   Thumb Code     0  startup_stm32f10x_cl.o(.text)
    DMA1_Channel1_IRQHandler                 0x0800017b   Thumb Code     0  startup_stm32f10x_cl.o(.text)
    DMA1_Channel2_IRQHandler                 0x0800017b   Thumb Code     0  startup_stm32f10x_cl.o(.text)
    DMA1_Channel3_IRQHandler                 0x0800017b   Thumb Code     0  startup_stm32f10x_cl.o(.text)
    DMA1_Channel4_IRQHandler                 0x0800017b   Thumb Code     0  startup_stm32f10x_cl.o(.text)
    DMA1_Channel5_IRQHandler                 0x0800017b   Thumb Code     0  startup_stm32f10x_cl.o(.text)
    DMA1_Channel6_IRQHandler                 0x0800017b   Thumb Code     0  startup_stm32f10x_cl.o(.text)
    DMA1_Channel7_IRQHandler                 0x0800017b   Thumb Code     0  startup_stm32f10x_cl.o(.text)
    DMA2_Channel1_IRQHandler                 0x0800017b   Thumb Code     0  startup_stm32f10x_cl.o(.text)
    DMA2_Channel2_IRQHandler                 0x0800017b   Thumb Code     0  startup_stm32f10x_cl.o(.text)
    DMA2_Channel3_IRQHandler                 0x0800017b   Thumb Code     0  startup_stm32f10x_cl.o(.text)
    DMA2_Channel4_IRQHandler                 0x0800017b   Thumb Code     0  startup_stm32f10x_cl.o(.text)
    DMA2_Channel5_IRQHandler                 0x0800017b   Thumb Code     0  startup_stm32f10x_cl.o(.text)
    EXTI15_10_IRQHandler                     0x0800017b   Thumb Code     0  startup_stm32f10x_cl.o(.text)
    EXTI1_IRQHandler                         0x0800017b   Thumb Code     0  startup_stm32f10x_cl.o(.text)
    EXTI2_IRQHandler                         0x0800017b   Thumb Code     0  startup_stm32f10x_cl.o(.text)
    EXTI3_IRQHandler                         0x0800017b   Thumb Code     0  startup_stm32f10x_cl.o(.text)
    EXTI4_IRQHandler                         0x0800017b   Thumb Code     0  startup_stm32f10x_cl.o(.text)
    EXTI9_5_IRQHandler                       0x0800017b   Thumb Code     0  startup_stm32f10x_cl.o(.text)
    FLASH_IRQHandler                         0x0800017b   Thumb Code     0  startup_stm32f10x_cl.o(.text)
    I2C1_ER_IRQHandler                       0x0800017b   Thumb Code     0  startup_stm32f10x_cl.o(.text)
    I2C1_EV_IRQHandler                       0x0800017b   Thumb Code     0  startup_stm32f10x_cl.o(.text)
    I2C2_ER_IRQHandler                       0x0800017b   Thumb Code     0  startup_stm32f10x_cl.o(.text)
    I2C2_EV_IRQHandler                       0x0800017b   Thumb Code     0  startup_stm32f10x_cl.o(.text)
    OTG_FS_WKUP_IRQHandler                   0x0800017b   Thumb Code     0  startup_stm32f10x_cl.o(.text)
    PVD_IRQHandler                           0x0800017b   Thumb Code     0  startup_stm32f10x_cl.o(.text)
    RCC_IRQHandler                           0x0800017b   Thumb Code     0  startup_stm32f10x_cl.o(.text)
    RTCAlarm_IRQHandler                      0x0800017b   Thumb Code     0  startup_stm32f10x_cl.o(.text)
    SPI1_IRQHandler                          0x0800017b   Thumb Code     0  startup_stm32f10x_cl.o(.text)
    SPI2_IRQHandler                          0x0800017b   Thumb Code     0  startup_stm32f10x_cl.o(.text)
    SPI3_IRQHandler                          0x0800017b   Thumb Code     0  startup_stm32f10x_cl.o(.text)
    TAMPER_IRQHandler                        0x0800017b   Thumb Code     0  startup_stm32f10x_cl.o(.text)
    TIM1_BRK_IRQHandler                      0x0800017b   Thumb Code     0  startup_stm32f10x_cl.o(.text)
    TIM1_CC_IRQHandler                       0x0800017b   Thumb Code     0  startup_stm32f10x_cl.o(.text)
    TIM1_TRG_COM_IRQHandler                  0x0800017b   Thumb Code     0  startup_stm32f10x_cl.o(.text)
    TIM1_UP_IRQHandler                       0x0800017b   Thumb Code     0  startup_stm32f10x_cl.o(.text)
    TIM2_IRQHandler                          0x0800017b   Thumb Code     0  startup_stm32f10x_cl.o(.text)
    TIM3_IRQHandler                          0x0800017b   Thumb Code     0  startup_stm32f10x_cl.o(.text)
    TIM4_IRQHandler                          0x0800017b   Thumb Code     0  startup_stm32f10x_cl.o(.text)
    TIM5_IRQHandler                          0x0800017b   Thumb Code     0  startup_stm32f10x_cl.o(.text)
    TIM6_IRQHandler                          0x0800017b   Thumb Code     0  startup_stm32f10x_cl.o(.text)
    TIM7_IRQHandler                          0x0800017b   Thumb Code     0  startup_stm32f10x_cl.o(.text)
    UART4_IRQHandler                         0x0800017b   Thumb Code     0  startup_stm32f10x_cl.o(.text)
    UART5_IRQHandler                         0x0800017b   Thumb Code     0  startup_stm32f10x_cl.o(.text)
    USART1_IRQHandler                        0x0800017b   Thumb Code     0  startup_stm32f10x_cl.o(.text)
    USART3_IRQHandler                        0x0800017b   Thumb Code     0  startup_stm32f10x_cl.o(.text)
    WWDG_IRQHandler                          0x0800017b   Thumb Code     0  startup_stm32f10x_cl.o(.text)
    __scatterload                            0x08000181   Thumb Code    28  init.o(.text)
    __scatterload_rt2                        0x08000181   Thumb Code     0  init.o(.text)
    ADC_Cmd                                  0x080001a5   Thumb Code    20  stm32f10x_adc.o(i.ADC_Cmd)
    ADC_GetConversionValue                   0x080001b9   Thumb Code     6  stm32f10x_adc.o(i.ADC_GetConversionValue)
    ADC_GetFlagStatus                        0x080001bf   Thumb Code    14  stm32f10x_adc.o(i.ADC_GetFlagStatus)
    ADC_GetResetCalibrationStatus            0x080001cd   Thumb Code    14  stm32f10x_adc.o(i.ADC_GetResetCalibrationStatus)
    ADC_Init                                 0x080001dd   Thumb Code    62  stm32f10x_adc.o(i.ADC_Init)
    ADC_RegularChannelConfig                 0x08000225   Thumb Code   116  stm32f10x_adc.o(i.ADC_RegularChannelConfig)
    ADC_ResetCalibration                     0x08000299   Thumb Code    10  stm32f10x_adc.o(i.ADC_ResetCalibration)
    ADC_SoftwareStartConvCmd                 0x080002a3   Thumb Code    20  stm32f10x_adc.o(i.ADC_SoftwareStartConvCmd)
    ADC_StartCalibration                     0x080002b7   Thumb Code    10  stm32f10x_adc.o(i.ADC_StartCalibration)
    ADC_setup                                0x080002c1   Thumb Code   120  main.o(i.ADC_setup)
    BusFault_Handler                         0x08000341   Thumb Code     2  stm32f10x_it.o(i.BusFault_Handler)
    DebugMon_Handler                         0x08000343   Thumb Code     2  stm32f10x_it.o(i.DebugMon_Handler)
    ETH_IRQHandler                           0x08000345   Thumb Code     2  stm32f10x_it.o(i.ETH_IRQHandler)
    ETH_WKUP_IRQHandler                      0x08000347   Thumb Code     2  stm32f10x_it.o(i.ETH_WKUP_IRQHandler)
    ET_STM32_LED_Toggle                      0x08000349   Thumb Code    20  et_stm32f_arm_kit.o(i.ET_STM32_LED_Toggle)
    EXTI0_IRQHandler                         0x08000365   Thumb Code    34  main.o(i.EXTI0_IRQHandler)
    EXTI_ClearITPendingBit                   0x0800038d   Thumb Code     6  stm32f10x_exti.o(i.EXTI_ClearITPendingBit)
    EXTI_GetITStatus                         0x08000399   Thumb Code    28  stm32f10x_exti.o(i.EXTI_GetITStatus)
    EXTI_Init                                0x080003b9   Thumb Code   108  stm32f10x_exti.o(i.EXTI_Init)
    EXTI_setup                               0x08000429   Thumb Code    46  main.o(i.EXTI_setup)
    FLASH_PrefetchBufferCmd                  0x08000459   Thumb Code    18  stm32f10x_flash.o(i.FLASH_PrefetchBufferCmd)
    FLASH_SetLatency                         0x08000471   Thumb Code    14  stm32f10x_flash.o(i.FLASH_SetLatency)
    GPIO_EXTILineConfig                      0x08000485   Thumb Code    34  stm32f10x_gpio.o(i.GPIO_EXTILineConfig)
    GPIO_Init                                0x080004ad   Thumb Code   158  stm32f10x_gpio.o(i.GPIO_Init)
    GPIO_PinRemapConfig                      0x0800054d   Thumb Code    66  stm32f10x_gpio.o(i.GPIO_PinRemapConfig)
    GPIO_WriteBit                            0x08000595   Thumb Code    10  stm32f10x_gpio.o(i.GPIO_WriteBit)
    GPIO_setup                               0x080005a1   Thumb Code    38  main.o(i.GPIO_setup)
    HardFault_Handler                        0x080005cd   Thumb Code     2  stm32f10x_it.o(i.HardFault_Handler)
    LCD_CS_StartByte                         0x080005d1   Thumb Code    40  et_stm32f_arm_kit_lcd.o(i.LCD_CS_StartByte)
    LCD_Clear                                0x08000601   Thumb Code    50  et_stm32f_arm_kit_lcd.o(i.LCD_Clear)
    LCD_DisplayChar                          0x08000639   Thumb Code    18  et_stm32f_arm_kit_lcd.o(i.LCD_DisplayChar)
    LCD_DisplayStringLine                    0x08000651   Thumb Code    46  et_stm32f_arm_kit_lcd.o(i.LCD_DisplayStringLine)
    LCD_DrawChar                             0x08000681   Thumb Code   102  et_stm32f_arm_kit_lcd.o(i.LCD_DrawChar)
    LCD_GPIO_Config                          0x080006f1   Thumb Code    62  et_stm32f_arm_kit_lcd.o(i.LCD_GPIO_Config)
    LCD_SPIConfig                            0x08000739   Thumb Code   128  et_stm32f_arm_kit_lcd.o(i.LCD_SPIConfig)
    LCD_SetBackColor                         0x080007c5   Thumb Code    12  et_stm32f_arm_kit_lcd.o(i.LCD_SetBackColor)
    LCD_SetCursor                            0x080007d5   Thumb Code    24  et_stm32f_arm_kit_lcd.o(i.LCD_SetCursor)
    LCD_SetTextColor                         0x080007ed   Thumb Code    12  et_stm32f_arm_kit_lcd.o(i.LCD_SetTextColor)
    LCD_Setup                                0x080007fd   Thumb Code   528  et_stm32f_arm_kit_lcd.o(i.LCD_Setup)
    LCD_WriteRAM                             0x08000a11   Thumb Code    48  et_stm32f_arm_kit_lcd.o(i.LCD_WriteRAM)
    LCD_WriteRAM_Prepare                     0x08000a45   Thumb Code    18  et_stm32f_arm_kit_lcd.o(i.LCD_WriteRAM_Prepare)
    LCD_WriteReg                             0x08000a59   Thumb Code    70  et_stm32f_arm_kit_lcd.o(i.LCD_WriteReg)
    LCD_WriteRegIndex                        0x08000aa9   Thumb Code    66  et_stm32f_arm_kit_lcd.o(i.LCD_WriteRegIndex)
    MemManage_Handler                        0x08000af5   Thumb Code     2  stm32f10x_it.o(i.MemManage_Handler)
    NMI_Handler                              0x08000af7   Thumb Code     2  stm32f10x_it.o(i.NMI_Handler)
    NVIC_Init                                0x08000af9   Thumb Code    90  misc.o(i.NVIC_Init)
    NVIC_PriorityGroupConfig                 0x08000b5d   Thumb Code    10  misc.o(i.NVIC_PriorityGroupConfig)
    NVIC_SetVectorTable                      0x08000b71   Thumb Code    12  misc.o(i.NVIC_SetVectorTable)
    NVIC_setup                               0x08000b85   Thumb Code   114  main.o(i.NVIC_setup)
    OTG_FS_IRQHandler                        0x08000bf7   Thumb Code     2  stm32f10x_it.o(i.OTG_FS_IRQHandler)
    PendSV_Handler                           0x08000bf9   Thumb Code     2  stm32f10x_it.o(i.PendSV_Handler)
    RCC_ADCCLKConfig                         0x08000bfd   Thumb Code    14  stm32f10x_rcc.o(i.RCC_ADCCLKConfig)
    RCC_APB1PeriphClockCmd                   0x08000c11   Thumb Code    18  stm32f10x_rcc.o(i.RCC_APB1PeriphClockCmd)
    RCC_APB1PeriphResetCmd                   0x08000c29   Thumb Code    18  stm32f10x_rcc.o(i.RCC_APB1PeriphResetCmd)
    RCC_APB2PeriphClockCmd                   0x08000c41   Thumb Code    18  stm32f10x_rcc.o(i.RCC_APB2PeriphClockCmd)
    RCC_APB2PeriphResetCmd                   0x08000c59   Thumb Code    18  stm32f10x_rcc.o(i.RCC_APB2PeriphResetCmd)
    RCC_DeInit                               0x08000c71   Thumb Code    62  stm32f10x_rcc.o(i.RCC_DeInit)
    RCC_GetClocksFreq                        0x08000cbd   Thumb Code   178  stm32f10x_rcc.o(i.RCC_GetClocksFreq)
    RCC_GetFlagStatus                        0x08000d85   Thumb Code    44  stm32f10x_rcc.o(i.RCC_GetFlagStatus)
    RCC_GetSYSCLKSource                      0x08000db5   Thumb Code    10  stm32f10x_rcc.o(i.RCC_GetSYSCLKSource)
    RCC_HCLKConfig                           0x08000dc5   Thumb Code    14  stm32f10x_rcc.o(i.RCC_HCLKConfig)
    RCC_HSEConfig                            0x08000dd9   Thumb Code    48  stm32f10x_rcc.o(i.RCC_HSEConfig)
    RCC_PCLK1Config                          0x08000e0d   Thumb Code    14  stm32f10x_rcc.o(i.RCC_PCLK1Config)
    RCC_PCLK2Config                          0x08000e21   Thumb Code    16  stm32f10x_rcc.o(i.RCC_PCLK2Config)
    RCC_PLL2Cmd                              0x08000e35   Thumb Code     6  stm32f10x_rcc.o(i.RCC_PLL2Cmd)
    RCC_PLL2Config                           0x08000e41   Thumb Code    14  stm32f10x_rcc.o(i.RCC_PLL2Config)
    RCC_PLLCmd                               0x08000e55   Thumb Code     6  stm32f10x_rcc.o(i.RCC_PLLCmd)
    RCC_PLLConfig                            0x08000e61   Thumb Code    16  stm32f10x_rcc.o(i.RCC_PLLConfig)
    RCC_PREDIV1Config                        0x08000e75   Thumb Code    18  stm32f10x_rcc.o(i.RCC_PREDIV1Config)
    RCC_PREDIV2Config                        0x08000e91   Thumb Code    14  stm32f10x_rcc.o(i.RCC_PREDIV2Config)
    RCC_SYSCLKConfig                         0x08000ea5   Thumb Code    14  stm32f10x_rcc.o(i.RCC_SYSCLKConfig)
    RCC_WaitForHSEStartUp                    0x08000eb9   Thumb Code    44  stm32f10x_rcc.o(i.RCC_WaitForHSEStartUp)
    RCC_setup                                0x08000ee5   Thumb Code   146  main.o(i.RCC_setup)
    RTC_ClearITPendingBit                    0x08000f79   Thumb Code    10  stm32f10x_rtc.o(i.RTC_ClearITPendingBit)
    RTC_EnterConfigMode                      0x08000f89   Thumb Code    12  stm32f10x_rtc.o(i.RTC_EnterConfigMode)
    RTC_ExitConfigMode                       0x08000f99   Thumb Code    12  stm32f10x_rtc.o(i.RTC_ExitConfigMode)
    RTC_GetCounter                           0x08000fa9   Thumb Code    16  stm32f10x_rtc.o(i.RTC_GetCounter)
    RTC_GetITStatus                          0x08000fbd   Thumb Code    28  stm32f10x_rtc.o(i.RTC_GetITStatus)
    RTC_IRQHandler                           0x08000fdd   Thumb Code    60  stm32f10x_it.o(i.RTC_IRQHandler)
    RTC_SetCounter                           0x08001021   Thumb Code    26  stm32f10x_rtc.o(i.RTC_SetCounter)
    RTC_WaitForLastTask                      0x08001041   Thumb Code    10  stm32f10x_rtc.o(i.RTC_WaitForLastTask)
    SPI_Cmd                                  0x08001051   Thumb Code    20  stm32f10x_spi.o(i.SPI_Cmd)
    SPI_I2S_DeInit                           0x08001065   Thumb Code    72  stm32f10x_spi.o(i.SPI_I2S_DeInit)
    SPI_I2S_GetFlagStatus                    0x080010b9   Thumb Code    14  stm32f10x_spi.o(i.SPI_I2S_GetFlagStatus)
    SPI_I2S_SendData                         0x080010c7   Thumb Code     4  stm32f10x_spi.o(i.SPI_I2S_SendData)
    SPI_Init                                 0x080010cb   Thumb Code    56  stm32f10x_spi.o(i.SPI_Init)
    SVC_Handler                              0x08001103   Thumb Code     2  stm32f10x_it.o(i.SVC_Handler)
    SysTick_CLKSourceConfig                  0x08001105   Thumb Code    24  misc.o(i.SysTick_CLKSourceConfig)
    SysTick_Handler                          0x0800111d   Thumb Code   138  main.o(i.SysTick_Handler)
    Systick_setup                            0x080011ad   Thumb Code    32  main.o(i.Systick_setup)
    USART2_IRQHandler                        0x080011d5   Thumb Code   592  main.o(i.USART2_IRQHandler)
    USART_ClearITPendingBit                  0x08001559   Thumb Code    12  stm32f10x_usart.o(i.USART_ClearITPendingBit)
    USART_Cmd                                0x08001565   Thumb Code    20  stm32f10x_usart.o(i.USART_Cmd)
    USART_GetFlagStatus                      0x08001579   Thumb Code    14  stm32f10x_usart.o(i.USART_GetFlagStatus)
    USART_GetITStatus                        0x08001587   Thumb Code    62  stm32f10x_usart.o(i.USART_GetITStatus)
    USART_ITConfig                           0x080015c5   Thumb Code    48  stm32f10x_usart.o(i.USART_ITConfig)
    USART_Init                               0x080015f5   Thumb Code   134  stm32f10x_usart.o(i.USART_Init)
    USART_Pin_setup                          0x08001681   Thumb Code   192  main.o(i.USART_Pin_setup)
    USART_ReceiveData                        0x08001751   Thumb Code     8  stm32f10x_usart.o(i.USART_ReceiveData)
    USART_SendData                           0x08001759   Thumb Code     8  stm32f10x_usart.o(i.USART_SendData)
    USART_setup                              0x08001761   Thumb Code    42  main.o(i.USART_setup)
    UsageFault_Handler                       0x0800178b   Thumb Code     2  stm32f10x_it.o(i.UsageFault_Handler)
    __scatterload_copy                       0x0800178d   Thumb Code    14  handlers.o(i.__scatterload_copy)
    __scatterload_null                       0x0800179b   Thumb Code     2  handlers.o(i.__scatterload_null)
    __scatterload_zeroinit                   0x0800179d   Thumb Code    14  handlers.o(i.__scatterload_zeroinit)
    alert_fn                                 0x080017ad   Thumb Code   120  main.o(i.alert_fn)
    displayProgress                          0x08001845   Thumb Code    82  main.o(i.displayProgress)
    display_adc                              0x0800189d   Thumb Code   104  main.o(i.display_adc)
    display_clock                            0x08001909   Thumb Code   122  main.o(i.display_clock)
    halt                                     0x08001989   Thumb Code    98  main.o(i.halt)
    main                                     0x080019f1   Thumb Code   100  main.o(i.main)
    putChar                                  0x08001ab9   Thumb Code    50  main.o(i.putChar)
    putsUART2                                0x08001af5   Thumb Code    38  main.o(i.putsUART2)
    temp_average                             0x08001b1d   Thumb Code   202  main.o(i.temp_average)
    temp_save                                0x08001c09   Thumb Code    90  main.o(i.temp_save)
    GPIO_PIN                                 0x08001c70   Data          16  et_stm32f_arm_kit.o(.constdata)
    GPIO_CLK                                 0x08001c80   Data          32  et_stm32f_arm_kit.o(.constdata)
    BUTTON_PIN                               0x08001ca0   Data          14  et_stm32f_arm_kit.o(.constdata)
    BUTTON_CLK                               0x08001cb0   Data          28  et_stm32f_arm_kit.o(.constdata)
    BUTTON_EXTI_LINE                         0x08001ccc   Data          14  et_stm32f_arm_kit.o(.constdata)
    BUTTON_PORT_SOURCE                       0x08001cda   Data          14  et_stm32f_arm_kit.o(.constdata)
    BUTTON_PIN_SOURCE                        0x08001ce8   Data          14  et_stm32f_arm_kit.o(.constdata)
    BUTTON_IRQn                              0x08001cf6   Data          14  et_stm32f_arm_kit.o(.constdata)
    ASCII_Table                              0x08001d04   Data        4704  et_stm32f_arm_kit_lcd.o(.constdata)
    Region$$Table$$Base                      0x08002f64   Number         0  anon$$obj.o(Region$$Table)
    Region$$Table$$Limit                     0x08002f84   Number         0  anon$$obj.o(Region$$Table)
    TimeDisplay                              0x20000000   Data           4  main.o(.data)
    temp                                     0x20000004   Data           2  main.o(.data)
    sys_ms                                   0x20000008   Data           4  main.o(.data)
    sys_ms2                                  0x2000000c   Data           4  main.o(.data)
    ms_temp                                  0x20000010   Data           4  main.o(.data)
    hh                                       0x20000014   Data           4  main.o(.data)
    mm                                       0x20000018   Data           4  main.o(.data)
    ss                                       0x2000001c   Data           4  main.o(.data)
    empty                                    0x20000020   Data           4  main.o(.data)
    isHalt                                   0x20000024   Data           4  main.o(.data)
    countdown                                0x20000028   Data           4  main.o(.data)
    isSet                                    0x2000002c   Data           4  main.o(.data)
    setSec                                   0x20000030   Data           4  main.o(.data)
    setMin                                   0x20000034   Data           4  main.o(.data)
    setHour                                  0x20000038   Data           4  main.o(.data)
    firstDigit                               0x2000003c   Data           4  main.o(.data)
    secDigit                                 0x20000040   Data           4  main.o(.data)
    GPIO_PORT                                0x20000058   Data          32  et_stm32f_arm_kit.o(.data)
    BUTTON_PORT                              0x20000078   Data          28  et_stm32f_arm_kit.o(.data)
    temp_list                                0x20000098   Data         120  main.o(.bss)
    __initial_sp                             0x20001110   Data           0  startup_stm32f10x_cl.o(STACK)



==============================================================================

Memory Map of the image

  Image Entry point : 0x08000151

  Load Region LR_IROM1 (Base: 0x08000000, Size: 0x0000301c, Max: 0x00040000, ABSOLUTE)

    Execution Region ER_IROM1 (Base: 0x08000000, Size: 0x00002f84, Max: 0x00040000, ABSOLUTE)

    Base Addr    Size         Type   Attr      Idx    E Section Name        Object

    0x08000000   0x00000150   Data   RO         3326    RESET               startup_stm32f10x_cl.o
    0x08000150   0x00000000   Code   RO         3331  * .ARM.Collect$$$$00000000  mc_w.l(entry.o)
    0x08000150   0x00000004   Code   RO         3334    .ARM.Collect$$$$00000001  mc_w.l(entry2.o)
    0x08000154   0x00000004   Code   RO         3337    .ARM.Collect$$$$00000004  mc_w.l(entry5.o)
    0x08000158   0x00000000   Code   RO         3339    .ARM.Collect$$$$00000008  mc_w.l(entry7b.o)
    0x08000158   0x00000000   Code   RO         3341    .ARM.Collect$$$$0000000A  mc_w.l(entry8b.o)
    0x08000158   0x00000008   Code   RO         3342    .ARM.Collect$$$$0000000B  mc_w.l(entry9a.o)
    0x08000160   0x00000000   Code   RO         3344    .ARM.Collect$$$$0000000D  mc_w.l(entry10a.o)
    0x08000160   0x00000000   Code   RO         3346    .ARM.Collect$$$$0000000F  mc_w.l(entry11a.o)
    0x08000160   0x00000004   Code   RO         3335    .ARM.Collect$$$$00002712  mc_w.l(entry2.o)
    0x08000164   0x0000001c   Code   RO         3327    .text               startup_stm32f10x_cl.o
    0x08000180   0x00000024   Code   RO         3348    .text               mc_w.l(init.o)
    0x080001a4   0x00000014   Code   RO         1325    i.ADC_Cmd           stm32f10x_adc.o
    0x080001b8   0x00000006   Code   RO         1334    i.ADC_GetConversionValue  stm32f10x_adc.o
    0x080001be   0x0000000e   Code   RO         1336    i.ADC_GetFlagStatus  stm32f10x_adc.o
    0x080001cc   0x0000000e   Code   RO         1339    i.ADC_GetResetCalibrationStatus  stm32f10x_adc.o
    0x080001da   0x00000002   PAD
    0x080001dc   0x00000048   Code   RO         1343    i.ADC_Init          stm32f10x_adc.o
    0x08000224   0x00000074   Code   RO         1347    i.ADC_RegularChannelConfig  stm32f10x_adc.o
    0x08000298   0x0000000a   Code   RO         1348    i.ADC_ResetCalibration  stm32f10x_adc.o
    0x080002a2   0x00000014   Code   RO         1350    i.ADC_SoftwareStartConvCmd  stm32f10x_adc.o
    0x080002b6   0x0000000a   Code   RO         1352    i.ADC_StartCalibration  stm32f10x_adc.o
    0x080002c0   0x00000080   Code   RO            1    i.ADC_setup         main.o
    0x08000340   0x00000002   Code   RO          217    i.BusFault_Handler  stm32f10x_it.o
    0x08000342   0x00000002   Code   RO          218    i.DebugMon_Handler  stm32f10x_it.o
    0x08000344   0x00000002   Code   RO          219    i.ETH_IRQHandler    stm32f10x_it.o
    0x08000346   0x00000002   Code   RO          220    i.ETH_WKUP_IRQHandler  stm32f10x_it.o
    0x08000348   0x0000001c   Code   RO         2274    i.ET_STM32_LED_Toggle  et_stm32f_arm_kit.o
    0x08000364   0x00000028   Code   RO            2    i.EXTI0_IRQHandler  main.o
    0x0800038c   0x0000000c   Code   RO          822    i.EXTI_ClearITPendingBit  stm32f10x_exti.o
    0x08000398   0x00000020   Code   RO          826    i.EXTI_GetITStatus  stm32f10x_exti.o
    0x080003b8   0x00000070   Code   RO          827    i.EXTI_Init         stm32f10x_exti.o
    0x08000428   0x0000002e   Code   RO            3    i.EXTI_setup        main.o
    0x08000456   0x00000002   PAD
    0x08000458   0x00000018   Code   RO         2064    i.FLASH_PrefetchBufferCmd  stm32f10x_flash.o
    0x08000470   0x00000014   Code   RO         2069    i.FLASH_SetLatency  stm32f10x_flash.o
    0x08000484   0x00000028   Code   RO          665    i.GPIO_EXTILineConfig  stm32f10x_gpio.o
    0x080004ac   0x0000009e   Code   RO          668    i.GPIO_Init         stm32f10x_gpio.o
    0x0800054a   0x00000002   PAD
    0x0800054c   0x00000048   Code   RO          670    i.GPIO_PinRemapConfig  stm32f10x_gpio.o
    0x08000594   0x0000000a   Code   RO          679    i.GPIO_WriteBit     stm32f10x_gpio.o
    0x0800059e   0x00000002   PAD
    0x080005a0   0x0000002c   Code   RO            4    i.GPIO_setup        main.o
    0x080005cc   0x00000002   Code   RO          221    i.HardFault_Handler  stm32f10x_it.o
    0x080005ce   0x00000002   PAD
    0x080005d0   0x00000030   Code   RO         2418    i.LCD_CS_StartByte  et_stm32f_arm_kit_lcd.o
    0x08000600   0x00000038   Code   RO         2419    i.LCD_Clear         et_stm32f_arm_kit_lcd.o
    0x08000638   0x00000018   Code   RO         2421    i.LCD_DisplayChar   et_stm32f_arm_kit_lcd.o
    0x08000650   0x0000002e   Code   RO         2424    i.LCD_DisplayStringLine  et_stm32f_arm_kit_lcd.o
    0x0800067e   0x00000002   PAD
    0x08000680   0x00000070   Code   RO         2425    i.LCD_DrawChar      et_stm32f_arm_kit_lcd.o
    0x080006f0   0x00000048   Code   RO         2430    i.LCD_GPIO_Config   et_stm32f_arm_kit_lcd.o
    0x08000738   0x0000008c   Code   RO         2433    i.LCD_SPIConfig     et_stm32f_arm_kit_lcd.o
    0x080007c4   0x00000010   Code   RO         2434    i.LCD_SetBackColor  et_stm32f_arm_kit_lcd.o
    0x080007d4   0x00000018   Code   RO         2435    i.LCD_SetCursor     et_stm32f_arm_kit_lcd.o
    0x080007ec   0x00000010   Code   RO         2437    i.LCD_SetTextColor  et_stm32f_arm_kit_lcd.o
    0x080007fc   0x00000214   Code   RO         2438    i.LCD_Setup         et_stm32f_arm_kit_lcd.o
    0x08000a10   0x00000034   Code   RO         2440    i.LCD_WriteRAM      et_stm32f_arm_kit_lcd.o
    0x08000a44   0x00000012   Code   RO         2442    i.LCD_WriteRAM_Prepare  et_stm32f_arm_kit_lcd.o
    0x08000a56   0x00000002   PAD
    0x08000a58   0x00000050   Code   RO         2443    i.LCD_WriteReg      et_stm32f_arm_kit_lcd.o
    0x08000aa8   0x0000004c   Code   RO         2444    i.LCD_WriteRegIndex  et_stm32f_arm_kit_lcd.o
    0x08000af4   0x00000002   Code   RO          222    i.MemManage_Handler  stm32f10x_it.o
    0x08000af6   0x00000002   Code   RO          223    i.NMI_Handler       stm32f10x_it.o
    0x08000af8   0x00000064   Code   RO          782    i.NVIC_Init         misc.o
    0x08000b5c   0x00000014   Code   RO          783    i.NVIC_PriorityGroupConfig  misc.o
    0x08000b70   0x00000014   Code   RO          784    i.NVIC_SetVectorTable  misc.o
    0x08000b84   0x00000072   Code   RO            5    i.NVIC_setup        main.o
    0x08000bf6   0x00000002   Code   RO          224    i.OTG_FS_IRQHandler  stm32f10x_it.o
    0x08000bf8   0x00000002   Code   RO          225    i.PendSV_Handler    stm32f10x_it.o
    0x08000bfa   0x00000002   PAD
    0x08000bfc   0x00000014   Code   RO          353    i.RCC_ADCCLKConfig  stm32f10x_rcc.o
    0x08000c10   0x00000018   Code   RO          356    i.RCC_APB1PeriphClockCmd  stm32f10x_rcc.o
    0x08000c28   0x00000018   Code   RO          357    i.RCC_APB1PeriphResetCmd  stm32f10x_rcc.o
    0x08000c40   0x00000018   Code   RO          358    i.RCC_APB2PeriphClockCmd  stm32f10x_rcc.o
    0x08000c58   0x00000018   Code   RO          359    i.RCC_APB2PeriphResetCmd  stm32f10x_rcc.o
    0x08000c70   0x0000004c   Code   RO          365    i.RCC_DeInit        stm32f10x_rcc.o
    0x08000cbc   0x000000c8   Code   RO          366    i.RCC_GetClocksFreq  stm32f10x_rcc.o
    0x08000d84   0x00000030   Code   RO          367    i.RCC_GetFlagStatus  stm32f10x_rcc.o
    0x08000db4   0x00000010   Code   RO          369    i.RCC_GetSYSCLKSource  stm32f10x_rcc.o
    0x08000dc4   0x00000014   Code   RO          370    i.RCC_HCLKConfig    stm32f10x_rcc.o
    0x08000dd8   0x00000034   Code   RO          371    i.RCC_HSEConfig     stm32f10x_rcc.o
    0x08000e0c   0x00000014   Code   RO          380    i.RCC_PCLK1Config   stm32f10x_rcc.o
    0x08000e20   0x00000014   Code   RO          381    i.RCC_PCLK2Config   stm32f10x_rcc.o
    0x08000e34   0x0000000c   Code   RO          382    i.RCC_PLL2Cmd       stm32f10x_rcc.o
    0x08000e40   0x00000014   Code   RO          383    i.RCC_PLL2Config    stm32f10x_rcc.o
    0x08000e54   0x0000000c   Code   RO          386    i.RCC_PLLCmd        stm32f10x_rcc.o
    0x08000e60   0x00000014   Code   RO          387    i.RCC_PLLConfig     stm32f10x_rcc.o
    0x08000e74   0x0000001c   Code   RO          388    i.RCC_PREDIV1Config  stm32f10x_rcc.o
    0x08000e90   0x00000014   Code   RO          389    i.RCC_PREDIV2Config  stm32f10x_rcc.o
    0x08000ea4   0x00000014   Code   RO          392    i.RCC_SYSCLKConfig  stm32f10x_rcc.o
    0x08000eb8   0x0000002c   Code   RO          393    i.RCC_WaitForHSEStartUp  stm32f10x_rcc.o
    0x08000ee4   0x00000092   Code   RO            6    i.RCC_setup         main.o
    0x08000f76   0x00000002   PAD
    0x08000f78   0x00000010   Code   RO         1815    i.RTC_ClearITPendingBit  stm32f10x_rtc.o
    0x08000f88   0x00000010   Code   RO         1816    i.RTC_EnterConfigMode  stm32f10x_rtc.o
    0x08000f98   0x00000010   Code   RO         1817    i.RTC_ExitConfigMode  stm32f10x_rtc.o
    0x08000fa8   0x00000014   Code   RO         1818    i.RTC_GetCounter    stm32f10x_rtc.o
    0x08000fbc   0x00000020   Code   RO         1821    i.RTC_GetITStatus   stm32f10x_rtc.o
    0x08000fdc   0x00000044   Code   RO          226    i.RTC_IRQHandler    stm32f10x_it.o
    0x08001020   0x00000020   Code   RO         1824    i.RTC_SetCounter    stm32f10x_rtc.o
    0x08001040   0x00000010   Code   RO         1826    i.RTC_WaitForLastTask  stm32f10x_rtc.o
    0x08001050   0x00000014   Code   RO          883    i.SPI_Cmd           stm32f10x_spi.o
    0x08001064   0x00000054   Code   RO          890    i.SPI_I2S_DeInit    stm32f10x_spi.o
    0x080010b8   0x0000000e   Code   RO          891    i.SPI_I2S_GetFlagStatus  stm32f10x_spi.o
    0x080010c6   0x00000004   Code   RO          895    i.SPI_I2S_SendData  stm32f10x_spi.o
    0x080010ca   0x00000038   Code   RO          896    i.SPI_Init          stm32f10x_spi.o
    0x08001102   0x00000002   Code   RO          227    i.SVC_Handler       stm32f10x_it.o
    0x08001104   0x00000018   Code   RO          786    i.SysTick_CLKSourceConfig  misc.o
    0x0800111c   0x00000090   Code   RO            7    i.SysTick_Handler   main.o
    0x080011ac   0x00000028   Code   RO            8    i.Systick_setup     main.o
    0x080011d4   0x00000384   Code   RO            9    i.USART2_IRQHandler  main.o
    0x08001558   0x0000000c   Code   RO         1149    i.USART_ClearITPendingBit  stm32f10x_usart.o
    0x08001564   0x00000014   Code   RO         1152    i.USART_Cmd         stm32f10x_usart.o
    0x08001578   0x0000000e   Code   RO         1155    i.USART_GetFlagStatus  stm32f10x_usart.o
    0x08001586   0x0000003e   Code   RO         1156    i.USART_GetITStatus  stm32f10x_usart.o
    0x080015c4   0x00000030   Code   RO         1158    i.USART_ITConfig    stm32f10x_usart.o
    0x080015f4   0x0000008c   Code   RO         1159    i.USART_Init        stm32f10x_usart.o
    0x08001680   0x000000d0   Code   RO           10    i.USART_Pin_setup   main.o
    0x08001750   0x00000008   Code   RO         1164    i.USART_ReceiveData  stm32f10x_usart.o
    0x08001758   0x00000008   Code   RO         1167    i.USART_SendData    stm32f10x_usart.o
    0x08001760   0x0000002a   Code   RO           11    i.USART_setup       main.o
    0x0800178a   0x00000002   Code   RO          228    i.UsageFault_Handler  stm32f10x_it.o
    0x0800178c   0x0000000e   Code   RO         3352    i.__scatterload_copy  mc_w.l(handlers.o)
    0x0800179a   0x00000002   Code   RO         3353    i.__scatterload_null  mc_w.l(handlers.o)
    0x0800179c   0x0000000e   Code   RO         3354    i.__scatterload_zeroinit  mc_w.l(handlers.o)
    0x080017aa   0x00000002   PAD
    0x080017ac   0x0000007c   Code   RO           12    i.alert_fn          main.o
    0x08001828   0x0000001c   Code   RO         2448    i.delay             et_stm32f_arm_kit_lcd.o
    0x08001844   0x00000058   Code   RO           14    i.displayProgress   main.o
    0x0800189c   0x0000006c   Code   RO           15    i.display_adc       main.o
    0x08001908   0x00000080   Code   RO           16    i.display_clock     main.o
    0x08001988   0x00000068   Code   RO           17    i.halt              main.o
    0x080019f0   0x000000c8   Code   RO           18    i.main              main.o
    0x08001ab8   0x0000003c   Code   RO           19    i.putChar           main.o
    0x08001af4   0x00000026   Code   RO           20    i.putsUART2         main.o
    0x08001b1a   0x00000002   PAD
    0x08001b1c   0x000000ec   Code   RO           21    i.temp_average      main.o
    0x08001c08   0x00000068   Code   RO           22    i.temp_save         main.o
    0x08001c70   0x00000094   Data   RO         2280    .constdata          et_stm32f_arm_kit.o
    0x08001d04   0x00001260   Data   RO         2449    .constdata          et_stm32f_arm_kit_lcd.o
    0x08002f64   0x00000020   Data   RO         3350    Region$$Table       anon$$obj.o


    Execution Region RW_IRAM1 (Base: 0x20000000, Size: 0x00001110, Max: 0x00010000, ABSOLUTE)

    Base Addr    Size         Type   Attr      Idx    E Section Name        Object

    0x20000000   0x00000004   Data   RW           25    .data               main.o
    0x20000004   0x00000040   Data   RW           26    .data               main.o
    0x20000044   0x00000014   Data   RW          394    .data               stm32f10x_rcc.o
    0x20000058   0x0000003c   Data   RW         2281    .data               et_stm32f_arm_kit.o
    0x20000094   0x00000004   Data   RW         2450    .data               et_stm32f_arm_kit_lcd.o
    0x20000098   0x00000078   Zero   RW           23    .bss                main.o
    0x20000110   0x00001000   Zero   RW         3324    STACK               startup_stm32f10x_cl.o


==============================================================================

Image component sizes


      Code (inc. data)   RO Data    RW Data    ZI Data      Debug   Object Name

         0          0          0          0          0         32   core_cm3.o
        28          8        148         60          0       5792   et_stm32f_arm_kit.o
      1340         94       4704          4          0       9540   et_stm32f_arm_kit_lcd.o
      3042        542          0         68        120     271076   main.o
       164         28          0          0          0       4371   misc.o
        28          4        336          0       4096        832   startup_stm32f10x_cl.o
       282         10          0          0          0      16266   stm32f10x_adc.o
       156         14          0          0          0       4464   stm32f10x_exti.o
        44         12          0          0          0       1069   stm32f10x_flash.o
       280         12          0          0          0      23984   stm32f10x_gpio.o
        90          8          0          0          0       4532   stm32f10x_it.o
       744        140          0         20          0     244630   stm32f10x_rcc.o
       148         34          0          0          0       4251   stm32f10x_rtc.o
       178         12          0          0          0      11069   stm32f10x_spi.o
       312          6          0          0          0      12443   stm32f10x_usart.o
         0          0          0          0          0       6096   system_stm32f10x.o

    ----------------------------------------------------------------------
      6856        924       5220        152       4216     620447   Object Totals
         0          0         32          0          0          0   (incl. Generated)
        20          0          0          0          0          0   (incl. Padding)

    ----------------------------------------------------------------------

      Code (inc. data)   RO Data    RW Data    ZI Data      Debug   Library Member Name

         0          0          0          0          0          0   entry.o
         0          0          0          0          0          0   entry10a.o
         0          0          0          0          0          0   entry11a.o
         8          4          0          0          0          0   entry2.o
         4          0          0          0          0          0   entry5.o
         0          0          0          0          0          0   entry7b.o
         0          0          0          0          0          0   entry8b.o
         8          4          0          0          0          0   entry9a.o
        30          0          0          0          0          0   handlers.o
        36          8          0          0          0         68   init.o

    ----------------------------------------------------------------------
        88         16          0          0          0         68   Library Totals
         2          0          0          0          0          0   (incl. Padding)

    ----------------------------------------------------------------------

      Code (inc. data)   RO Data    RW Data    ZI Data      Debug   Library Name

        86         16          0          0          0         68   mc_w.l

    ----------------------------------------------------------------------
        88         16          0          0          0         68   Library Totals

    ----------------------------------------------------------------------

==============================================================================


      Code (inc. data)   RO Data    RW Data    ZI Data      Debug   

      6944        940       5220        152       4216     615003   Grand Totals
      6944        940       5220        152       4216     615003   ELF Image Totals
      6944        940       5220        152          0          0   ROM Totals

==============================================================================

    Total RO  Size (Code + RO Data)                12164 (  11.88kB)
    Total RW  Size (RW Data + ZI Data)              4368 (   4.27kB)
    Total ROM Size (Code + RO Data + RW Data)      12316 (  12.03kB)

==============================================================================

