ARM Linker, RVCT4.0 [Build 524] for uVision [Standard]

==============================================================================

Section Cross References

    stm32f10x_it.o(i.SysTick_Handler) refers to main.o(i.TimingDelay_Decrement) for TimingDelay_Decrement
    main.o(i.Delay_ms) refers to main.o(.data) for .data
    main.o(i.SER_getChar) refers to stm32f10x_usart.o(i.USART_GetFlagStatus) for USART_GetFlagStatus
    main.o(i.SER_getChar) refers to stm32f10x_usart.o(i.USART_ReceiveData) for USART_ReceiveData
    main.o(i.SER_getChar1) refers to stm32f10x_usart.o(i.USART_GetFlagStatus) for USART_GetFlagStatus
    main.o(i.SER_getChar1) refers to stm32f10x_usart.o(i.USART_ReceiveData) for USART_ReceiveData
    main.o(i.SER_getChar1_nb) refers to stm32f10x_usart.o(i.USART_GetFlagStatus) for USART_GetFlagStatus
    main.o(i.SER_getChar1_nb) refers to stm32f10x_usart.o(i.USART_ReceiveData) for USART_ReceiveData
    main.o(i.SER_getChar2) refers to stm32f10x_usart.o(i.USART_GetFlagStatus) for USART_GetFlagStatus
    main.o(i.SER_getChar2) refers to stm32f10x_usart.o(i.USART_ReceiveData) for USART_ReceiveData
    main.o(i.SER_getChar2_nb) refers to stm32f10x_usart.o(i.USART_GetFlagStatus) for USART_GetFlagStatus
    main.o(i.SER_getChar2_nb) refers to stm32f10x_usart.o(i.USART_ReceiveData) for USART_ReceiveData
    main.o(i.SER_getChar_nb) refers to stm32f10x_usart.o(i.USART_GetFlagStatus) for USART_GetFlagStatus
    main.o(i.SER_getChar_nb) refers to stm32f10x_usart.o(i.USART_ReceiveData) for USART_ReceiveData
    main.o(i.SER_putChar) refers to stm32f10x_usart.o(i.USART_GetFlagStatus) for USART_GetFlagStatus
    main.o(i.SER_putChar) refers to stm32f10x_usart.o(i.USART_SendData) for USART_SendData
    main.o(i.SER_putChar1) refers to stm32f10x_usart.o(i.USART_GetFlagStatus) for USART_GetFlagStatus
    main.o(i.SER_putChar1) refers to stm32f10x_usart.o(i.USART_SendData) for USART_SendData
    main.o(i.SER_putChar2) refers to stm32f10x_usart.o(i.USART_GetFlagStatus) for USART_GetFlagStatus
    main.o(i.SER_putChar2) refers to stm32f10x_usart.o(i.USART_SendData) for USART_SendData
    main.o(i.TimingDelay_Decrement) refers to main.o(.data) for .data
    main.o(i.fputc) refers to stm32f10x_usart.o(i.USART_SendData) for USART_SendData
    main.o(i.fputc) refers to stm32f10x_usart.o(i.USART_GetFlagStatus) for USART_GetFlagStatus
    main.o(i.main) refers to system_stm32f10x.o(i.SystemInit) for SystemInit
    main.o(i.main) refers to stm32f_arm_kit.o(i.STM_EVAL_LEDInit) for STM_EVAL_LEDInit
    main.o(i.main) refers to stm32f_arm_kit.o(i.STM_EVAL_LEDOff) for STM_EVAL_LEDOff
    main.o(i.main) refers to stm32f_arm_kit_lcd.o(i.STM3210C_LCD_Init) for STM3210C_LCD_Init
    main.o(i.main) refers to stm32f_arm_kit_lcd.o(i.LCD_Clear) for LCD_Clear
    main.o(i.main) refers to stm32f_arm_kit_lcd.o(i.LCD_SetBackColor) for LCD_SetBackColor
    main.o(i.main) refers to stm32f_arm_kit_lcd.o(i.LCD_SetTextColor) for LCD_SetTextColor
    main.o(i.main) refers to stm32f_arm_kit_lcd.o(i.LCD_DisplayStringLine) for LCD_DisplayStringLine
    main.o(i.main) refers to stm32f_arm_kit.o(i.STM_EVAL_COMInit) for STM_EVAL_COMInit
    main.o(i.main) refers to printf2.o(i.__0printf$2) for __2printf
    main.o(i.main) refers to printf2.o(i.__0sprintf$2) for __2sprintf
    main.o(i.main) refers to main.o(i.printUART1) for printUART1
    main.o(i.main) refers to main.o(i.printUART2) for printUART2
    main.o(i.main) refers to main.o(i.SER_getChar_nb) for SER_getChar_nb
    main.o(i.main) refers to main.o(i.SER_putChar) for SER_putChar
    main.o(i.main) refers to system_stm32f10x.o(.constdata) for SystemFrequency
    main.o(i.main) refers to main.o(.bss) for .bss
    main.o(i.printUART1) refers to main.o(i.SER_putChar1) for SER_putChar1
    main.o(i.printUART2) refers to main.o(i.SER_putChar2) for SER_putChar2
    stm32f10x_rcc.o(i.RCC_GetClocksFreq) refers to stm32f10x_rcc.o(.data) for .data
    stm32f10x_rcc.o(i.RCC_WaitForHSEStartUp) refers to stm32f10x_rcc.o(i.RCC_GetFlagStatus) for RCC_GetFlagStatus
    stm32f10x_gpio.o(i.GPIO_AFIODeInit) refers to stm32f10x_rcc.o(i.RCC_APB2PeriphResetCmd) for RCC_APB2PeriphResetCmd
    stm32f10x_gpio.o(i.GPIO_DeInit) refers to stm32f10x_rcc.o(i.RCC_APB2PeriphResetCmd) for RCC_APB2PeriphResetCmd
    stm32f10x_spi.o(i.I2S_Init) refers to stm32f10x_rcc.o(i.RCC_GetClocksFreq) for RCC_GetClocksFreq
    stm32f10x_spi.o(i.SPI_I2S_DeInit) refers to stm32f10x_rcc.o(i.RCC_APB2PeriphResetCmd) for RCC_APB2PeriphResetCmd
    stm32f10x_spi.o(i.SPI_I2S_DeInit) refers to stm32f10x_rcc.o(i.RCC_APB1PeriphResetCmd) for RCC_APB1PeriphResetCmd
    stm32f10x_usart.o(i.USART_DeInit) refers to stm32f10x_rcc.o(i.RCC_APB2PeriphResetCmd) for RCC_APB2PeriphResetCmd
    stm32f10x_usart.o(i.USART_DeInit) refers to stm32f10x_rcc.o(i.RCC_APB1PeriphResetCmd) for RCC_APB1PeriphResetCmd
    stm32f10x_usart.o(i.USART_Init) refers to stm32f10x_rcc.o(i.RCC_GetClocksFreq) for RCC_GetClocksFreq
    system_stm32f10x.o(i.SystemInit) refers to system_stm32f10x.o(i.SetSysClockTo72) for SetSysClockTo72
    stm32f_arm_kit.o(i.STM_EVAL_COMInit) refers to stm32f10x_rcc.o(i.RCC_APB2PeriphClockCmd) for RCC_APB2PeriphClockCmd
    stm32f_arm_kit.o(i.STM_EVAL_COMInit) refers to stm32f10x_gpio.o(i.GPIO_PinRemapConfig) for GPIO_PinRemapConfig
    stm32f_arm_kit.o(i.STM_EVAL_COMInit) refers to stm32f10x_gpio.o(i.GPIO_Init) for GPIO_Init
    stm32f_arm_kit.o(i.STM_EVAL_COMInit) refers to stm32f10x_rcc.o(i.RCC_APB1PeriphClockCmd) for RCC_APB1PeriphClockCmd
    stm32f_arm_kit.o(i.STM_EVAL_COMInit) refers to stm32f10x_usart.o(i.USART_Init) for USART_Init
    stm32f_arm_kit.o(i.STM_EVAL_COMInit) refers to stm32f10x_usart.o(i.USART_Cmd) for USART_Cmd
    stm32f_arm_kit.o(i.STM_EVAL_LEDInit) refers to stm32f10x_rcc.o(i.RCC_APB2PeriphClockCmd) for RCC_APB2PeriphClockCmd
    stm32f_arm_kit.o(i.STM_EVAL_LEDInit) refers to stm32f10x_gpio.o(i.GPIO_Init) for GPIO_Init
    stm32f_arm_kit.o(i.STM_EVAL_LEDInit) refers to stm32f_arm_kit.o(.constdata) for .constdata
    stm32f_arm_kit.o(i.STM_EVAL_LEDInit) refers to stm32f_arm_kit.o(.data) for .data
    stm32f_arm_kit.o(i.STM_EVAL_LEDOff) refers to stm32f_arm_kit.o(.constdata) for .constdata
    stm32f_arm_kit.o(i.STM_EVAL_LEDOff) refers to stm32f_arm_kit.o(.data) for .data
    stm32f_arm_kit.o(i.STM_EVAL_LEDOn) refers to stm32f_arm_kit.o(.constdata) for .constdata
    stm32f_arm_kit.o(i.STM_EVAL_LEDOn) refers to stm32f_arm_kit.o(.data) for .data
    stm32f_arm_kit.o(i.STM_EVAL_LEDToggle) refers to stm32f_arm_kit.o(.data) for .data
    stm32f_arm_kit.o(i.STM_EVAL_LEDToggle) refers to stm32f_arm_kit.o(.constdata) for .constdata
    stm32f_arm_kit.o(i.STM_EVAL_PBGetState) refers to stm32f10x_gpio.o(i.GPIO_ReadInputDataBit) for GPIO_ReadInputDataBit
    stm32f_arm_kit.o(i.STM_EVAL_PBGetState) refers to stm32f_arm_kit.o(.constdata) for .constdata
    stm32f_arm_kit.o(i.STM_EVAL_PBGetState) refers to stm32f_arm_kit.o(.data) for .data
    stm32f_arm_kit.o(i.STM_EVAL_PBInit) refers to stm32f10x_rcc.o(i.RCC_APB2PeriphClockCmd) for RCC_APB2PeriphClockCmd
    stm32f_arm_kit.o(i.STM_EVAL_PBInit) refers to stm32f10x_gpio.o(i.GPIO_Init) for GPIO_Init
    stm32f_arm_kit.o(i.STM_EVAL_PBInit) refers to stm32f10x_gpio.o(i.GPIO_EXTILineConfig) for GPIO_EXTILineConfig
    stm32f_arm_kit.o(i.STM_EVAL_PBInit) refers to stm32f10x_exti.o(i.EXTI_Init) for EXTI_Init
    stm32f_arm_kit.o(i.STM_EVAL_PBInit) refers to misc.o(i.NVIC_Init) for NVIC_Init
    stm32f_arm_kit.o(i.STM_EVAL_PBInit) refers to stm32f_arm_kit.o(.constdata) for .constdata
    stm32f_arm_kit.o(i.STM_EVAL_PBInit) refers to stm32f_arm_kit.o(.data) for .data
    stm32f_arm_kit_lcd.o(i.LCD_CS_StartByte) refers to stm32f10x_gpio.o(i.GPIO_WriteBit) for GPIO_WriteBit
    stm32f_arm_kit_lcd.o(i.LCD_CS_StartByte) refers to stm32f10x_spi.o(i.SPI_I2S_SendData) for SPI_I2S_SendData
    stm32f_arm_kit_lcd.o(i.LCD_CS_StartByte) refers to stm32f10x_spi.o(i.SPI_I2S_GetFlagStatus) for SPI_I2S_GetFlagStatus
    stm32f_arm_kit_lcd.o(i.LCD_Clear) refers to stm32f_arm_kit_lcd.o(i.LCD_SetCursor) for LCD_SetCursor
    stm32f_arm_kit_lcd.o(i.LCD_Clear) refers to stm32f_arm_kit_lcd.o(i.LCD_WriteRAM_Prepare) for LCD_WriteRAM_Prepare
    stm32f_arm_kit_lcd.o(i.LCD_Clear) refers to stm32f_arm_kit_lcd.o(i.LCD_WriteRAM) for LCD_WriteRAM
    stm32f_arm_kit_lcd.o(i.LCD_Clear) refers to stm32f10x_gpio.o(i.GPIO_WriteBit) for GPIO_WriteBit
    stm32f_arm_kit_lcd.o(i.LCD_ClearLine) refers to stm32f_arm_kit_lcd.o(i.LCD_DisplayStringLine) for LCD_DisplayStringLine
    stm32f_arm_kit_lcd.o(i.LCD_DisplayChar) refers to stm32f_arm_kit_lcd.o(i.LCD_DrawChar) for LCD_DrawChar
    stm32f_arm_kit_lcd.o(i.LCD_DisplayChar) refers to stm32f_arm_kit_lcd.o(.constdata) for .constdata
    stm32f_arm_kit_lcd.o(i.LCD_DisplayOff) refers to stm32f_arm_kit_lcd.o(i.LCD_WriteReg) for LCD_WriteReg
    stm32f_arm_kit_lcd.o(i.LCD_DisplayOn) refers to stm32f_arm_kit_lcd.o(i.LCD_WriteReg) for LCD_WriteReg
    stm32f_arm_kit_lcd.o(i.LCD_DisplayStringLine) refers to stm32f_arm_kit_lcd.o(i.LCD_DisplayChar) for LCD_DisplayChar
    stm32f_arm_kit_lcd.o(i.LCD_DrawChar) refers to stm32f_arm_kit_lcd.o(i.LCD_SetCursor) for LCD_SetCursor
    stm32f_arm_kit_lcd.o(i.LCD_DrawChar) refers to stm32f_arm_kit_lcd.o(i.LCD_WriteRAM_Prepare) for LCD_WriteRAM_Prepare
    stm32f_arm_kit_lcd.o(i.LCD_DrawChar) refers to stm32f_arm_kit_lcd.o(i.LCD_WriteRAM) for LCD_WriteRAM
    stm32f_arm_kit_lcd.o(i.LCD_DrawChar) refers to stm32f10x_gpio.o(i.GPIO_WriteBit) for GPIO_WriteBit
    stm32f_arm_kit_lcd.o(i.LCD_DrawChar) refers to stm32f_arm_kit_lcd.o(.data) for .data
    stm32f_arm_kit_lcd.o(i.LCD_DrawCircle) refers to stm32f_arm_kit_lcd.o(i.LCD_SetCursor) for LCD_SetCursor
    stm32f_arm_kit_lcd.o(i.LCD_DrawCircle) refers to stm32f_arm_kit_lcd.o(i.LCD_WriteRAMWord) for LCD_WriteRAMWord
    stm32f_arm_kit_lcd.o(i.LCD_DrawCircle) refers to stm32f_arm_kit_lcd.o(.data) for .data
    stm32f_arm_kit_lcd.o(i.LCD_DrawLine) refers to stm32f_arm_kit_lcd.o(i.LCD_SetCursor) for LCD_SetCursor
    stm32f_arm_kit_lcd.o(i.LCD_DrawLine) refers to stm32f_arm_kit_lcd.o(i.LCD_WriteRAM_Prepare) for LCD_WriteRAM_Prepare
    stm32f_arm_kit_lcd.o(i.LCD_DrawLine) refers to stm32f_arm_kit_lcd.o(i.LCD_WriteRAM) for LCD_WriteRAM
    stm32f_arm_kit_lcd.o(i.LCD_DrawLine) refers to stm32f10x_gpio.o(i.GPIO_WriteBit) for GPIO_WriteBit
    stm32f_arm_kit_lcd.o(i.LCD_DrawLine) refers to stm32f_arm_kit_lcd.o(i.LCD_WriteRAMWord) for LCD_WriteRAMWord
    stm32f_arm_kit_lcd.o(i.LCD_DrawLine) refers to stm32f_arm_kit_lcd.o(.data) for .data
    stm32f_arm_kit_lcd.o(i.LCD_DrawMonoPict) refers to stm32f_arm_kit_lcd.o(i.LCD_SetCursor) for LCD_SetCursor
    stm32f_arm_kit_lcd.o(i.LCD_DrawMonoPict) refers to stm32f_arm_kit_lcd.o(i.LCD_WriteRAM_Prepare) for LCD_WriteRAM_Prepare
    stm32f_arm_kit_lcd.o(i.LCD_DrawMonoPict) refers to stm32f_arm_kit_lcd.o(i.LCD_WriteRAM) for LCD_WriteRAM
    stm32f_arm_kit_lcd.o(i.LCD_DrawMonoPict) refers to stm32f10x_gpio.o(i.GPIO_WriteBit) for GPIO_WriteBit
    stm32f_arm_kit_lcd.o(i.LCD_DrawMonoPict) refers to stm32f_arm_kit_lcd.o(.data) for .data
    stm32f_arm_kit_lcd.o(i.LCD_DrawRect) refers to stm32f_arm_kit_lcd.o(i.LCD_DrawLine) for LCD_DrawLine
    stm32f_arm_kit_lcd.o(i.LCD_GPIO_Config) refers to stm32f10x_rcc.o(i.RCC_APB2PeriphClockCmd) for RCC_APB2PeriphClockCmd
    stm32f_arm_kit_lcd.o(i.LCD_GPIO_Config) refers to stm32f10x_gpio.o(i.GPIO_Init) for GPIO_Init
    stm32f_arm_kit_lcd.o(i.LCD_PowerOn) refers to stm32f_arm_kit_lcd.o(i.LCD_WriteReg) for LCD_WriteReg
    stm32f_arm_kit_lcd.o(i.LCD_PowerOn) refers to stm32f_arm_kit_lcd.o(i.delay) for delay
    stm32f_arm_kit_lcd.o(i.LCD_ReadReg) refers to stm32f_arm_kit_lcd.o(i.LCD_WriteRegIndex) for LCD_WriteRegIndex
    stm32f_arm_kit_lcd.o(i.LCD_ReadReg) refers to stm32f_arm_kit_lcd.o(i.LCD_CS_StartByte) for LCD_CS_StartByte
    stm32f_arm_kit_lcd.o(i.LCD_ReadReg) refers to stm32f10x_spi.o(i.SPI_I2S_SendData) for SPI_I2S_SendData
    stm32f_arm_kit_lcd.o(i.LCD_ReadReg) refers to stm32f10x_spi.o(i.SPI_I2S_GetFlagStatus) for SPI_I2S_GetFlagStatus
    stm32f_arm_kit_lcd.o(i.LCD_ReadReg) refers to stm32f10x_spi.o(i.SPI_I2S_ReceiveData) for SPI_I2S_ReceiveData
    stm32f_arm_kit_lcd.o(i.LCD_ReadReg) refers to stm32f10x_gpio.o(i.GPIO_WriteBit) for GPIO_WriteBit
    stm32f_arm_kit_lcd.o(i.LCD_SPIConfig) refers to stm32f10x_rcc.o(i.RCC_APB2PeriphClockCmd) for RCC_APB2PeriphClockCmd
    stm32f_arm_kit_lcd.o(i.LCD_SPIConfig) refers to stm32f10x_gpio.o(i.GPIO_PinRemapConfig) for GPIO_PinRemapConfig
    stm32f_arm_kit_lcd.o(i.LCD_SPIConfig) refers to stm32f10x_rcc.o(i.RCC_APB1PeriphClockCmd) for RCC_APB1PeriphClockCmd
    stm32f_arm_kit_lcd.o(i.LCD_SPIConfig) refers to stm32f10x_gpio.o(i.GPIO_Init) for GPIO_Init
    stm32f_arm_kit_lcd.o(i.LCD_SPIConfig) refers to stm32f10x_spi.o(i.SPI_I2S_DeInit) for SPI_I2S_DeInit
    stm32f_arm_kit_lcd.o(i.LCD_SPIConfig) refers to stm32f10x_spi.o(i.SPI_Init) for SPI_Init
    stm32f_arm_kit_lcd.o(i.LCD_SPIConfig) refers to stm32f10x_spi.o(i.SPI_Cmd) for SPI_Cmd
    stm32f_arm_kit_lcd.o(i.LCD_SetBackColor) refers to stm32f_arm_kit_lcd.o(.data) for .data
    stm32f_arm_kit_lcd.o(i.LCD_SetCursor) refers to stm32f_arm_kit_lcd.o(i.LCD_WriteReg) for LCD_WriteReg
    stm32f_arm_kit_lcd.o(i.LCD_SetDisplayWindow) refers to stm32f_arm_kit_lcd.o(i.LCD_WriteReg) for LCD_WriteReg
    stm32f_arm_kit_lcd.o(i.LCD_SetDisplayWindow) refers to stm32f_arm_kit_lcd.o(i.LCD_SetCursor) for LCD_SetCursor
    stm32f_arm_kit_lcd.o(i.LCD_SetTextColor) refers to stm32f_arm_kit_lcd.o(.data) for .data
    stm32f_arm_kit_lcd.o(i.LCD_Setup) refers to stm32f_arm_kit_lcd.o(i.LCD_GPIO_Config) for LCD_GPIO_Config
    stm32f_arm_kit_lcd.o(i.LCD_Setup) refers to stm32f10x_gpio.o(i.GPIO_WriteBit) for GPIO_WriteBit
    stm32f_arm_kit_lcd.o(i.LCD_Setup) refers to stm32f_arm_kit_lcd.o(i.LCD_SPIConfig) for LCD_SPIConfig
    stm32f_arm_kit_lcd.o(i.LCD_Setup) refers to stm32f_arm_kit_lcd.o(i.delay) for delay
    stm32f_arm_kit_lcd.o(i.LCD_Setup) refers to stm32f_arm_kit_lcd.o(i.LCD_WriteReg) for LCD_WriteReg
    stm32f_arm_kit_lcd.o(i.LCD_WindowModeDisable) refers to stm32f_arm_kit_lcd.o(i.LCD_SetDisplayWindow) for LCD_SetDisplayWindow
    stm32f_arm_kit_lcd.o(i.LCD_WindowModeDisable) refers to stm32f_arm_kit_lcd.o(i.LCD_WriteReg) for LCD_WriteReg
    stm32f_arm_kit_lcd.o(i.LCD_WriteRAM) refers to stm32f10x_spi.o(i.SPI_I2S_SendData) for SPI_I2S_SendData
    stm32f_arm_kit_lcd.o(i.LCD_WriteRAM) refers to stm32f10x_spi.o(i.SPI_I2S_GetFlagStatus) for SPI_I2S_GetFlagStatus
    stm32f_arm_kit_lcd.o(i.LCD_WriteRAMWord) refers to stm32f_arm_kit_lcd.o(i.LCD_WriteRAM_Prepare) for LCD_WriteRAM_Prepare
    stm32f_arm_kit_lcd.o(i.LCD_WriteRAMWord) refers to stm32f_arm_kit_lcd.o(i.LCD_WriteRAM) for LCD_WriteRAM
    stm32f_arm_kit_lcd.o(i.LCD_WriteRAMWord) refers to stm32f10x_gpio.o(i.GPIO_WriteBit) for GPIO_WriteBit
    stm32f_arm_kit_lcd.o(i.LCD_WriteRAM_Prepare) refers to stm32f_arm_kit_lcd.o(i.LCD_WriteRegIndex) for LCD_WriteRegIndex
    stm32f_arm_kit_lcd.o(i.LCD_WriteRAM_Prepare) refers to stm32f_arm_kit_lcd.o(i.LCD_CS_StartByte) for LCD_CS_StartByte
    stm32f_arm_kit_lcd.o(i.LCD_WriteReg) refers to stm32f_arm_kit_lcd.o(i.LCD_WriteRegIndex) for LCD_WriteRegIndex
    stm32f_arm_kit_lcd.o(i.LCD_WriteReg) refers to stm32f_arm_kit_lcd.o(i.LCD_CS_StartByte) for LCD_CS_StartByte
    stm32f_arm_kit_lcd.o(i.LCD_WriteReg) refers to stm32f10x_spi.o(i.SPI_I2S_SendData) for SPI_I2S_SendData
    stm32f_arm_kit_lcd.o(i.LCD_WriteReg) refers to stm32f10x_spi.o(i.SPI_I2S_GetFlagStatus) for SPI_I2S_GetFlagStatus
    stm32f_arm_kit_lcd.o(i.LCD_WriteReg) refers to stm32f10x_gpio.o(i.GPIO_WriteBit) for GPIO_WriteBit
    stm32f_arm_kit_lcd.o(i.LCD_WriteRegIndex) refers to stm32f_arm_kit_lcd.o(i.LCD_CS_StartByte) for LCD_CS_StartByte
    stm32f_arm_kit_lcd.o(i.LCD_WriteRegIndex) refers to stm32f10x_spi.o(i.SPI_I2S_SendData) for SPI_I2S_SendData
    stm32f_arm_kit_lcd.o(i.LCD_WriteRegIndex) refers to stm32f10x_spi.o(i.SPI_I2S_GetFlagStatus) for SPI_I2S_GetFlagStatus
    stm32f_arm_kit_lcd.o(i.LCD_WriteRegIndex) refers to stm32f10x_gpio.o(i.GPIO_WriteBit) for GPIO_WriteBit
    stm32f_arm_kit_lcd.o(i.STM3210C_LCD_Init) refers to stm32f_arm_kit_lcd.o(i.LCD_Setup) for LCD_Setup
    stm32f_arm_kit_lcd.o(i.TCS_GPIO_Config) refers to stm32f10x_rcc.o(i.RCC_APB2PeriphClockCmd) for RCC_APB2PeriphClockCmd
    stm32f_arm_kit_lcd.o(i.TCS_GPIO_Config) refers to stm32f10x_gpio.o(i.GPIO_Init) for GPIO_Init
    stm32f_arm_kit_lcd.o(i.TCS_Write_Byte) refers to stm32f10x_gpio.o(i.GPIO_WriteBit) for GPIO_WriteBit
    stm32f_arm_kit_lcd.o(i.TCS_Write_Byte) refers to stm32f10x_gpio.o(i.GPIO_ReadInputDataBit) for GPIO_ReadInputDataBit
    startup_stm32f10x_cl.o(RESET) refers to startup_stm32f10x_cl.o(STACK) for __initial_sp
    startup_stm32f10x_cl.o(RESET) refers to startup_stm32f10x_cl.o(.text) for Reset_Handler
    startup_stm32f10x_cl.o(RESET) refers to stm32f10x_it.o(i.NMI_Handler) for NMI_Handler
    startup_stm32f10x_cl.o(RESET) refers to stm32f10x_it.o(i.HardFault_Handler) for HardFault_Handler
    startup_stm32f10x_cl.o(RESET) refers to stm32f10x_it.o(i.MemManage_Handler) for MemManage_Handler
    startup_stm32f10x_cl.o(RESET) refers to stm32f10x_it.o(i.BusFault_Handler) for BusFault_Handler
    startup_stm32f10x_cl.o(RESET) refers to stm32f10x_it.o(i.UsageFault_Handler) for UsageFault_Handler
    startup_stm32f10x_cl.o(RESET) refers to stm32f10x_it.o(i.SVC_Handler) for SVC_Handler
    startup_stm32f10x_cl.o(RESET) refers to stm32f10x_it.o(i.DebugMon_Handler) for DebugMon_Handler
    startup_stm32f10x_cl.o(RESET) refers to stm32f10x_it.o(i.PendSV_Handler) for PendSV_Handler
    startup_stm32f10x_cl.o(RESET) refers to stm32f10x_it.o(i.SysTick_Handler) for SysTick_Handler
    startup_stm32f10x_cl.o(.text) refers to entry.o(.ARM.Collect$$$$00000000) for __main
    entry.o(.ARM.Collect$$$$00000000) refers (Special) to entry7.o(.ARM.Collect$$$$00000007) for _main_init
    entry.o(.ARM.Collect$$$$00000000) refers (Special) to entry5.o(.ARM.Collect$$$$00000004) for _main_scatterload
    entry.o(.ARM.Collect$$$$00000000) refers (Special) to entry2.o(.ARM.Collect$$$$00000001) for _main_stk
    printfb.o(i.__0fprintf$bare) refers to printfb.o(i._printf_core) for _printf_core
    printfb.o(i.__0fprintf$bare) refers to main.o(i.fputc) for fputc
    printfb.o(i.__0printf$bare) refers to printfb.o(i._printf_core) for _printf_core
    printfb.o(i.__0printf$bare) refers to main.o(i.fputc) for fputc
    printfb.o(i.__0printf$bare) refers to stdout.o(.data) for __stdout
    printfb.o(i.__0snprintf$bare) refers to printfb.o(i._printf_core) for _printf_core
    printfb.o(i.__0snprintf$bare) refers to printfb.o(i._snputc) for _snputc
    printfb.o(i.__0sprintf$bare) refers to printfb.o(i._printf_core) for _printf_core
    printfb.o(i.__0sprintf$bare) refers to printfb.o(i._sputc) for _sputc
    printfb.o(i.__0vfprintf$bare) refers to printfb.o(i._printf_core) for _printf_core
    printfb.o(i.__0vfprintf$bare) refers to main.o(i.fputc) for fputc
    printfb.o(i.__0vprintf$bare) refers to printfb.o(i._printf_core) for _printf_core
    printfb.o(i.__0vprintf$bare) refers to main.o(i.fputc) for fputc
    printfb.o(i.__0vprintf$bare) refers to stdout.o(.data) for __stdout
    printfb.o(i.__0vsnprintf$bare) refers to printfb.o(i._printf_core) for _printf_core
    printfb.o(i.__0vsnprintf$bare) refers to printfb.o(i._snputc) for _snputc
    printfb.o(i.__0vsprintf$bare) refers to printfb.o(i._printf_core) for _printf_core
    printfb.o(i.__0vsprintf$bare) refers to printfb.o(i._sputc) for _sputc
    printf0.o(i.__0fprintf$0) refers to printf0.o(i._printf_core) for _printf_core
    printf0.o(i.__0fprintf$0) refers to main.o(i.fputc) for fputc
    printf0.o(i.__0printf$0) refers to printf0.o(i._printf_core) for _printf_core
    printf0.o(i.__0printf$0) refers to main.o(i.fputc) for fputc
    printf0.o(i.__0printf$0) refers to stdout.o(.data) for __stdout
    printf0.o(i.__0snprintf$0) refers to printf0.o(i._printf_core) for _printf_core
    printf0.o(i.__0snprintf$0) refers to printf0.o(i._snputc) for _snputc
    printf0.o(i.__0sprintf$0) refers to printf0.o(i._printf_core) for _printf_core
    printf0.o(i.__0sprintf$0) refers to printf0.o(i._sputc) for _sputc
    printf0.o(i.__0vfprintf$0) refers to printf0.o(i._printf_core) for _printf_core
    printf0.o(i.__0vfprintf$0) refers to main.o(i.fputc) for fputc
    printf0.o(i.__0vprintf$0) refers to printf0.o(i._printf_core) for _printf_core
    printf0.o(i.__0vprintf$0) refers to main.o(i.fputc) for fputc
    printf0.o(i.__0vprintf$0) refers to stdout.o(.data) for __stdout
    printf0.o(i.__0vsnprintf$0) refers to printf0.o(i._printf_core) for _printf_core
    printf0.o(i.__0vsnprintf$0) refers to printf0.o(i._snputc) for _snputc
    printf0.o(i.__0vsprintf$0) refers to printf0.o(i._printf_core) for _printf_core
    printf0.o(i.__0vsprintf$0) refers to printf0.o(i._sputc) for _sputc
    printf1.o(i.__0fprintf$1) refers to printf1.o(i._printf_core) for _printf_core
    printf1.o(i.__0fprintf$1) refers to main.o(i.fputc) for fputc
    printf1.o(i.__0printf$1) refers to printf1.o(i._printf_core) for _printf_core
    printf1.o(i.__0printf$1) refers to main.o(i.fputc) for fputc
    printf1.o(i.__0printf$1) refers to stdout.o(.data) for __stdout
    printf1.o(i.__0snprintf$1) refers to printf1.o(i._printf_core) for _printf_core
    printf1.o(i.__0snprintf$1) refers to printf1.o(i._snputc) for _snputc
    printf1.o(i.__0sprintf$1) refers to printf1.o(i._printf_core) for _printf_core
    printf1.o(i.__0sprintf$1) refers to printf1.o(i._sputc) for _sputc
    printf1.o(i.__0vfprintf$1) refers to printf1.o(i._printf_core) for _printf_core
    printf1.o(i.__0vfprintf$1) refers to main.o(i.fputc) for fputc
    printf1.o(i.__0vprintf$1) refers to printf1.o(i._printf_core) for _printf_core
    printf1.o(i.__0vprintf$1) refers to main.o(i.fputc) for fputc
    printf1.o(i.__0vprintf$1) refers to stdout.o(.data) for __stdout
    printf1.o(i.__0vsnprintf$1) refers to printf1.o(i._printf_core) for _printf_core
    printf1.o(i.__0vsnprintf$1) refers to printf1.o(i._snputc) for _snputc
    printf1.o(i.__0vsprintf$1) refers to printf1.o(i._printf_core) for _printf_core
    printf1.o(i.__0vsprintf$1) refers to printf1.o(i._sputc) for _sputc
    printf1.o(i._printf_core) refers to uidiv.o(.text) for __aeabi_uidivmod
    printf2.o(i.__0fprintf$2) refers to printf2.o(i._printf_core) for _printf_core
    printf2.o(i.__0fprintf$2) refers to main.o(i.fputc) for fputc
    printf2.o(i.__0printf$2) refers to printf2.o(i._printf_core) for _printf_core
    printf2.o(i.__0printf$2) refers to main.o(i.fputc) for fputc
    printf2.o(i.__0printf$2) refers to stdout.o(.data) for __stdout
    printf2.o(i.__0snprintf$2) refers to printf2.o(i._printf_core) for _printf_core
    printf2.o(i.__0snprintf$2) refers to printf2.o(i._snputc) for _snputc
    printf2.o(i.__0sprintf$2) refers to printf2.o(i._printf_core) for _printf_core
    printf2.o(i.__0sprintf$2) refers to printf2.o(i._sputc) for _sputc
    printf2.o(i.__0vfprintf$2) refers to printf2.o(i._printf_core) for _printf_core
    printf2.o(i.__0vfprintf$2) refers to main.o(i.fputc) for fputc
    printf2.o(i.__0vprintf$2) refers to printf2.o(i._printf_core) for _printf_core
    printf2.o(i.__0vprintf$2) refers to main.o(i.fputc) for fputc
    printf2.o(i.__0vprintf$2) refers to stdout.o(.data) for __stdout
    printf2.o(i.__0vsnprintf$2) refers to printf2.o(i._printf_core) for _printf_core
    printf2.o(i.__0vsnprintf$2) refers to printf2.o(i._snputc) for _snputc
    printf2.o(i.__0vsprintf$2) refers to printf2.o(i._printf_core) for _printf_core
    printf2.o(i.__0vsprintf$2) refers to printf2.o(i._sputc) for _sputc
    printf3.o(i.__0fprintf$3) refers to printf3.o(i._printf_core) for _printf_core
    printf3.o(i.__0fprintf$3) refers to main.o(i.fputc) for fputc
    printf3.o(i.__0printf$3) refers to printf3.o(i._printf_core) for _printf_core
    printf3.o(i.__0printf$3) refers to main.o(i.fputc) for fputc
    printf3.o(i.__0printf$3) refers to stdout.o(.data) for __stdout
    printf3.o(i.__0snprintf$3) refers to printf3.o(i._printf_core) for _printf_core
    printf3.o(i.__0snprintf$3) refers to printf3.o(i._snputc) for _snputc
    printf3.o(i.__0sprintf$3) refers to printf3.o(i._printf_core) for _printf_core
    printf3.o(i.__0sprintf$3) refers to printf3.o(i._sputc) for _sputc
    printf3.o(i.__0vfprintf$3) refers to printf3.o(i._printf_core) for _printf_core
    printf3.o(i.__0vfprintf$3) refers to main.o(i.fputc) for fputc
    printf3.o(i.__0vprintf$3) refers to printf3.o(i._printf_core) for _printf_core
    printf3.o(i.__0vprintf$3) refers to main.o(i.fputc) for fputc
    printf3.o(i.__0vprintf$3) refers to stdout.o(.data) for __stdout
    printf3.o(i.__0vsnprintf$3) refers to printf3.o(i._printf_core) for _printf_core
    printf3.o(i.__0vsnprintf$3) refers to printf3.o(i._snputc) for _snputc
    printf3.o(i.__0vsprintf$3) refers to printf3.o(i._printf_core) for _printf_core
    printf3.o(i.__0vsprintf$3) refers to printf3.o(i._sputc) for _sputc
    printf3.o(i._printf_core) refers to uidiv.o(.text) for __aeabi_uidivmod
    printf4.o(i.__0fprintf$4) refers to printf4.o(i._printf_core) for _printf_core
    printf4.o(i.__0fprintf$4) refers to main.o(i.fputc) for fputc
    printf4.o(i.__0printf$4) refers to printf4.o(i._printf_core) for _printf_core
    printf4.o(i.__0printf$4) refers to main.o(i.fputc) for fputc
    printf4.o(i.__0printf$4) refers to stdout.o(.data) for __stdout
    printf4.o(i.__0snprintf$4) refers to printf4.o(i._printf_core) for _printf_core
    printf4.o(i.__0snprintf$4) refers to printf4.o(i._snputc) for _snputc
    printf4.o(i.__0sprintf$4) refers to printf4.o(i._printf_core) for _printf_core
    printf4.o(i.__0sprintf$4) refers to printf4.o(i._sputc) for _sputc
    printf4.o(i.__0vfprintf$4) refers to printf4.o(i._printf_core) for _printf_core
    printf4.o(i.__0vfprintf$4) refers to main.o(i.fputc) for fputc
    printf4.o(i.__0vprintf$4) refers to printf4.o(i._printf_core) for _printf_core
    printf4.o(i.__0vprintf$4) refers to main.o(i.fputc) for fputc
    printf4.o(i.__0vprintf$4) refers to stdout.o(.data) for __stdout
    printf4.o(i.__0vsnprintf$4) refers to printf4.o(i._printf_core) for _printf_core
    printf4.o(i.__0vsnprintf$4) refers to printf4.o(i._snputc) for _snputc
    printf4.o(i.__0vsprintf$4) refers to printf4.o(i._printf_core) for _printf_core
    printf4.o(i.__0vsprintf$4) refers to printf4.o(i._sputc) for _sputc
    printf4.o(i._printf_core) refers to uldiv.o(.text) for __aeabi_uldivmod
    printf5.o(i.__0fprintf$5) refers to printf5.o(i._printf_core) for _printf_core
    printf5.o(i.__0fprintf$5) refers to main.o(i.fputc) for fputc
    printf5.o(i.__0printf$5) refers to printf5.o(i._printf_core) for _printf_core
    printf5.o(i.__0printf$5) refers to main.o(i.fputc) for fputc
    printf5.o(i.__0printf$5) refers to stdout.o(.data) for __stdout
    printf5.o(i.__0snprintf$5) refers to printf5.o(i._printf_core) for _printf_core
    printf5.o(i.__0snprintf$5) refers to printf5.o(i._snputc) for _snputc
    printf5.o(i.__0sprintf$5) refers to printf5.o(i._printf_core) for _printf_core
    printf5.o(i.__0sprintf$5) refers to printf5.o(i._sputc) for _sputc
    printf5.o(i.__0vfprintf$5) refers to printf5.o(i._printf_core) for _printf_core
    printf5.o(i.__0vfprintf$5) refers to main.o(i.fputc) for fputc
    printf5.o(i.__0vprintf$5) refers to printf5.o(i._printf_core) for _printf_core
    printf5.o(i.__0vprintf$5) refers to main.o(i.fputc) for fputc
    printf5.o(i.__0vprintf$5) refers to stdout.o(.data) for __stdout
    printf5.o(i.__0vsnprintf$5) refers to printf5.o(i._printf_core) for _printf_core
    printf5.o(i.__0vsnprintf$5) refers to printf5.o(i._snputc) for _snputc
    printf5.o(i.__0vsprintf$5) refers to printf5.o(i._printf_core) for _printf_core
    printf5.o(i.__0vsprintf$5) refers to printf5.o(i._sputc) for _sputc
    printf5.o(i._printf_core) refers to uldiv.o(.text) for __aeabi_uldivmod
    printf6.o(i.__0fprintf$6) refers to printf6.o(i._printf_core) for _printf_core
    printf6.o(i.__0fprintf$6) refers to main.o(i.fputc) for fputc
    printf6.o(i.__0printf$6) refers to printf6.o(i._printf_core) for _printf_core
    printf6.o(i.__0printf$6) refers to main.o(i.fputc) for fputc
    printf6.o(i.__0printf$6) refers to stdout.o(.data) for __stdout
    printf6.o(i.__0snprintf$6) refers to printf6.o(i._printf_core) for _printf_core
    printf6.o(i.__0snprintf$6) refers to printf6.o(i._snputc) for _snputc
    printf6.o(i.__0sprintf$6) refers to printf6.o(i._printf_core) for _printf_core
    printf6.o(i.__0sprintf$6) refers to printf6.o(i._sputc) for _sputc
    printf6.o(i.__0vfprintf$6) refers to printf6.o(i._printf_core) for _printf_core
    printf6.o(i.__0vfprintf$6) refers to main.o(i.fputc) for fputc
    printf6.o(i.__0vprintf$6) refers to printf6.o(i._printf_core) for _printf_core
    printf6.o(i.__0vprintf$6) refers to main.o(i.fputc) for fputc
    printf6.o(i.__0vprintf$6) refers to stdout.o(.data) for __stdout
    printf6.o(i.__0vsnprintf$6) refers to printf6.o(i._printf_core) for _printf_core
    printf6.o(i.__0vsnprintf$6) refers to printf6.o(i._snputc) for _snputc
    printf6.o(i.__0vsprintf$6) refers to printf6.o(i._printf_core) for _printf_core
    printf6.o(i.__0vsprintf$6) refers to printf6.o(i._sputc) for _sputc
    printf6.o(i._printf_core) refers to printf6.o(i._printf_pre_padding) for _printf_pre_padding
    printf6.o(i._printf_core) refers to uidiv.o(.text) for __aeabi_uidivmod
    printf6.o(i._printf_core) refers to printf6.o(i._printf_post_padding) for _printf_post_padding
    printf7.o(i.__0fprintf$7) refers to printf7.o(i._printf_core) for _printf_core
    printf7.o(i.__0fprintf$7) refers to main.o(i.fputc) for fputc
    printf7.o(i.__0printf$7) refers to printf7.o(i._printf_core) for _printf_core
    printf7.o(i.__0printf$7) refers to main.o(i.fputc) for fputc
    printf7.o(i.__0printf$7) refers to stdout.o(.data) for __stdout
    printf7.o(i.__0snprintf$7) refers to printf7.o(i._printf_core) for _printf_core
    printf7.o(i.__0snprintf$7) refers to printf7.o(i._snputc) for _snputc
    printf7.o(i.__0sprintf$7) refers to printf7.o(i._printf_core) for _printf_core
    printf7.o(i.__0sprintf$7) refers to printf7.o(i._sputc) for _sputc
    printf7.o(i.__0vfprintf$7) refers to printf7.o(i._printf_core) for _printf_core
    printf7.o(i.__0vfprintf$7) refers to main.o(i.fputc) for fputc
    printf7.o(i.__0vprintf$7) refers to printf7.o(i._printf_core) for _printf_core
    printf7.o(i.__0vprintf$7) refers to main.o(i.fputc) for fputc
    printf7.o(i.__0vprintf$7) refers to stdout.o(.data) for __stdout
    printf7.o(i.__0vsnprintf$7) refers to printf7.o(i._printf_core) for _printf_core
    printf7.o(i.__0vsnprintf$7) refers to printf7.o(i._snputc) for _snputc
    printf7.o(i.__0vsprintf$7) refers to printf7.o(i._printf_core) for _printf_core
    printf7.o(i.__0vsprintf$7) refers to printf7.o(i._sputc) for _sputc
    printf7.o(i._printf_core) refers to printf7.o(i._printf_pre_padding) for _printf_pre_padding
    printf7.o(i._printf_core) refers to uldiv.o(.text) for __aeabi_uldivmod
    printf7.o(i._printf_core) refers to printf7.o(i._printf_post_padding) for _printf_post_padding
    printf8.o(i.__0fprintf$8) refers to printf8.o(i._printf_core) for _printf_core
    printf8.o(i.__0fprintf$8) refers to main.o(i.fputc) for fputc
    printf8.o(i.__0printf$8) refers to printf8.o(i._printf_core) for _printf_core
    printf8.o(i.__0printf$8) refers to main.o(i.fputc) for fputc
    printf8.o(i.__0printf$8) refers to stdout.o(.data) for __stdout
    printf8.o(i.__0snprintf$8) refers to printf8.o(i._printf_core) for _printf_core
    printf8.o(i.__0snprintf$8) refers to printf8.o(i._snputc) for _snputc
    printf8.o(i.__0sprintf$8) refers to printf8.o(i._printf_core) for _printf_core
    printf8.o(i.__0sprintf$8) refers to printf8.o(i._sputc) for _sputc
    printf8.o(i.__0vfprintf$8) refers to printf8.o(i._printf_core) for _printf_core
    printf8.o(i.__0vfprintf$8) refers to main.o(i.fputc) for fputc
    printf8.o(i.__0vprintf$8) refers to printf8.o(i._printf_core) for _printf_core
    printf8.o(i.__0vprintf$8) refers to main.o(i.fputc) for fputc
    printf8.o(i.__0vprintf$8) refers to stdout.o(.data) for __stdout
    printf8.o(i.__0vsnprintf$8) refers to printf8.o(i._printf_core) for _printf_core
    printf8.o(i.__0vsnprintf$8) refers to printf8.o(i._snputc) for _snputc
    printf8.o(i.__0vsprintf$8) refers to printf8.o(i._printf_core) for _printf_core
    printf8.o(i.__0vsprintf$8) refers to printf8.o(i._sputc) for _sputc
    printf8.o(i._printf_core) refers to printf8.o(i._printf_pre_padding) for _printf_pre_padding
    printf8.o(i._printf_core) refers to uldiv.o(.text) for __aeabi_uldivmod
    printf8.o(i._printf_core) refers to printf8.o(i._printf_post_padding) for _printf_post_padding
    printfa.o(i.__0fprintf) refers (Special) to iusefp.o(.text) for __I$use$fp
    printfa.o(i.__0fprintf) refers to printfa.o(i._printf_core) for _printf_core
    printfa.o(i.__0fprintf) refers to main.o(i.fputc) for fputc
    printfa.o(i.__0printf) refers (Special) to iusefp.o(.text) for __I$use$fp
    printfa.o(i.__0printf) refers to printfa.o(i._printf_core) for _printf_core
    printfa.o(i.__0printf) refers to main.o(i.fputc) for fputc
    printfa.o(i.__0printf) refers to stdout.o(.data) for __stdout
    printfa.o(i.__0snprintf) refers (Special) to iusefp.o(.text) for __I$use$fp
    printfa.o(i.__0snprintf) refers to printfa.o(i._printf_core) for _printf_core
    printfa.o(i.__0snprintf) refers to printfa.o(i._snputc) for _snputc
    printfa.o(i.__0sprintf) refers (Special) to iusefp.o(.text) for __I$use$fp
    printfa.o(i.__0sprintf) refers to printfa.o(i._printf_core) for _printf_core
    printfa.o(i.__0sprintf) refers to printfa.o(i._sputc) for _sputc
    printfa.o(i.__0vfprintf) refers (Special) to iusefp.o(.text) for __I$use$fp
    printfa.o(i.__0vfprintf) refers to printfa.o(i._printf_core) for _printf_core
    printfa.o(i.__0vfprintf) refers to main.o(i.fputc) for fputc
    printfa.o(i.__0vprintf) refers (Special) to iusefp.o(.text) for __I$use$fp
    printfa.o(i.__0vprintf) refers to printfa.o(i._printf_core) for _printf_core
    printfa.o(i.__0vprintf) refers to main.o(i.fputc) for fputc
    printfa.o(i.__0vprintf) refers to stdout.o(.data) for __stdout
    printfa.o(i.__0vsnprintf) refers (Special) to iusefp.o(.text) for __I$use$fp
    printfa.o(i.__0vsnprintf) refers to printfa.o(i._printf_core) for _printf_core
    printfa.o(i.__0vsnprintf) refers to printfa.o(i._snputc) for _snputc
    printfa.o(i.__0vsprintf) refers (Special) to iusefp.o(.text) for __I$use$fp
    printfa.o(i.__0vsprintf) refers to printfa.o(i._printf_core) for _printf_core
    printfa.o(i.__0vsprintf) refers to printfa.o(i._sputc) for _sputc
    printfa.o(i._fp_digits) refers (Special) to iusefp.o(.text) for __I$use$fp
    printfa.o(i._fp_digits) refers to dmul.o(.text) for __aeabi_dmul
    printfa.o(i._fp_digits) refers to ddiv.o(.text) for __aeabi_ddiv
    printfa.o(i._fp_digits) refers to cdrcmple.o(.text) for __aeabi_cdrcmple
    printfa.o(i._fp_digits) refers to dadd.o(.text) for __aeabi_dadd
    printfa.o(i._fp_digits) refers to dfixul.o(.text) for __aeabi_d2ulz
    printfa.o(i._fp_digits) refers to uldiv.o(.text) for __aeabi_uldivmod
    printfa.o(i._printf_core) refers (Special) to iusefp.o(.text) for __I$use$fp
    printfa.o(i._printf_core) refers to printfa.o(i._printf_pre_padding) for _printf_pre_padding
    printfa.o(i._printf_core) refers to uldiv.o(.text) for __aeabi_uldivmod
    printfa.o(i._printf_core) refers to printfa.o(i._printf_post_padding) for _printf_post_padding
    printfa.o(i._printf_core) refers to printfa.o(i._fp_digits) for _fp_digits
    printfa.o(i._printf_core) refers to uidiv.o(.text) for __aeabi_uidivmod
    printfa.o(i._printf_post_padding) refers (Special) to iusefp.o(.text) for __I$use$fp
    printfa.o(i._printf_pre_padding) refers (Special) to iusefp.o(.text) for __I$use$fp
    printfa.o(i._snputc) refers (Special) to iusefp.o(.text) for __I$use$fp
    printfa.o(i._sputc) refers (Special) to iusefp.o(.text) for __I$use$fp
    entry2.o(.ARM.Collect$$$$00000001) refers to entry2.o(.ARM.Collect$$$$00002712) for __lit__00000000
    entry2.o(.ARM.Collect$$$$00002712) refers to startup_stm32f10x_cl.o(STACK) for __initial_sp
    entry2.o(__vectab_stack_and_reset_area) refers to startup_stm32f10x_cl.o(STACK) for __initial_sp
    entry2.o(__vectab_stack_and_reset_area) refers to entry.o(.ARM.Collect$$$$00000000) for __main
    entry5.o(.ARM.Collect$$$$00000004) refers to init.o(.text) for __scatterload
    entry7.o(.ARM.Collect$$$$00000007) refers to main.o(i.main) for main
    uldiv.o(.text) refers to llushr.o(.text) for __aeabi_llsr
    uldiv.o(.text) refers to llshl.o(.text) for __aeabi_llsl
    dadd.o(.text) refers to llushr.o(.text) for __aeabi_llsr
    dadd.o(.text) refers to llshl.o(.text) for __aeabi_llsl
    dadd.o(.text) refers to depilogue.o(.text) for _double_epilogue
    dmul.o(.text) refers to depilogue.o(.text) for _double_epilogue
    ddiv.o(.text) refers to depilogue.o(.text) for _double_epilogue
    dfixul.o(.text) refers to llushr.o(.text) for __aeabi_llsr
    dfixul.o(.text) refers to llshl.o(.text) for __aeabi_llsl
    init.o(.text) refers to entry5.o(.ARM.Collect$$$$00000004) for __main_after_scatterload


==============================================================================

Removing Unused input sections from the image.

    Removing main.o(i.Delay_ms), (16 bytes).
    Removing main.o(i.SER_getChar), (56 bytes).
    Removing main.o(i.SER_getChar1), (32 bytes).
    Removing main.o(i.SER_getChar1_nb), (32 bytes).
    Removing main.o(i.SER_getChar2), (32 bytes).
    Removing main.o(i.SER_getChar2_nb), (32 bytes).
    Removing stm32f10x_rcc.o(i.RCC_ADCCLKConfig), (20 bytes).
    Removing stm32f10x_rcc.o(i.RCC_AHBPeriphClockCmd), (24 bytes).
    Removing stm32f10x_rcc.o(i.RCC_AHBPeriphResetCmd), (24 bytes).
    Removing stm32f10x_rcc.o(i.RCC_AdjustHSICalibrationValue), (20 bytes).
    Removing stm32f10x_rcc.o(i.RCC_BackupResetCmd), (12 bytes).
    Removing stm32f10x_rcc.o(i.RCC_ClearFlag), (16 bytes).
    Removing stm32f10x_rcc.o(i.RCC_ClearITPendingBit), (12 bytes).
    Removing stm32f10x_rcc.o(i.RCC_ClockSecuritySystemCmd), (12 bytes).
    Removing stm32f10x_rcc.o(i.RCC_DeInit), (76 bytes).
    Removing stm32f10x_rcc.o(i.RCC_GetFlagStatus), (48 bytes).
    Removing stm32f10x_rcc.o(i.RCC_GetITStatus), (20 bytes).
    Removing stm32f10x_rcc.o(i.RCC_GetSYSCLKSource), (16 bytes).
    Removing stm32f10x_rcc.o(i.RCC_HCLKConfig), (20 bytes).
    Removing stm32f10x_rcc.o(i.RCC_HSEConfig), (52 bytes).
    Removing stm32f10x_rcc.o(i.RCC_HSICmd), (12 bytes).
    Removing stm32f10x_rcc.o(i.RCC_I2S2CLKConfig), (12 bytes).
    Removing stm32f10x_rcc.o(i.RCC_I2S3CLKConfig), (12 bytes).
    Removing stm32f10x_rcc.o(i.RCC_ITConfig), (24 bytes).
    Removing stm32f10x_rcc.o(i.RCC_LSEConfig), (32 bytes).
    Removing stm32f10x_rcc.o(i.RCC_LSICmd), (12 bytes).
    Removing stm32f10x_rcc.o(i.RCC_MCOConfig), (12 bytes).
    Removing stm32f10x_rcc.o(i.RCC_OTGFSCLKConfig), (12 bytes).
    Removing stm32f10x_rcc.o(i.RCC_PCLK1Config), (20 bytes).
    Removing stm32f10x_rcc.o(i.RCC_PCLK2Config), (20 bytes).
    Removing stm32f10x_rcc.o(i.RCC_PLL2Cmd), (12 bytes).
    Removing stm32f10x_rcc.o(i.RCC_PLL2Config), (20 bytes).
    Removing stm32f10x_rcc.o(i.RCC_PLL3Cmd), (12 bytes).
    Removing stm32f10x_rcc.o(i.RCC_PLL3Config), (20 bytes).
    Removing stm32f10x_rcc.o(i.RCC_PLLCmd), (12 bytes).
    Removing stm32f10x_rcc.o(i.RCC_PLLConfig), (20 bytes).
    Removing stm32f10x_rcc.o(i.RCC_PREDIV1Config), (28 bytes).
    Removing stm32f10x_rcc.o(i.RCC_PREDIV2Config), (20 bytes).
    Removing stm32f10x_rcc.o(i.RCC_RTCCLKCmd), (12 bytes).
    Removing stm32f10x_rcc.o(i.RCC_RTCCLKConfig), (16 bytes).
    Removing stm32f10x_rcc.o(i.RCC_SYSCLKConfig), (20 bytes).
    Removing stm32f10x_rcc.o(i.RCC_WaitForHSEStartUp), (38 bytes).
    Removing stm32f10x_gpio.o(i.GPIO_AFIODeInit), (22 bytes).
    Removing stm32f10x_gpio.o(i.GPIO_DeInit), (180 bytes).
    Removing stm32f10x_gpio.o(i.GPIO_ETH_MediaInterfaceConfig), (12 bytes).
    Removing stm32f10x_gpio.o(i.GPIO_EXTILineConfig), (40 bytes).
    Removing stm32f10x_gpio.o(i.GPIO_EventOutputCmd), (12 bytes).
    Removing stm32f10x_gpio.o(i.GPIO_EventOutputConfig), (28 bytes).
    Removing stm32f10x_gpio.o(i.GPIO_PinLockConfig), (16 bytes).
    Removing stm32f10x_gpio.o(i.GPIO_ReadInputData), (6 bytes).
    Removing stm32f10x_gpio.o(i.GPIO_ReadInputDataBit), (14 bytes).
    Removing stm32f10x_gpio.o(i.GPIO_ReadOutputData), (6 bytes).
    Removing stm32f10x_gpio.o(i.GPIO_ReadOutputDataBit), (14 bytes).
    Removing stm32f10x_gpio.o(i.GPIO_ResetBits), (4 bytes).
    Removing stm32f10x_gpio.o(i.GPIO_SetBits), (4 bytes).
    Removing stm32f10x_gpio.o(i.GPIO_StructInit), (16 bytes).
    Removing stm32f10x_gpio.o(i.GPIO_Write), (4 bytes).
    Removing misc.o(i.NVIC_Init), (92 bytes).
    Removing misc.o(i.NVIC_PriorityGroupConfig), (20 bytes).
    Removing misc.o(i.NVIC_SetVectorTable), (20 bytes).
    Removing misc.o(i.NVIC_SystemLPConfig), (24 bytes).
    Removing misc.o(i.SysTick_CLKSourceConfig), (24 bytes).
    Removing stm32f10x_exti.o(i.EXTI_ClearFlag), (12 bytes).
    Removing stm32f10x_exti.o(i.EXTI_ClearITPendingBit), (12 bytes).
    Removing stm32f10x_exti.o(i.EXTI_DeInit), (28 bytes).
    Removing stm32f10x_exti.o(i.EXTI_GenerateSWInterrupt), (16 bytes).
    Removing stm32f10x_exti.o(i.EXTI_GetFlagStatus), (20 bytes).
    Removing stm32f10x_exti.o(i.EXTI_GetITStatus), (28 bytes).
    Removing stm32f10x_exti.o(i.EXTI_Init), (116 bytes).
    Removing stm32f10x_exti.o(i.EXTI_StructInit), (14 bytes).
    Removing stm32f10x_spi.o(i.I2S_Cmd), (20 bytes).
    Removing stm32f10x_spi.o(i.I2S_Init), (224 bytes).
    Removing stm32f10x_spi.o(i.I2S_StructInit), (18 bytes).
    Removing stm32f10x_spi.o(i.SPI_BiDirectionalLineConfig), (22 bytes).
    Removing stm32f10x_spi.o(i.SPI_CalculateCRC), (20 bytes).
    Removing stm32f10x_spi.o(i.SPI_DataSizeConfig), (16 bytes).
    Removing stm32f10x_spi.o(i.SPI_GetCRC), (12 bytes).
    Removing stm32f10x_spi.o(i.SPI_GetCRCPolynomial), (4 bytes).
    Removing stm32f10x_spi.o(i.SPI_I2S_ClearFlag), (6 bytes).
    Removing stm32f10x_spi.o(i.SPI_I2S_ClearITPendingBit), (14 bytes).
    Removing stm32f10x_spi.o(i.SPI_I2S_DMACmd), (16 bytes).
    Removing stm32f10x_spi.o(i.SPI_I2S_GetITStatus), (44 bytes).
    Removing stm32f10x_spi.o(i.SPI_I2S_ITConfig), (24 bytes).
    Removing stm32f10x_spi.o(i.SPI_I2S_ReceiveData), (4 bytes).
    Removing stm32f10x_spi.o(i.SPI_NSSInternalSoftwareConfig), (24 bytes).
    Removing stm32f10x_spi.o(i.SPI_SSOutputCmd), (20 bytes).
    Removing stm32f10x_spi.o(i.SPI_StructInit), (24 bytes).
    Removing stm32f10x_spi.o(i.SPI_TransmitCRC), (10 bytes).
    Removing stm32f10x_fsmc.o(i.FSMC_ClearFlag), (36 bytes).
    Removing stm32f10x_fsmc.o(i.FSMC_ClearITPendingBit), (40 bytes).
    Removing stm32f10x_fsmc.o(i.FSMC_GetECC), (18 bytes).
    Removing stm32f10x_fsmc.o(i.FSMC_GetFlagStatus), (40 bytes).
    Removing stm32f10x_fsmc.o(i.FSMC_GetITStatus), (48 bytes).
    Removing stm32f10x_fsmc.o(i.FSMC_ITConfig), (68 bytes).
    Removing stm32f10x_fsmc.o(i.FSMC_NANDCmd), (56 bytes).
    Removing stm32f10x_fsmc.o(i.FSMC_NANDDeInit), (40 bytes).
    Removing stm32f10x_fsmc.o(i.FSMC_NANDECCCmd), (56 bytes).
    Removing stm32f10x_fsmc.o(i.FSMC_NANDInit), (100 bytes).
    Removing stm32f10x_fsmc.o(i.FSMC_NANDStructInit), (54 bytes).
    Removing stm32f10x_fsmc.o(i.FSMC_NORSRAMCmd), (32 bytes).
    Removing stm32f10x_fsmc.o(i.FSMC_NORSRAMDeInit), (36 bytes).
    Removing stm32f10x_fsmc.o(i.FSMC_NORSRAMInit), (188 bytes).
    Removing stm32f10x_fsmc.o(i.FSMC_NORSRAMStructInit), (96 bytes).
    Removing stm32f10x_fsmc.o(i.FSMC_PCCARDCmd), (32 bytes).
    Removing stm32f10x_fsmc.o(i.FSMC_PCCARDDeInit), (28 bytes).
    Removing stm32f10x_fsmc.o(i.FSMC_PCCARDInit), (100 bytes).
    Removing stm32f10x_fsmc.o(i.FSMC_PCCARDStructInit), (60 bytes).
    Removing stm32f10x_usart.o(i.USART_ClearFlag), (6 bytes).
    Removing stm32f10x_usart.o(i.USART_ClearITPendingBit), (12 bytes).
    Removing stm32f10x_usart.o(i.USART_ClockInit), (30 bytes).
    Removing stm32f10x_usart.o(i.USART_ClockStructInit), (12 bytes).
    Removing stm32f10x_usart.o(i.USART_DMACmd), (16 bytes).
    Removing stm32f10x_usart.o(i.USART_DeInit), (116 bytes).
    Removing stm32f10x_usart.o(i.USART_GetITStatus), (62 bytes).
    Removing stm32f10x_usart.o(i.USART_HalfDuplexCmd), (20 bytes).
    Removing stm32f10x_usart.o(i.USART_ITConfig), (48 bytes).
    Removing stm32f10x_usart.o(i.USART_IrDACmd), (20 bytes).
    Removing stm32f10x_usart.o(i.USART_IrDAConfig), (16 bytes).
    Removing stm32f10x_usart.o(i.USART_LINBreakDetectLengthConfig), (16 bytes).
    Removing stm32f10x_usart.o(i.USART_LINCmd), (20 bytes).
    Removing stm32f10x_usart.o(i.USART_ReceiverWakeUpCmd), (20 bytes).
    Removing stm32f10x_usart.o(i.USART_SendBreak), (10 bytes).
    Removing stm32f10x_usart.o(i.USART_SetAddress), (16 bytes).
    Removing stm32f10x_usart.o(i.USART_SetGuardTime), (16 bytes).
    Removing stm32f10x_usart.o(i.USART_SetPrescaler), (16 bytes).
    Removing stm32f10x_usart.o(i.USART_SmartCardCmd), (20 bytes).
    Removing stm32f10x_usart.o(i.USART_SmartCardNACKCmd), (20 bytes).
    Removing stm32f10x_usart.o(i.USART_StructInit), (22 bytes).
    Removing stm32f10x_usart.o(i.USART_WakeUpConfig), (16 bytes).
    Removing system_stm32f10x.o(.constdata), (4 bytes).
    Removing system_stm32f10x.o(.constdata), (4 bytes).
    Removing system_stm32f10x.o(.constdata), (4 bytes).
    Removing system_stm32f10x.o(.constdata), (4 bytes).
    Removing core_cm3.o(.emb_text), (32 bytes).
    Removing stm32f_arm_kit.o(i.STM_EVAL_LEDOn), (24 bytes).
    Removing stm32f_arm_kit.o(i.STM_EVAL_LEDToggle), (28 bytes).
    Removing stm32f_arm_kit.o(i.STM_EVAL_PBGetState), (24 bytes).
    Removing stm32f_arm_kit.o(i.STM_EVAL_PBInit), (164 bytes).
    Removing stm32f_arm_kit_lcd.o(i.LCD_ClearLine), (32 bytes).
    Removing stm32f_arm_kit_lcd.o(i.LCD_DisplayOff), (8 bytes).
    Removing stm32f_arm_kit_lcd.o(i.LCD_DisplayOn), (10 bytes).
    Removing stm32f_arm_kit_lcd.o(i.LCD_DrawCircle), (236 bytes).
    Removing stm32f_arm_kit_lcd.o(i.LCD_DrawLine), (96 bytes).
    Removing stm32f_arm_kit_lcd.o(i.LCD_DrawMonoPict), (88 bytes).
    Removing stm32f_arm_kit_lcd.o(i.LCD_DrawRect), (66 bytes).
    Removing stm32f_arm_kit_lcd.o(i.LCD_PowerOn), (120 bytes).
    Removing stm32f_arm_kit_lcd.o(i.LCD_ReadReg), (204 bytes).
    Removing stm32f_arm_kit_lcd.o(i.LCD_SetDisplayWindow), (76 bytes).
    Removing stm32f_arm_kit_lcd.o(i.LCD_WindowModeDisable), (30 bytes).
    Removing stm32f_arm_kit_lcd.o(i.LCD_WriteRAMWord), (32 bytes).
    Removing stm32f_arm_kit_lcd.o(i.TCS_GPIO_Config), (124 bytes).
    Removing stm32f_arm_kit_lcd.o(i.TCS_Write_Byte), (92 bytes).
    Removing startup_stm32f10x_cl.o(HEAP), (512 bytes).
    Removing dadd.o(.text), (414 bytes).
    Removing dmul.o(.text), (232 bytes).
    Removing ddiv.o(.text), (248 bytes).
    Removing dfixul.o(.text), (50 bytes).
    Removing cdrcmple.o(.text), (76 bytes).
    Removing depilogue.o(.text), (200 bytes).

159 unused section(s) (total 7208 bytes) removed from the image.

==============================================================================

Image Symbol Table

    Local Symbols

    Symbol Name                              Value     Ov Type        Size  Object(Section)

    ../../microlib/division.c                0x00000000   Number         0  uidiv.o ABSOLUTE
    ../../microlib/division.c                0x00000000   Number         0  uldiv.o ABSOLUTE
    ../../microlib/fpadd.c                   0x00000000   Number         0  dadd.o ABSOLUTE
    ../../microlib/fpdiv.c                   0x00000000   Number         0  ddiv.o ABSOLUTE
    ../../microlib/fpepilogue.c              0x00000000   Number         0  depilogue.o ABSOLUTE
    ../../microlib/fpfix.c                   0x00000000   Number         0  dfixul.o ABSOLUTE
    ../../microlib/fpmul.c                   0x00000000   Number         0  dmul.o ABSOLUTE
    ../../microlib/init/entry.s              0x00000000   Number         0  entry7.o ABSOLUTE
    ../../microlib/init/entry.s              0x00000000   Number         0  entry.o ABSOLUTE
    ../../microlib/init/entry.s              0x00000000   Number         0  entry5.o ABSOLUTE
    ../../microlib/init/entry.s              0x00000000   Number         0  entry2.o ABSOLUTE
    ../../microlib/longlong.c                0x00000000   Number         0  llushr.o ABSOLUTE
    ../../microlib/longlong.c                0x00000000   Number         0  llshl.o ABSOLUTE
    ../../microlib/printf/printf.c           0x00000000   Number         0  printf0.o ABSOLUTE
    ../../microlib/printf/printf.c           0x00000000   Number         0  printf5.o ABSOLUTE
    ../../microlib/printf/printf.c           0x00000000   Number         0  printfa.o ABSOLUTE
    ../../microlib/printf/printf.c           0x00000000   Number         0  printf2.o ABSOLUTE
    ../../microlib/printf/printf.c           0x00000000   Number         0  printf1.o ABSOLUTE
    ../../microlib/printf/printf.c           0x00000000   Number         0  printf3.o ABSOLUTE
    ../../microlib/printf/printf.c           0x00000000   Number         0  printfb.o ABSOLUTE
    ../../microlib/printf/printf.c           0x00000000   Number         0  printf8.o ABSOLUTE
    ../../microlib/printf/printf.c           0x00000000   Number         0  printf7.o ABSOLUTE
    ../../microlib/printf/printf.c           0x00000000   Number         0  printf6.o ABSOLUTE
    ../../microlib/printf/printf.c           0x00000000   Number         0  printf4.o ABSOLUTE
    ../../microlib/printf/stubs.s            0x00000000   Number         0  stubs.o ABSOLUTE
    ../../microlib/stdio/streams.c           0x00000000   Number         0  stdout.o ABSOLUTE
    ../../microlib/stubs.s                   0x00000000   Number         0  iusefp.o ABSOLUTE
    ..\..\..\Libraries\CMSIS\Core\CM3\core_cm3.c 0x00000000   Number         0  core_cm3.o ABSOLUTE
    ..\..\..\Libraries\CMSIS\Core\CM3\startup\arm\startup_stm32f10x_cl.s 0x00000000   Number         0  startup_stm32f10x_cl.o ABSOLUTE
    ..\..\..\Libraries\CMSIS\Core\CM3\system_stm32f10x.c 0x00000000   Number         0  system_stm32f10x.o ABSOLUTE
    ..\..\..\Libraries\STM32F10x_StdPeriph_Driver\src\misc.c 0x00000000   Number         0  misc.o ABSOLUTE
    ..\..\..\Libraries\STM32F10x_StdPeriph_Driver\src\stm32f10x_exti.c 0x00000000   Number         0  stm32f10x_exti.o ABSOLUTE
    ..\..\..\Libraries\STM32F10x_StdPeriph_Driver\src\stm32f10x_fsmc.c 0x00000000   Number         0  stm32f10x_fsmc.o ABSOLUTE
    ..\..\..\Libraries\STM32F10x_StdPeriph_Driver\src\stm32f10x_gpio.c 0x00000000   Number         0  stm32f10x_gpio.o ABSOLUTE
    ..\..\..\Libraries\STM32F10x_StdPeriph_Driver\src\stm32f10x_rcc.c 0x00000000   Number         0  stm32f10x_rcc.o ABSOLUTE
    ..\..\..\Libraries\STM32F10x_StdPeriph_Driver\src\stm32f10x_spi.c 0x00000000   Number         0  stm32f10x_spi.o ABSOLUTE
    ..\..\..\Libraries\STM32F10x_StdPeriph_Driver\src\stm32f10x_usart.c 0x00000000   Number         0  stm32f10x_usart.o ABSOLUTE
    ..\\..\\..\\Libraries\\CMSIS\\Core\\CM3\\core_cm3.c 0x00000000   Number         0  core_cm3.o ABSOLUTE
    ..\main.c                                0x00000000   Number         0  main.o ABSOLUTE
    ..\stm32f10x_it.c                        0x00000000   Number         0  stm32f10x_it.o ABSOLUTE
    C:\STM32\ETT_STM32F107\ET_STM32_ARM_KIT_StdPeriph_Lib_V3.1.2\Utilities\stm32f_arm_kit.c 0x00000000   Number         0  stm32f_arm_kit.o ABSOLUTE
    C:\STM32\ETT_STM32F107\ET_STM32_ARM_KIT_StdPeriph_Lib_V3.1.2\Utilities\stm32f_arm_kit_lcd.c 0x00000000   Number         0  stm32f_arm_kit_lcd.o ABSOLUTE
    cdrcmple.s                               0x00000000   Number         0  cdrcmple.o ABSOLUTE
    dc.s                                     0x00000000   Number         0  dc.o ABSOLUTE
    handlers.s                               0x00000000   Number         0  handlers.o ABSOLUTE
    init.s                                   0x00000000   Number         0  init.o ABSOLUTE
    RESET                                    0x08000000   Section      336  startup_stm32f10x_cl.o(RESET)
    .ARM.Collect$$$$00000000                 0x08000150   Section        0  entry.o(.ARM.Collect$$$$00000000)
    .ARM.Collect$$$$00000001                 0x08000150   Section        4  entry2.o(.ARM.Collect$$$$00000001)
    .ARM.Collect$$$$00000004                 0x08000154   Section        4  entry5.o(.ARM.Collect$$$$00000004)
    .ARM.Collect$$$$00000007                 0x08000158   Section        8  entry7.o(.ARM.Collect$$$$00000007)
    .ARM.Collect$$$$00002712                 0x08000160   Section        4  entry2.o(.ARM.Collect$$$$00002712)
    __lit__00000000                          0x08000160   Data           4  entry2.o(.ARM.Collect$$$$00002712)
    .text                                    0x08000164   Section       28  startup_stm32f10x_cl.o(.text)
    .text                                    0x08000180   Section       36  init.o(.text)
    i.BusFault_Handler                       0x080001a4   Section        2  stm32f10x_it.o(i.BusFault_Handler)
    i.DebugMon_Handler                       0x080001a6   Section        2  stm32f10x_it.o(i.DebugMon_Handler)
    i.GPIO_Init                              0x080001a8   Section      158  stm32f10x_gpio.o(i.GPIO_Init)
    i.GPIO_PinRemapConfig                    0x08000248   Section       72  stm32f10x_gpio.o(i.GPIO_PinRemapConfig)
    i.GPIO_WriteBit                          0x08000290   Section       10  stm32f10x_gpio.o(i.GPIO_WriteBit)
    i.HardFault_Handler                      0x0800029a   Section        2  stm32f10x_it.o(i.HardFault_Handler)
    i.LCD_CS_StartByte                       0x0800029c   Section       48  stm32f_arm_kit_lcd.o(i.LCD_CS_StartByte)
    i.LCD_Clear                              0x080002cc   Section       56  stm32f_arm_kit_lcd.o(i.LCD_Clear)
    i.LCD_DisplayChar                        0x08000304   Section       24  stm32f_arm_kit_lcd.o(i.LCD_DisplayChar)
    i.LCD_DisplayStringLine                  0x0800031c   Section       60  stm32f_arm_kit_lcd.o(i.LCD_DisplayStringLine)
    i.LCD_DrawChar                           0x08000358   Section      108  stm32f_arm_kit_lcd.o(i.LCD_DrawChar)
    i.LCD_GPIO_Config                        0x080003c4   Section       72  stm32f_arm_kit_lcd.o(i.LCD_GPIO_Config)
    i.LCD_SPIConfig                          0x0800040c   Section      140  stm32f_arm_kit_lcd.o(i.LCD_SPIConfig)
    i.LCD_SetBackColor                       0x08000498   Section       12  stm32f_arm_kit_lcd.o(i.LCD_SetBackColor)
    i.LCD_SetCursor                          0x080004a4   Section       24  stm32f_arm_kit_lcd.o(i.LCD_SetCursor)
    i.LCD_SetTextColor                       0x080004bc   Section       12  stm32f_arm_kit_lcd.o(i.LCD_SetTextColor)
    i.LCD_Setup                              0x080004c8   Section      532  stm32f_arm_kit_lcd.o(i.LCD_Setup)
    i.LCD_WriteRAM                           0x080006dc   Section       52  stm32f_arm_kit_lcd.o(i.LCD_WriteRAM)
    i.LCD_WriteRAM_Prepare                   0x08000710   Section       18  stm32f_arm_kit_lcd.o(i.LCD_WriteRAM_Prepare)
    i.LCD_WriteReg                           0x08000724   Section       80  stm32f_arm_kit_lcd.o(i.LCD_WriteReg)
    i.LCD_WriteRegIndex                      0x08000774   Section       76  stm32f_arm_kit_lcd.o(i.LCD_WriteRegIndex)
    i.MemManage_Handler                      0x080007c0   Section        2  stm32f10x_it.o(i.MemManage_Handler)
    i.NMI_Handler                            0x080007c2   Section        2  stm32f10x_it.o(i.NMI_Handler)
    i.PendSV_Handler                         0x080007c4   Section        2  stm32f10x_it.o(i.PendSV_Handler)
    i.RCC_APB1PeriphClockCmd                 0x080007c8   Section       24  stm32f10x_rcc.o(i.RCC_APB1PeriphClockCmd)
    i.RCC_APB1PeriphResetCmd                 0x080007e0   Section       24  stm32f10x_rcc.o(i.RCC_APB1PeriphResetCmd)
    i.RCC_APB2PeriphClockCmd                 0x080007f8   Section       24  stm32f10x_rcc.o(i.RCC_APB2PeriphClockCmd)
    i.RCC_APB2PeriphResetCmd                 0x08000810   Section       24  stm32f10x_rcc.o(i.RCC_APB2PeriphResetCmd)
    i.RCC_GetClocksFreq                      0x08000828   Section      208  stm32f10x_rcc.o(i.RCC_GetClocksFreq)
    i.SER_getChar_nb                         0x080008f8   Section       48  main.o(i.SER_getChar_nb)
    i.SER_putChar                            0x08000928   Section       60  main.o(i.SER_putChar)
    i.SER_putChar1                           0x08000964   Section       36  main.o(i.SER_putChar1)
    i.SER_putChar2                           0x08000988   Section       36  main.o(i.SER_putChar2)
    i.SPI_Cmd                                0x080009ac   Section       20  stm32f10x_spi.o(i.SPI_Cmd)
    i.SPI_I2S_DeInit                         0x080009c0   Section       84  stm32f10x_spi.o(i.SPI_I2S_DeInit)
    i.SPI_I2S_GetFlagStatus                  0x08000a14   Section       14  stm32f10x_spi.o(i.SPI_I2S_GetFlagStatus)
    i.SPI_I2S_SendData                       0x08000a22   Section        4  stm32f10x_spi.o(i.SPI_I2S_SendData)
    i.SPI_Init                               0x08000a26   Section       56  stm32f10x_spi.o(i.SPI_Init)
    i.STM3210C_LCD_Init                      0x08000a5e   Section        4  stm32f_arm_kit_lcd.o(i.STM3210C_LCD_Init)
    i.STM_EVAL_COMInit                       0x08000a64   Section      188  stm32f_arm_kit.o(i.STM_EVAL_COMInit)
    i.STM_EVAL_LEDInit                       0x08000b20   Section       64  stm32f_arm_kit.o(i.STM_EVAL_LEDInit)
    i.STM_EVAL_LEDOff                        0x08000b60   Section       24  stm32f_arm_kit.o(i.STM_EVAL_LEDOff)
    i.SVC_Handler                            0x08000b78   Section        2  stm32f10x_it.o(i.SVC_Handler)
    i.SetSysClockTo72                        0x08000b7c   Section      184  system_stm32f10x.o(i.SetSysClockTo72)
    SetSysClockTo72                          0x08000b7d   Thumb Code   168  system_stm32f10x.o(i.SetSysClockTo72)
    i.SysTick_Handler                        0x08000c34   Section        4  stm32f10x_it.o(i.SysTick_Handler)
    i.SystemInit                             0x08000c38   Section       76  system_stm32f10x.o(i.SystemInit)
    i.TimingDelay_Decrement                  0x08000c84   Section       20  main.o(i.TimingDelay_Decrement)
    i.USART_Cmd                              0x08000c98   Section       20  stm32f10x_usart.o(i.USART_Cmd)
    i.USART_GetFlagStatus                    0x08000cac   Section       14  stm32f10x_usart.o(i.USART_GetFlagStatus)
    i.USART_Init                             0x08000cbc   Section      140  stm32f10x_usart.o(i.USART_Init)
    i.USART_ReceiveData                      0x08000d48   Section        8  stm32f10x_usart.o(i.USART_ReceiveData)
    i.USART_SendData                         0x08000d50   Section        8  stm32f10x_usart.o(i.USART_SendData)
    i.UsageFault_Handler                     0x08000d58   Section        2  stm32f10x_it.o(i.UsageFault_Handler)
    i.__0printf$2                            0x08000d5c   Section       32  printf2.o(i.__0printf$2)
    i.__0sprintf$2                           0x08000d7c   Section       40  printf2.o(i.__0sprintf$2)
    i.__scatterload_copy                     0x08000da4   Section       14  handlers.o(i.__scatterload_copy)
    i.__scatterload_null                     0x08000db2   Section        2  handlers.o(i.__scatterload_null)
    i.__scatterload_zeroinit                 0x08000db4   Section       14  handlers.o(i.__scatterload_zeroinit)
    i._printf_core                           0x08000dc2   Section      202  printf2.o(i._printf_core)
    _printf_core                             0x08000dc3   Thumb Code   202  printf2.o(i._printf_core)
    i._sputc                                 0x08000e8c   Section       10  printf2.o(i._sputc)
    _sputc                                   0x08000e8d   Thumb Code    10  printf2.o(i._sputc)
    i.delay                                  0x08000e98   Section       20  stm32f_arm_kit_lcd.o(i.delay)
    delay                                    0x08000e99   Thumb Code    14  stm32f_arm_kit_lcd.o(i.delay)
    i.fputc                                  0x08000eac   Section       36  main.o(i.fputc)
    i.main                                   0x08000ed0   Section      844  main.o(i.main)
    i.printUART1                             0x0800121c   Section       34  main.o(i.printUART1)
    i.printUART2                             0x0800123e   Section       34  main.o(i.printUART2)
    .constdata                               0x08001260   Section        4  system_stm32f10x.o(.constdata)
    .constdata                               0x08001264   Section       92  stm32f_arm_kit.o(.constdata)
    .constdata                               0x080012c0   Section     4560  stm32f_arm_kit_lcd.o(.constdata)
    .data                                    0x20000000   Section        4  main.o(.data)
    TimingDelay                              0x20000000   Data           4  main.o(.data)
    .data                                    0x20000004   Section       20  stm32f10x_rcc.o(.data)
    ADCPrescTable                            0x20000004   Data           4  stm32f10x_rcc.o(.data)
    APBAHBPrescTable                         0x20000008   Data          16  stm32f10x_rcc.o(.data)
    .data                                    0x20000018   Section       44  stm32f_arm_kit.o(.data)
    .data                                    0x20000044   Section        4  stm32f_arm_kit_lcd.o(.data)
    TextColor                                0x20000044   Data           2  stm32f_arm_kit_lcd.o(.data)
    BackColor                                0x20000046   Data           2  stm32f_arm_kit_lcd.o(.data)
    .data                                    0x20000048   Section        4  stdout.o(.data)
    .bss                                     0x2000004c   Section      144  main.o(.bss)
    STACK                                    0x200000e0   Section     1024  startup_stm32f10x_cl.o(STACK)

    Global Symbols

    Symbol Name                              Value     Ov Type        Size  Object(Section)

    BuildAttributes$$THM_ISAv4$P$D$K$B$S$PE$A:L22UL41UL21$X:L11$S22US41US21$IEEE1$IW$USESV6$~STKCKD$USESV7$~SHL$OSPACE$ROPI$EBA8$MICROLIB$REQ8$PRES8$EABIv2 0x00000000   Number         0  anon$$obj.o ABSOLUTE
    __ARM_use_no_argv                        0x00000000   Number         0  main.o ABSOLUTE
    _printf_a                                0x00000000   Number         0  stubs.o ABSOLUTE
    _printf_c                                0x00000000   Number         0  stubs.o ABSOLUTE
    _printf_charcount                        0x00000000   Number         0  stubs.o ABSOLUTE
    _printf_d                                0x00000000   Number         0  stubs.o ABSOLUTE
    _printf_e                                0x00000000   Number         0  stubs.o ABSOLUTE
    _printf_f                                0x00000000   Number         0  stubs.o ABSOLUTE
    _printf_flags                            0x00000000   Number         0  stubs.o ABSOLUTE
    _printf_fp_dec                           0x00000000   Number         0  stubs.o ABSOLUTE
    _printf_fp_hex                           0x00000000   Number         0  stubs.o ABSOLUTE
    _printf_g                                0x00000000   Number         0  stubs.o ABSOLUTE
    _printf_i                                0x00000000   Number         0  stubs.o ABSOLUTE
    _printf_int_dec                          0x00000000   Number         0  stubs.o ABSOLUTE
    _printf_l                                0x00000000   Number         0  stubs.o ABSOLUTE
    _printf_lc                               0x00000000   Number         0  stubs.o ABSOLUTE
    _printf_ll                               0x00000000   Number         0  stubs.o ABSOLUTE
    _printf_lld                              0x00000000   Number         0  stubs.o ABSOLUTE
    _printf_lli                              0x00000000   Number         0  stubs.o ABSOLUTE
    _printf_llo                              0x00000000   Number         0  stubs.o ABSOLUTE
    _printf_llu                              0x00000000   Number         0  stubs.o ABSOLUTE
    _printf_llx                              0x00000000   Number         0  stubs.o ABSOLUTE
    _printf_longlong_dec                     0x00000000   Number         0  stubs.o ABSOLUTE
    _printf_longlong_hex                     0x00000000   Number         0  stubs.o ABSOLUTE
    _printf_longlong_oct                     0x00000000   Number         0  stubs.o ABSOLUTE
    _printf_ls                               0x00000000   Number         0  stubs.o ABSOLUTE
    _printf_mbtowc                           0x00000000   Number         0  stubs.o ABSOLUTE
    _printf_n                                0x00000000   Number         0  stubs.o ABSOLUTE
    _printf_o                                0x00000000   Number         0  stubs.o ABSOLUTE
    _printf_p                                0x00000000   Number         0  stubs.o ABSOLUTE
    _printf_percent                          0x00000000   Number         0  stubs.o ABSOLUTE
    _printf_pre_padding                      0x00000000   Number         0  stubs.o ABSOLUTE
    _printf_return_value                     0x00000000   Number         0  stubs.o ABSOLUTE
    _printf_s                                0x00000000   Number         0  stubs.o ABSOLUTE
    _printf_sizespec                         0x00000000   Number         0  stubs.o ABSOLUTE
    _printf_str                              0x00000000   Number         0  stubs.o ABSOLUTE
    _printf_truncate_signed                  0x00000000   Number         0  stubs.o ABSOLUTE
    _printf_truncate_unsigned                0x00000000   Number         0  stubs.o ABSOLUTE
    _printf_u                                0x00000000   Number         0  stubs.o ABSOLUTE
    _printf_wc                               0x00000000   Number         0  stubs.o ABSOLUTE
    _printf_wctomb                           0x00000000   Number         0  stubs.o ABSOLUTE
    _printf_widthprec                        0x00000000   Number         0  stubs.o ABSOLUTE
    _printf_x                                0x00000000   Number         0  stubs.o ABSOLUTE
    __decompress                              - Undefined Weak Reference
    __Vectors_Size                           0x00000150   Number         0  startup_stm32f10x_cl.o ABSOLUTE
    __Vectors                                0x08000000   Data           4  startup_stm32f10x_cl.o(RESET)
    __Vectors_End                            0x08000150   Data           0  startup_stm32f10x_cl.o(RESET)
    __main                                   0x08000151   Thumb Code     0  entry.o(.ARM.Collect$$$$00000000)
    _main_stk                                0x08000151   Thumb Code     0  entry2.o(.ARM.Collect$$$$00000001)
    _main_scatterload                        0x08000155   Thumb Code     0  entry5.o(.ARM.Collect$$$$00000004)
    __main_after_scatterload                 0x08000159   Thumb Code     0  entry5.o(.ARM.Collect$$$$00000004)
    _main_init                               0x08000159   Thumb Code     0  entry7.o(.ARM.Collect$$$$00000007)
    Reset_Handler                            0x08000165   Thumb Code     4  startup_stm32f10x_cl.o(.text)
    ADC1_2_IRQHandler                        0x0800017b   Thumb Code     0  startup_stm32f10x_cl.o(.text)
    CAN1_RX0_IRQHandler                      0x0800017b   Thumb Code     0  startup_stm32f10x_cl.o(.text)
    CAN1_RX1_IRQHandler                      0x0800017b   Thumb Code     0  startup_stm32f10x_cl.o(.text)
    CAN1_SCE_IRQHandler                      0x0800017b   Thumb Code     0  startup_stm32f10x_cl.o(.text)
    CAN1_TX_IRQHandler                       0x0800017b   Thumb Code     0  startup_stm32f10x_cl.o(.text)
    CAN2_RX0_IRQHandler                      0x0800017b   Thumb Code     0  startup_stm32f10x_cl.o(.text)
    CAN2_RX1_IRQHandler                      0x0800017b   Thumb Code     0  startup_stm32f10x_cl.o(.text)
    CAN2_SCE_IRQHandler                      0x0800017b   Thumb Code     0  startup_stm32f10x_cl.o(.text)
    CAN2_TX_IRQHandler                       0x0800017b   Thumb Code     0  startup_stm32f10x_cl.o(.text)
    DMA1_Channel1_IRQHandler                 0x0800017b   Thumb Code     0  startup_stm32f10x_cl.o(.text)
    DMA1_Channel2_IRQHandler                 0x0800017b   Thumb Code     0  startup_stm32f10x_cl.o(.text)
    DMA1_Channel3_IRQHandler                 0x0800017b   Thumb Code     0  startup_stm32f10x_cl.o(.text)
    DMA1_Channel4_IRQHandler                 0x0800017b   Thumb Code     0  startup_stm32f10x_cl.o(.text)
    DMA1_Channel5_IRQHandler                 0x0800017b   Thumb Code     0  startup_stm32f10x_cl.o(.text)
    DMA1_Channel6_IRQHandler                 0x0800017b   Thumb Code     0  startup_stm32f10x_cl.o(.text)
    DMA1_Channel7_IRQHandler                 0x0800017b   Thumb Code     0  startup_stm32f10x_cl.o(.text)
    DMA2_Channel1_IRQHandler                 0x0800017b   Thumb Code     0  startup_stm32f10x_cl.o(.text)
    DMA2_Channel2_IRQHandler                 0x0800017b   Thumb Code     0  startup_stm32f10x_cl.o(.text)
    DMA2_Channel3_IRQHandler                 0x0800017b   Thumb Code     0  startup_stm32f10x_cl.o(.text)
    DMA2_Channel4_IRQHandler                 0x0800017b   Thumb Code     0  startup_stm32f10x_cl.o(.text)
    DMA2_Channel5_IRQHandler                 0x0800017b   Thumb Code     0  startup_stm32f10x_cl.o(.text)
    ETH_IRQHandler                           0x0800017b   Thumb Code     0  startup_stm32f10x_cl.o(.text)
    ETH_WKUP_IRQHandler                      0x0800017b   Thumb Code     0  startup_stm32f10x_cl.o(.text)
    EXTI0_IRQHandler                         0x0800017b   Thumb Code     0  startup_stm32f10x_cl.o(.text)
    EXTI15_10_IRQHandler                     0x0800017b   Thumb Code     0  startup_stm32f10x_cl.o(.text)
    EXTI1_IRQHandler                         0x0800017b   Thumb Code     0  startup_stm32f10x_cl.o(.text)
    EXTI2_IRQHandler                         0x0800017b   Thumb Code     0  startup_stm32f10x_cl.o(.text)
    EXTI3_IRQHandler                         0x0800017b   Thumb Code     0  startup_stm32f10x_cl.o(.text)
    EXTI4_IRQHandler                         0x0800017b   Thumb Code     0  startup_stm32f10x_cl.o(.text)
    EXTI9_5_IRQHandler                       0x0800017b   Thumb Code     0  startup_stm32f10x_cl.o(.text)
    FLASH_IRQHandler                         0x0800017b   Thumb Code     0  startup_stm32f10x_cl.o(.text)
    I2C1_ER_IRQHandler                       0x0800017b   Thumb Code     0  startup_stm32f10x_cl.o(.text)
    I2C1_EV_IRQHandler                       0x0800017b   Thumb Code     0  startup_stm32f10x_cl.o(.text)
    I2C2_ER_IRQHandler                       0x0800017b   Thumb Code     0  startup_stm32f10x_cl.o(.text)
    I2C2_EV_IRQHandler                       0x0800017b   Thumb Code     0  startup_stm32f10x_cl.o(.text)
    OTG_FS_IRQHandler                        0x0800017b   Thumb Code     0  startup_stm32f10x_cl.o(.text)
    OTG_FS_WKUP_IRQHandler                   0x0800017b   Thumb Code     0  startup_stm32f10x_cl.o(.text)
    PVD_IRQHandler                           0x0800017b   Thumb Code     0  startup_stm32f10x_cl.o(.text)
    RCC_IRQHandler                           0x0800017b   Thumb Code     0  startup_stm32f10x_cl.o(.text)
    RTCAlarm_IRQHandler                      0x0800017b   Thumb Code     0  startup_stm32f10x_cl.o(.text)
    RTC_IRQHandler                           0x0800017b   Thumb Code     0  startup_stm32f10x_cl.o(.text)
    SPI1_IRQHandler                          0x0800017b   Thumb Code     0  startup_stm32f10x_cl.o(.text)
    SPI2_IRQHandler                          0x0800017b   Thumb Code     0  startup_stm32f10x_cl.o(.text)
    SPI3_IRQHandler                          0x0800017b   Thumb Code     0  startup_stm32f10x_cl.o(.text)
    TAMPER_IRQHandler                        0x0800017b   Thumb Code     0  startup_stm32f10x_cl.o(.text)
    TIM1_BRK_IRQHandler                      0x0800017b   Thumb Code     0  startup_stm32f10x_cl.o(.text)
    TIM1_CC_IRQHandler                       0x0800017b   Thumb Code     0  startup_stm32f10x_cl.o(.text)
    TIM1_TRG_COM_IRQHandler                  0x0800017b   Thumb Code     0  startup_stm32f10x_cl.o(.text)
    TIM1_UP_IRQHandler                       0x0800017b   Thumb Code     0  startup_stm32f10x_cl.o(.text)
    TIM2_IRQHandler                          0x0800017b   Thumb Code     0  startup_stm32f10x_cl.o(.text)
    TIM3_IRQHandler                          0x0800017b   Thumb Code     0  startup_stm32f10x_cl.o(.text)
    TIM4_IRQHandler                          0x0800017b   Thumb Code     0  startup_stm32f10x_cl.o(.text)
    TIM5_IRQHandler                          0x0800017b   Thumb Code     0  startup_stm32f10x_cl.o(.text)
    TIM6_IRQHandler                          0x0800017b   Thumb Code     0  startup_stm32f10x_cl.o(.text)
    TIM7_IRQHandler                          0x0800017b   Thumb Code     0  startup_stm32f10x_cl.o(.text)
    UART4_IRQHandler                         0x0800017b   Thumb Code     0  startup_stm32f10x_cl.o(.text)
    UART5_IRQHandler                         0x0800017b   Thumb Code     0  startup_stm32f10x_cl.o(.text)
    USART1_IRQHandler                        0x0800017b   Thumb Code     0  startup_stm32f10x_cl.o(.text)
    USART2_IRQHandler                        0x0800017b   Thumb Code     0  startup_stm32f10x_cl.o(.text)
    USART3_IRQHandler                        0x0800017b   Thumb Code     0  startup_stm32f10x_cl.o(.text)
    WWDG_IRQHandler                          0x0800017b   Thumb Code     0  startup_stm32f10x_cl.o(.text)
    __scatterload                            0x08000181   Thumb Code    28  init.o(.text)
    __scatterload_rt2                        0x08000181   Thumb Code     0  init.o(.text)
    BusFault_Handler                         0x080001a5   Thumb Code     2  stm32f10x_it.o(i.BusFault_Handler)
    DebugMon_Handler                         0x080001a7   Thumb Code     2  stm32f10x_it.o(i.DebugMon_Handler)
    GPIO_Init                                0x080001a9   Thumb Code   158  stm32f10x_gpio.o(i.GPIO_Init)
    GPIO_PinRemapConfig                      0x08000249   Thumb Code    66  stm32f10x_gpio.o(i.GPIO_PinRemapConfig)
    GPIO_WriteBit                            0x08000291   Thumb Code    10  stm32f10x_gpio.o(i.GPIO_WriteBit)
    HardFault_Handler                        0x0800029b   Thumb Code     2  stm32f10x_it.o(i.HardFault_Handler)
    LCD_CS_StartByte                         0x0800029d   Thumb Code    40  stm32f_arm_kit_lcd.o(i.LCD_CS_StartByte)
    LCD_Clear                                0x080002cd   Thumb Code    50  stm32f_arm_kit_lcd.o(i.LCD_Clear)
    LCD_DisplayChar                          0x08000305   Thumb Code    18  stm32f_arm_kit_lcd.o(i.LCD_DisplayChar)
    LCD_DisplayStringLine                    0x0800031d   Thumb Code    60  stm32f_arm_kit_lcd.o(i.LCD_DisplayStringLine)
    LCD_DrawChar                             0x08000359   Thumb Code   100  stm32f_arm_kit_lcd.o(i.LCD_DrawChar)
    LCD_GPIO_Config                          0x080003c5   Thumb Code    62  stm32f_arm_kit_lcd.o(i.LCD_GPIO_Config)
    LCD_SPIConfig                            0x0800040d   Thumb Code   128  stm32f_arm_kit_lcd.o(i.LCD_SPIConfig)
    LCD_SetBackColor                         0x08000499   Thumb Code     6  stm32f_arm_kit_lcd.o(i.LCD_SetBackColor)
    LCD_SetCursor                            0x080004a5   Thumb Code    24  stm32f_arm_kit_lcd.o(i.LCD_SetCursor)
    LCD_SetTextColor                         0x080004bd   Thumb Code     6  stm32f_arm_kit_lcd.o(i.LCD_SetTextColor)
    LCD_Setup                                0x080004c9   Thumb Code   528  stm32f_arm_kit_lcd.o(i.LCD_Setup)
    LCD_WriteRAM                             0x080006dd   Thumb Code    48  stm32f_arm_kit_lcd.o(i.LCD_WriteRAM)
    LCD_WriteRAM_Prepare                     0x08000711   Thumb Code    18  stm32f_arm_kit_lcd.o(i.LCD_WriteRAM_Prepare)
    LCD_WriteReg                             0x08000725   Thumb Code    70  stm32f_arm_kit_lcd.o(i.LCD_WriteReg)
    LCD_WriteRegIndex                        0x08000775   Thumb Code    66  stm32f_arm_kit_lcd.o(i.LCD_WriteRegIndex)
    MemManage_Handler                        0x080007c1   Thumb Code     2  stm32f10x_it.o(i.MemManage_Handler)
    NMI_Handler                              0x080007c3   Thumb Code     2  stm32f10x_it.o(i.NMI_Handler)
    PendSV_Handler                           0x080007c5   Thumb Code     2  stm32f10x_it.o(i.PendSV_Handler)
    RCC_APB1PeriphClockCmd                   0x080007c9   Thumb Code    18  stm32f10x_rcc.o(i.RCC_APB1PeriphClockCmd)
    RCC_APB1PeriphResetCmd                   0x080007e1   Thumb Code    18  stm32f10x_rcc.o(i.RCC_APB1PeriphResetCmd)
    RCC_APB2PeriphClockCmd                   0x080007f9   Thumb Code    18  stm32f10x_rcc.o(i.RCC_APB2PeriphClockCmd)
    RCC_APB2PeriphResetCmd                   0x08000811   Thumb Code    18  stm32f10x_rcc.o(i.RCC_APB2PeriphResetCmd)
    RCC_GetClocksFreq                        0x08000829   Thumb Code   188  stm32f10x_rcc.o(i.RCC_GetClocksFreq)
    SER_getChar_nb                           0x080008f9   Thumb Code    38  main.o(i.SER_getChar_nb)
    SER_putChar                              0x08000929   Thumb Code    52  main.o(i.SER_putChar)
    SER_putChar1                             0x08000965   Thumb Code    30  main.o(i.SER_putChar1)
    SER_putChar2                             0x08000989   Thumb Code    30  main.o(i.SER_putChar2)
    SPI_Cmd                                  0x080009ad   Thumb Code    20  stm32f10x_spi.o(i.SPI_Cmd)
    SPI_I2S_DeInit                           0x080009c1   Thumb Code    72  stm32f10x_spi.o(i.SPI_I2S_DeInit)
    SPI_I2S_GetFlagStatus                    0x08000a15   Thumb Code    14  stm32f10x_spi.o(i.SPI_I2S_GetFlagStatus)
    SPI_I2S_SendData                         0x08000a23   Thumb Code     4  stm32f10x_spi.o(i.SPI_I2S_SendData)
    SPI_Init                                 0x08000a27   Thumb Code    56  stm32f10x_spi.o(i.SPI_Init)
    STM3210C_LCD_Init                        0x08000a5f   Thumb Code     4  stm32f_arm_kit_lcd.o(i.STM3210C_LCD_Init)
    STM_EVAL_COMInit                         0x08000a65   Thumb Code   170  stm32f_arm_kit.o(i.STM_EVAL_COMInit)
    STM_EVAL_LEDInit                         0x08000b21   Thumb Code    54  stm32f_arm_kit.o(i.STM_EVAL_LEDInit)
    STM_EVAL_LEDOff                          0x08000b61   Thumb Code    16  stm32f_arm_kit.o(i.STM_EVAL_LEDOff)
    SVC_Handler                              0x08000b79   Thumb Code     2  stm32f10x_it.o(i.SVC_Handler)
    SysTick_Handler                          0x08000c35   Thumb Code     4  stm32f10x_it.o(i.SysTick_Handler)
    SystemInit                               0x08000c39   Thumb Code    64  system_stm32f10x.o(i.SystemInit)
    TimingDelay_Decrement                    0x08000c85   Thumb Code    16  main.o(i.TimingDelay_Decrement)
    USART_Cmd                                0x08000c99   Thumb Code    20  stm32f10x_usart.o(i.USART_Cmd)
    USART_GetFlagStatus                      0x08000cad   Thumb Code    14  stm32f10x_usart.o(i.USART_GetFlagStatus)
    USART_Init                               0x08000cbd   Thumb Code   134  stm32f10x_usart.o(i.USART_Init)
    USART_ReceiveData                        0x08000d49   Thumb Code     8  stm32f10x_usart.o(i.USART_ReceiveData)
    USART_SendData                           0x08000d51   Thumb Code     8  stm32f10x_usart.o(i.USART_SendData)
    UsageFault_Handler                       0x08000d59   Thumb Code     2  stm32f10x_it.o(i.UsageFault_Handler)
    __0printf$2                              0x08000d5d   Thumb Code    22  printf2.o(i.__0printf$2)
    __1printf$2                              0x08000d5d   Thumb Code     0  printf2.o(i.__0printf$2)
    __2printf                                0x08000d5d   Thumb Code     0  printf2.o(i.__0printf$2)
    __0sprintf$2                             0x08000d7d   Thumb Code    34  printf2.o(i.__0sprintf$2)
    __1sprintf$2                             0x08000d7d   Thumb Code     0  printf2.o(i.__0sprintf$2)
    __2sprintf                               0x08000d7d   Thumb Code     0  printf2.o(i.__0sprintf$2)
    __scatterload_copy                       0x08000da5   Thumb Code    14  handlers.o(i.__scatterload_copy)
    __scatterload_null                       0x08000db3   Thumb Code     2  handlers.o(i.__scatterload_null)
    __scatterload_zeroinit                   0x08000db5   Thumb Code    14  handlers.o(i.__scatterload_zeroinit)
    fputc                                    0x08000ead   Thumb Code    30  main.o(i.fputc)
    main                                     0x08000ed1   Thumb Code   436  main.o(i.main)
    printUART1                               0x0800121d   Thumb Code    34  main.o(i.printUART1)
    printUART2                               0x0800123f   Thumb Code    34  main.o(i.printUART2)
    SystemFrequency                          0x08001260   Data           4  system_stm32f10x.o(.constdata)
    BUTTON_PIN                               0x08001264   Data           6  stm32f_arm_kit.o(.constdata)
    BUTTON_EXTI_LINE                         0x0800126a   Data           6  stm32f_arm_kit.o(.constdata)
    BUTTON_PORT_SOURCE                       0x08001270   Data           6  stm32f_arm_kit.o(.constdata)
    BUTTON_PIN_SOURCE                        0x08001276   Data           6  stm32f_arm_kit.o(.constdata)
    BUTTON_IRQn                              0x0800127c   Data           6  stm32f_arm_kit.o(.constdata)
    GPIO_PIN                                 0x08001282   Data          16  stm32f_arm_kit.o(.constdata)
    GPIO_CLK                                 0x08001294   Data          32  stm32f_arm_kit.o(.constdata)
    BUTTON_CLK                               0x080012b4   Data          12  stm32f_arm_kit.o(.constdata)
    ASCII_Table                              0x080012c0   Data        4560  stm32f_arm_kit_lcd.o(.constdata)
    Region$$Table$$Base                      0x08002490   Number         0  anon$$obj.o(Region$$Table)
    Region$$Table$$Limit                     0x080024b0   Number         0  anon$$obj.o(Region$$Table)
    GPIO_PORT                                0x20000018   Data          32  stm32f_arm_kit.o(.data)
    BUTTON_PORT                              0x20000038   Data          12  stm32f_arm_kit.o(.data)
    __stdout                                 0x20000048   Data           4  stdout.o(.data)
    USART_InitStructure                      0x2000004c   Data          16  main.o(.bss)
    uart_buf                                 0x2000005c   Data         128  main.o(.bss)
    __initial_sp                             0x200004e0   Data           0  startup_stm32f10x_cl.o(STACK)



==============================================================================

Memory Map of the image

  Image Entry point : 0x08000151

  Load Region LR_IROM1 (Base: 0x08000000, Size: 0x000024fc, Max: 0x00040000, ABSOLUTE)

    Execution Region ER_IROM1 (Base: 0x08000000, Size: 0x000024b0, Max: 0x00040000, ABSOLUTE)

    Base Addr    Size         Type   Attr      Idx    E Section Name        Object

    0x08000000   0x00000150   Data   RO         1450    RESET               startup_stm32f10x_cl.o
    0x08000150   0x00000000   Code   RO         1455  * .ARM.Collect$$$$00000000  entry.o(mc_w.l)
    0x08000150   0x00000004   Code   RO         1719    .ARM.Collect$$$$00000001  entry2.o(mc_w.l)
    0x08000154   0x00000004   Code   RO         1722    .ARM.Collect$$$$00000004  entry5.o(mc_w.l)
    0x08000158   0x00000008   Code   RO         1723    .ARM.Collect$$$$00000007  entry7.o(mc_w.l)
    0x08000160   0x00000004   Code   RO         1720    .ARM.Collect$$$$00002712  entry2.o(mc_w.l)
    0x08000164   0x0000001c   Code   RO         1451    .text               startup_stm32f10x_cl.o
    0x08000180   0x00000024   Code   RO         1740    .text               init.o(mc_w.l)
    0x080001a4   0x00000002   Code   RO            1    i.BusFault_Handler  stm32f10x_it.o
    0x080001a6   0x00000002   Code   RO            2    i.DebugMon_Handler  stm32f10x_it.o
    0x080001a8   0x0000009e   Code   RO          507    i.GPIO_Init         stm32f10x_gpio.o
    0x08000246   0x00000002   PAD
    0x08000248   0x00000048   Code   RO          509    i.GPIO_PinRemapConfig  stm32f10x_gpio.o
    0x08000290   0x0000000a   Code   RO          518    i.GPIO_WriteBit     stm32f10x_gpio.o
    0x0800029a   0x00000002   Code   RO            3    i.HardFault_Handler  stm32f10x_it.o
    0x0800029c   0x00000030   Code   RO         1251    i.LCD_CS_StartByte  stm32f_arm_kit_lcd.o
    0x080002cc   0x00000038   Code   RO         1252    i.LCD_Clear         stm32f_arm_kit_lcd.o
    0x08000304   0x00000018   Code   RO         1254    i.LCD_DisplayChar   stm32f_arm_kit_lcd.o
    0x0800031c   0x0000003c   Code   RO         1257    i.LCD_DisplayStringLine  stm32f_arm_kit_lcd.o
    0x08000358   0x0000006c   Code   RO         1258    i.LCD_DrawChar      stm32f_arm_kit_lcd.o
    0x080003c4   0x00000048   Code   RO         1263    i.LCD_GPIO_Config   stm32f_arm_kit_lcd.o
    0x0800040c   0x0000008c   Code   RO         1266    i.LCD_SPIConfig     stm32f_arm_kit_lcd.o
    0x08000498   0x0000000c   Code   RO         1267    i.LCD_SetBackColor  stm32f_arm_kit_lcd.o
    0x080004a4   0x00000018   Code   RO         1268    i.LCD_SetCursor     stm32f_arm_kit_lcd.o
    0x080004bc   0x0000000c   Code   RO         1270    i.LCD_SetTextColor  stm32f_arm_kit_lcd.o
    0x080004c8   0x00000214   Code   RO         1271    i.LCD_Setup         stm32f_arm_kit_lcd.o
    0x080006dc   0x00000034   Code   RO         1273    i.LCD_WriteRAM      stm32f_arm_kit_lcd.o
    0x08000710   0x00000012   Code   RO         1275    i.LCD_WriteRAM_Prepare  stm32f_arm_kit_lcd.o
    0x08000722   0x00000002   PAD
    0x08000724   0x00000050   Code   RO         1276    i.LCD_WriteReg      stm32f_arm_kit_lcd.o
    0x08000774   0x0000004c   Code   RO         1277    i.LCD_WriteRegIndex  stm32f_arm_kit_lcd.o
    0x080007c0   0x00000002   Code   RO            4    i.MemManage_Handler  stm32f10x_it.o
    0x080007c2   0x00000002   Code   RO            5    i.NMI_Handler       stm32f10x_it.o
    0x080007c4   0x00000002   Code   RO            6    i.PendSV_Handler    stm32f10x_it.o
    0x080007c6   0x00000002   PAD
    0x080007c8   0x00000018   Code   RO          226    i.RCC_APB1PeriphClockCmd  stm32f10x_rcc.o
    0x080007e0   0x00000018   Code   RO          227    i.RCC_APB1PeriphResetCmd  stm32f10x_rcc.o
    0x080007f8   0x00000018   Code   RO          228    i.RCC_APB2PeriphClockCmd  stm32f10x_rcc.o
    0x08000810   0x00000018   Code   RO          229    i.RCC_APB2PeriphResetCmd  stm32f10x_rcc.o
    0x08000828   0x000000d0   Code   RO          236    i.RCC_GetClocksFreq  stm32f10x_rcc.o
    0x080008f8   0x00000030   Code   RO          109    i.SER_getChar_nb    main.o
    0x08000928   0x0000003c   Code   RO          110    i.SER_putChar       main.o
    0x08000964   0x00000024   Code   RO          111    i.SER_putChar1      main.o
    0x08000988   0x00000024   Code   RO          112    i.SER_putChar2      main.o
    0x080009ac   0x00000014   Code   RO          722    i.SPI_Cmd           stm32f10x_spi.o
    0x080009c0   0x00000054   Code   RO          729    i.SPI_I2S_DeInit    stm32f10x_spi.o
    0x08000a14   0x0000000e   Code   RO          730    i.SPI_I2S_GetFlagStatus  stm32f10x_spi.o
    0x08000a22   0x00000004   Code   RO          734    i.SPI_I2S_SendData  stm32f10x_spi.o
    0x08000a26   0x00000038   Code   RO          735    i.SPI_Init          stm32f10x_spi.o
    0x08000a5e   0x00000004   Code   RO         1278    i.STM3210C_LCD_Init  stm32f_arm_kit_lcd.o
    0x08000a62   0x00000002   PAD
    0x08000a64   0x000000bc   Code   RO         1196    i.STM_EVAL_COMInit  stm32f_arm_kit.o
    0x08000b20   0x00000040   Code   RO         1197    i.STM_EVAL_LEDInit  stm32f_arm_kit.o
    0x08000b60   0x00000018   Code   RO         1198    i.STM_EVAL_LEDOff   stm32f_arm_kit.o
    0x08000b78   0x00000002   Code   RO            7    i.SVC_Handler       stm32f10x_it.o
    0x08000b7a   0x00000002   PAD
    0x08000b7c   0x000000b8   Code   RO         1158    i.SetSysClockTo72   system_stm32f10x.o
    0x08000c34   0x00000004   Code   RO            8    i.SysTick_Handler   stm32f10x_it.o
    0x08000c38   0x0000004c   Code   RO         1159    i.SystemInit        system_stm32f10x.o
    0x08000c84   0x00000014   Code   RO          113    i.TimingDelay_Decrement  main.o
    0x08000c98   0x00000014   Code   RO          991    i.USART_Cmd         stm32f10x_usart.o
    0x08000cac   0x0000000e   Code   RO          994    i.USART_GetFlagStatus  stm32f10x_usart.o
    0x08000cba   0x00000002   PAD
    0x08000cbc   0x0000008c   Code   RO          998    i.USART_Init        stm32f10x_usart.o
    0x08000d48   0x00000008   Code   RO         1003    i.USART_ReceiveData  stm32f10x_usart.o
    0x08000d50   0x00000008   Code   RO         1006    i.USART_SendData    stm32f10x_usart.o
    0x08000d58   0x00000002   Code   RO            9    i.UsageFault_Handler  stm32f10x_it.o
    0x08000d5a   0x00000002   PAD
    0x08000d5c   0x00000020   Code   RO         1525    i.__0printf$2       printf2.o(mc_w.l)
    0x08000d7c   0x00000028   Code   RO         1527    i.__0sprintf$2      printf2.o(mc_w.l)
    0x08000da4   0x0000000e   Code   RO         1750    i.__scatterload_copy  handlers.o(mc_w.l)
    0x08000db2   0x00000002   Code   RO         1751    i.__scatterload_null  handlers.o(mc_w.l)
    0x08000db4   0x0000000e   Code   RO         1752    i.__scatterload_zeroinit  handlers.o(mc_w.l)
    0x08000dc2   0x000000ca   Code   RO         1532    i._printf_core      printf2.o(mc_w.l)
    0x08000e8c   0x0000000a   Code   RO         1534    i._sputc            printf2.o(mc_w.l)
    0x08000e96   0x00000002   PAD
    0x08000e98   0x00000014   Code   RO         1281    i.delay             stm32f_arm_kit_lcd.o
    0x08000eac   0x00000024   Code   RO          114    i.fputc             main.o
    0x08000ed0   0x0000034c   Code   RO          115    i.main              main.o
    0x0800121c   0x00000022   Code   RO          116    i.printUART1        main.o
    0x0800123e   0x00000022   Code   RO          117    i.printUART2        main.o
    0x08001260   0x00000004   Data   RO         1160    .constdata          system_stm32f10x.o
    0x08001264   0x0000005c   Data   RO         1203    .constdata          stm32f_arm_kit.o
    0x080012c0   0x000011d0   Data   RO         1282    .constdata          stm32f_arm_kit_lcd.o
    0x08002490   0x00000020   Data   RO         1748    Region$$Table       anon$$obj.o


    Execution Region RW_IRAM1 (Base: 0x20000000, Size: 0x000004e0, Max: 0x00010000, ABSOLUTE)

    Base Addr    Size         Type   Attr      Idx    E Section Name        Object

    0x20000000   0x00000004   Data   RW          119    .data               main.o
    0x20000004   0x00000014   Data   RW          264    .data               stm32f10x_rcc.o
    0x20000018   0x0000002c   Data   RW         1204    .data               stm32f_arm_kit.o
    0x20000044   0x00000004   Data   RW         1283    .data               stm32f_arm_kit_lcd.o
    0x20000048   0x00000004   Data   RW         1724    .data               stdout.o(mc_w.l)
    0x2000004c   0x00000090   Zero   RW          118    .bss                main.o
    0x200000dc   0x00000004   PAD
    0x200000e0   0x00000400   Zero   RW         1448    STACK               startup_stm32f10x_cl.o


==============================================================================

Image component sizes


      Code (inc. data)   RO Data    RW Data    ZI Data      Debug   Object Name

         0          0          0          0          0         20   core_cm3.o
      1148        448          0          4        144     228812   main.o
        28          4        336          0       1024        580   startup_stm32f10x_cl.o
       240          6          0          0          0      24026   stm32f10x_gpio.o
        20          0          0          0          0      28674   stm32f10x_it.o
       304         44          0         20          0      19964   stm32f10x_rcc.o
       178         12          0          0          0      11589   stm32f10x_spi.o
       190          6          0          0          0      11104   stm32f10x_usart.o
       276         36         92         44          0       5698   stm32f_arm_kit.o
      1338         96       4560          4          0      11710   stm32f_arm_kit_lcd.o
       260         28          4          0          0       2233   system_stm32f10x.o

    ----------------------------------------------------------------------
      3996        680       5024         72       1172     344410   Object Totals
         0          0         32          0          0          0   (incl. Generated)
        14          0          0          0          4          0   (incl. Padding)

    ----------------------------------------------------------------------

      Code (inc. data)   RO Data    RW Data    ZI Data      Debug   Library Member Name

         0          0          0          0          0          0   entry.o
         8          4          0          0          0          0   entry2.o
         4          0          0          0          0          0   entry5.o
         8          4          0          0          0          0   entry7.o
        30          0          0          0          0          0   handlers.o
        36          8          0          0          0         68   init.o
       284         16          0          0          0        316   printf2.o
         0          0          0          4          0          0   stdout.o

    ----------------------------------------------------------------------
       372         32          0          4          0        384   Library Totals
         2          0          0          0          0          0   (incl. Padding)

    ----------------------------------------------------------------------

      Code (inc. data)   RO Data    RW Data    ZI Data      Debug   Library Name

       370         32          0          4          0        384   mc_w.l

    ----------------------------------------------------------------------
       372         32          0          4          0        384   Library Totals

    ----------------------------------------------------------------------

==============================================================================


      Code (inc. data)   RO Data    RW Data    ZI Data      Debug   

      4368        712       5024         76       1172     341944   Grand Totals
      4368        712       5024         76       1172     341944   ELF Image Totals
      4368        712       5024         76          0          0   ROM Totals

==============================================================================

    Total RO  Size (Code + RO Data)                 9392 (   9.17kB)
    Total RW  Size (RW Data + ZI Data)              1248 (   1.22kB)
    Total ROM Size (Code + RO Data + RW Data)       9468 (   9.25kB)

==============================================================================

